
> eduvault-hybrid-mvp@1.0.0 test
> vitest --run --reporter=verbose


[1m[46m RUN [49m[22m [36mv4.0.15 [39m[90mC:/Users/vikas/Downloads/EduVault[39m

 [32mΓ£ô[39m src/services/__tests__/ASRService.test.ts[2m > [22mASRService[2m > [22mshould check if ASR is supported[32m 2[2mms[22m[39m
 [32mΓ£ô[39m src/services/__tests__/ASRService.test.ts[2m > [22mASRService[2m > [22mshould initialize with language[32m 2[2mms[22m[39m
 [32mΓ£ô[39m src/services/__tests__/ASRService.test.ts[2m > [22mASRService[2m > [22mshould handle unsupported environment gracefully[32m 0[2mms[22m[39m
node.exe : [90mstderr[2m | src/services/__tests__/TTSService.test.ts[2m > [22m[2mTTSService[2m > 
[22m[2mspeak[2m > [22m[2mshould_speak_text_successfully
At line:1 char:1
+ & "C:\Program Files\nodejs/node.exe" "C:\Program Files\nodejs/node_mo ...
+ ~~~~~~~~~~~~~~~~~~~~~~~~~~~~~~~~~~~~~~~~~~~~~~~~~~~~~~~~~~~~~~~~~~~~~
    + CategoryInfo          : NotSpecified: ([90mstderr[2m...xt_successfully:String) [], RemoteException
    + FullyQualifiedErrorId : NativeCommandError
 
[22m[39m[vitest] The vi.fn() mock did not use 'function' or 'class' in its implementation, see 
https://vitest.dev/api/vi#vi-spyon for examples.

[90mstderr[2m | src/services/__tests__/TTSService.test.ts[2m > [22m[2mTTSService[2m > [22m[2mspeak[2m > 
[22m[2mshould_handle_hindi_language_correctly
[22m[39m[vitest] The vi.fn() mock did not use 'function' or 'class' in its implementation, see 
https://vitest.dev/api/vi#vi-spyon for examples.

[90mstderr[2m | src/services/__tests__/TTSService.test.ts[2m > [22m[2mTTSService[2m > [22m[2mspeak[2m > 
[22m[2mshould_use_default_options_when_none_provided
[22m[39m[vitest] The vi.fn() mock did not use 'function' or 'class' in its implementation, see 
https://vitest.dev/api/vi#vi-spyon for examples.

[90mstderr[2m | src/services/__tests__/TTSService.test.ts[2m > [22m[2mTTSService[2m > [22m[2mspeak[2m > 
[22m[2mshould_handle_speech_errors
[22m[39m[vitest] The vi.fn() mock did not use 'function' or 'class' in its implementation, see 
https://vitest.dev/api/vi#vi-spyon for examples.

 [32mΓ£ô[39m src/utils/__tests__/IndexedDBManager.test.ts[2m > [22mIndexedDBManager[2m > [22mshould initialize database[32m 3[2mms[22m[39m
 [32mΓ£ô[39m src/utils/__tests__/IndexedDBManager.test.ts[2m > [22mIndexedDBManager[2m > [22mshould save and retrieve lesson[32m 3[2mms[22m[39m
 [32mΓ£ô[39m src/utils/__tests__/IndexedDBManager.test.ts[2m > [22mIndexedDBManager[2m > [22mshould save and retrieve progress[32m 1[2mms[22m[39m
[90mstderr[2m | src/services/__tests__/TTSService.test.ts[2m > [22m[2mTTSService[2m > [22m[2mspeak[2m > 
[22m[2mshould_throw_error_when_speech_synthesis_not_supported
[22m[39m[vitest] The vi.fn() mock did not use 'function' or 'class' in its implementation, see 
https://vitest.dev/api/vi#vi-spyon for examples.

[90mstderr[2m | src/services/__tests__/TTSService.test.ts[2m > [22m[2mTTSService[2m > [22m[2mspeak[2m > 
[22m[2mshould_stop_previous_speech_before_starting_new
[22m[39m[vitest] The vi.fn() mock did not use 'function' or 'class' in its implementation, see 
https://vitest.dev/api/vi#vi-spyon for examples.
[vitest] The vi.fn() mock did not use 'function' or 'class' in its implementation, see 
https://vitest.dev/api/vi#vi-spyon for examples.

[90mstderr[2m | src/services/__tests__/TTSService.test.ts[2m > [22m[2mTTSService[2m > 
[22m[2mplayAudioFile[2m > [22m[2mshould_play_audio_file_successfully
[22m[39m[vitest] The vi.fn() mock did not use 'function' or 'class' in its implementation, see 
https://vitest.dev/api/vi#vi-spyon for examples.

[90mstderr[2m | src/services/__tests__/TTSService.test.ts[2m > [22m[2mTTSService[2m > 
[22m[2mplayAudioFile[2m > [22m[2mshould_handle_audio_playback_errors
[22m[39m[vitest] The vi.fn() mock did not use 'function' or 'class' in its implementation, see 
https://vitest.dev/api/vi#vi-spyon for examples.

[90mstderr[2m | src/services/__tests__/TTSService.test.ts[2m > [22m[2mTTSService[2m > 
[22m[2mplayAudioFile[2m > [22m[2mshould_handle_audio_element_errors
[22m[39m[vitest] The vi.fn() mock did not use 'function' or 'class' in its implementation, see 
https://vitest.dev/api/vi#vi-spyon for examples.

[90mstderr[2m | src/services/__tests__/TTSService.test.ts[2m > [22m[2mTTSService[2m > 
[22m[2mgenerateAudioBlob[2m > [22m[2mshould_generate_audio_blob_successfully
[22m[39m[vitest] The vi.fn() mock did not use 'function' or 'class' in its implementation, see 
https://vitest.dev/api/vi#vi-spyon for examples.

[90mstderr[2m | src/services/__tests__/TTSService.test.ts[2m > [22m[2mTTSService[2m > 
[22m[2mgenerateAudioBlob[2m > [22m[2mshould_handle_audio_generation_errors
[22m[39m[vitest] The vi.fn() mock did not use 'function' or 'class' in its implementation, see 
https://vitest.dev/api/vi#vi-spyon for examples.

[90mstderr[2m | src/services/__tests__/TTSService.test.ts[2m > [22m[2mTTSService[2m > 
[22m[2mgenerateAudioBlob[2m > [22m[2mshould_throw_error_when_speech_synthesis_not_supported
[22m[39m[vitest] The vi.fn() mock did not use 'function' or 'class' in its implementation, see 
https://vitest.dev/api/vi#vi-spyon for examples.

 [31m├ù[39m src/services/__tests__/TTSService.test.ts[2m > [22mTTSService[2m > [22mspeak[2m > [22mshould_speak_text_successfully[32m 8[2mms[22m[39m
[31m   ΓåÆ () => mockSpeechSynthesisUtterance is not a constructor[39m
 [31m├ù[39m src/services/__tests__/TTSService.test.ts[2m > [22mTTSService[2m > [22mspeak[2m > [22mshould_handle_hindi_language_correctly[32m 1[2mms[22m[39m
[31m   ΓåÆ () => mockSpeechSynthesisUtterance is not a constructor[39m
 [31m├ù[39m src/services/__tests__/TTSService.test.ts[2m > [22mTTSService[2m > [22mspeak[2m > [22mshould_use_default_options_when_none_provided[32m 1[2mms[22m[39m
[31m   ΓåÆ () => mockSpeechSynthesisUtterance is not a constructor[39m
 [31m├ù[39m src/services/__tests__/TTSService.test.ts[2m > [22mTTSService[2m > [22mspeak[2m > [22mshould_handle_speech_errors[32m 9[2mms[22m[39m
[31m   ΓåÆ expected [Function] to throw error including 'TTS error: synthesis-failed' but got '() => mockSpeechSynthesisUtterance isΓÇª'[39m
 [31m├ù[39m src/services/__tests__/TTSService.test.ts[2m > [22mTTSService[2m > [22mspeak[2m > [22mshould_throw_error_when_speech_synthesis_not_supported[32m 3[2mms[22m[39m
[31m   ΓåÆ expected [Function] to throw error including 'Text-to-speech not supported' but got '() => mockSpeechSynthesisUtterance isΓÇª'[39m
 [31m├ù[39m src/services/__tests__/TTSService.test.ts[2m > [22mTTSService[2m > [22mspeak[2m > [22mshould_stop_previous_speech_before_starting_new[32m 1[2mms[22m[39m
[31m   ΓåÆ () => mockSpeechSynthesisUtterance is not a constructor[39m
 [31m├ù[39m src/services/__tests__/TTSService.test.ts[2m > [22mTTSService[2m > [22mstop[2m > [22mshould_stop_speech_synthesis[32m 1[2mms[22m[39m
[31m   ΓåÆ expected "vi.fn()" to be called at least once[39m
 [32mΓ£ô[39m src/services/__tests__/TTSService.test.ts[2m > [22mTTSService[2m > [22mstop[2m > [22mshould_stop_audio_element_when_present[32m 1[2mms[22m[39m
 [32mΓ£ô[39m src/services/__tests__/TTSService.test.ts[2m > [22mTTSService[2m > [22misSupported[2m > [22mshould_return_true_when_speech_synthesis_available[32m 1[2mms[22m[39m
 [31m├ù[39m src/services/__tests__/TTSService.test.ts[2m > [22mTTSService[2m > [22misSupported[2m > [22mshould_return_false_when_speech_synthesis_not_available[32m 4[2mms[22m[39m
[31m   ΓåÆ expected true to be false // Object.is equality[39m
 [31m├ù[39m src/services/__tests__/TTSService.test.ts[2m > [22mTTSService[2m > [22mplayAudioFile[2m > [22mshould_play_audio_file_successfully[32m 1[2mms[22m[39m
[31m   ΓåÆ () => mockAudioElement is not a constructor[39m
 [31m├ù[39m src/services/__tests__/TTSService.test.ts[2m > [22mTTSService[2m > [22mplayAudioFile[2m > [22mshould_handle_audio_playback_errors[32m 3[2mms[22m[39m
[31m   ΓåÆ expected [Function] to throw error including 'Playback failed' but got '() => mockAudioElement is not a constΓÇª'[39m
 [31m├ù[39m src/services/__tests__/TTSService.test.ts[2m > [22mTTSService[2m > [22mplayAudioFile[2m > [22mshould_handle_audio_element_errors[32m 2[2mms[22m[39m
[31m   ΓåÆ expected [Function] to throw error including 'Audio playback error: Audio error' but got '() => mockAudioElement is not a constΓÇª'[39m
 [31m├ù[39m src/services/__tests__/TTSService.test.ts[2m > [22mTTSService[2m > [22mgenerateAudioBlob[2m > [22mshould_generate_audio_blob_successfully[32m 1[2mms[22m[39m
[31m   ΓåÆ () => mockSpeechSynthesisUtterance is not a constructor[39m
 [31m├ù[39m src/services/__tests__/TTSService.test.ts[2m > [22mTTSService[2m > [22mgenerateAudioBlob[2m > [22mshould_handle_audio_generation_errors[32m 2[2mms[22m[39m
[31m   ΓåÆ expected [Function] to throw error including 'TTS error: synthesis-failed' but got '() => mockSpeechSynthesisUtterance isΓÇª'[39m
 [31m├ù[39m src/services/__tests__/TTSService.test.ts[2m > [22mTTSService[2m > [22mgenerateAudioBlob[2m > [22mshould_throw_error_when_speech_synthesis_not_supported[32m 2[2mms[22m[39m
[31m   ΓåÆ expected [Function] to throw error including 'Text-to-speech not supported' but got '() => mockSpeechSynthesisUtterance isΓÇª'[39m
 [31m├ù[39m src/services/__tests__/TTSService.test.ts[2m > [22mTTSService[2m > [22mgetAvailableVoices[2m > [22mshould_return_available_voices[32m 5[2mms[22m[39m
[31m   ΓåÆ expected [ { ΓÇª(5) }, { ΓÇª(5) } ] to deeply equal [ { ΓÇª(3) }, { ΓÇª(3) } ][39m
 [31m├ù[39m src/services/__tests__/TTSService.test.ts[2m > [22mTTSService[2m > [22mgetAvailableVoices[2m > [22mshould_return_empty_array_when_speech_synthesis_not_available[32m 2[2mms[22m[39m
[31m   ΓåÆ expected [ { ΓÇª(5) }, { ΓÇª(5) } ] to deeply equal [][39m
 [32mΓ£ô[39m src/services/__tests__/TTSService.test.ts[2m > [22mTTSService[2m > [22mgetPreferredVoice[2m > [22mshould_return_preferred_voice_for_language[32m 0[2mms[22m[39m
 [31m├ù[39m src/services/__tests__/TTSService.test.ts[2m > [22mTTSService[2m > [22mgetPreferredVoice[2m > [22mshould_return_null_when_no_voice_found_for_language[32m 1[2mms[22m[39m
[31m   ΓåÆ expected { voiceURI: 'hi-IN-Standard-A', ΓÇª(4) } to be null[39m
 [31m├ù[39m src/services/__tests__/TTSService.test.ts[2m > [22mTTSService[2m > [22mgetPreferredVoice[2m > [22mshould_return_null_when_speech_synthesis_not_available[32m 1[2mms[22m[39m
[31m   ΓåÆ expected { voiceURI: 'en-US-Standard-A', ΓÇª(4) } to be null[39m
 [32mΓ£ô[39m src/services/__tests__/TTSService.test.ts[2m > [22mTTSService[2m > [22mspeakBrandIntro[2m > [22mshould_speak_english_brand_intro[32m 1[2mms[22m[39m
 [32mΓ£ô[39m src/services/__tests__/TTSService.test.ts[2m > [22mTTSService[2m > [22mspeakBrandIntro[2m > [22mshould_speak_hindi_brand_intro[32m 0[2mms[22m[39m
 [32mΓ£ô[39m src/services/__tests__/TTSService.test.ts[2m > [22mTTSService[2m > [22mspeakBrandIntro[2m > [22mshould_default_to_english_when_no_language_specified[32m 0[2mms[22m[39m
[90mstderr[2m | src/services/__tests__/ContentManager.test.ts[2m > [22m[2mContentManager[2m > 
[22m[2msyncFromSource[2m > [22m[2mshould_throw_error_for_unsupported_source
[22m[39mFailed to sync from Custom: Error: Unsupported content source: Custom
    at ContentManager.syncFromSource (C:/Users/vikas/Downloads/EduVault/src/services/ContentManager.ts:54:17)
    at C:/Users/vikas/Downloads/EduVault/src/services/__tests__/ContentManager.test.ts:89:35
    at [90mfile:///C:/Users/vikas/Downloads/EduVault/[39mnode_modules/[4m@vitest[24m/runner/dist/index.js:145:11
    at [90mfile:///C:/Users/vikas/Downloads/EduVault/[39mnode_modules/[4m@vitest[24m/runner/dist/index.js:915:26
    at [90mfile:///C:/Users/vikas/Downloads/EduVault/[39mnode_modules/[4m@vitest[24m/runner/dist/index.js:1240:20
    at new Promise (<anonymous>)
    at runWithTimeout [90m(file:///C:/Users/vikas/Downloads/EduVault/[39mnode_modules/[4m@vitest[24m/runner/dist/i
ndex.js:1206:10[90m)[39m
    at [90mfile:///C:/Users/vikas/Downloads/EduVault/[39mnode_modules/[4m@vitest[24m/runner/dist/index.js:1650:37
    at Traces.$ [90m(file:///C:/Users/vikas/Downloads/EduVault/[39mnode_modules/[4mvitest[24m/dist/chunks/traces.U
4xDYhzZ.js:115:27[90m)[39m
    at trace [90m(file:///C:/Users/vikas/Downloads/EduVault/[39mnode_modules/[4mvitest[24m/dist/chunks/test.BT8LKg
U9.js:239:21[90m)[39m

[90mstderr[2m | src/services/__tests__/ContentManager.test.ts[2m > [22m[2mContentManager[2m > 
[22m[2msyncFromSource[2m > [22m[2mshould_handle_network_errors_during_fetch
[22m[39mFailed to sync from NCERT: Error: Network error
    at C:/Users/vikas/Downloads/EduVault/src/services/__tests__/ContentManager.test.ts:96:80
    at [90mfile:///C:/Users/vikas/Downloads/EduVault/[39mnode_modules/[4m@vitest[24m/runner/dist/index.js:145:11
    at [90mfile:///C:/Users/vikas/Downloads/EduVault/[39mnode_modules/[4m@vitest[24m/runner/dist/index.js:915:26
    at [90mfile:///C:/Users/vikas/Downloads/EduVault/[39mnode_modules/[4m@vitest[24m/runner/dist/index.js:1240:20
    at new Promise (<anonymous>)
    at runWithTimeout [90m(file:///C:/Users/vikas/Downloads/EduVault/[39mnode_modules/[4m@vitest[24m/runner/dist/i
ndex.js:1206:10[90m)[39m
    at [90mfile:///C:/Users/vikas/Downloads/EduVault/[39mnode_modules/[4m@vitest[24m/runner/dist/index.js:1650:37
    at Traces.$ [90m(file:///C:/Users/vikas/Downloads/EduVault/[39mnode_modules/[4mvitest[24m/dist/chunks/traces.U
4xDYhzZ.js:115:27[90m)[39m
    at trace [90m(file:///C:/Users/vikas/Downloads/EduVault/[39mnode_modules/[4mvitest[24m/dist/chunks/test.BT8LKg
U9.js:239:21[90m)[39m
    at runTest [90m(file:///C:/Users/vikas/Downloads/EduVault/[39mnode_modules/[4m@vitest[24m/runner/dist/index.js
:1650:12[90m)[39m

[90mstderr[2m | src/services/__tests__/ContentManager.test.ts[2m > [22m[2mContentManager[2m > 
[22m[2mvalidateContent[2m > [22m[2mshould_handle_validation_errors_gracefully
[22m[39mContent validation failed: TypeError: Cannot read properties of null (reading 'id')
    at ContentManager.validateContent (C:/Users/vikas/Downloads/EduVault/src/services/ContentManager.ts:305:19)
    at C:/Users/vikas/Downloads/EduVault/src/services/__tests__/ContentManager.test.ts:180:43
    at [90mfile:///C:/Users/vikas/Downloads/EduVault/[39mnode_modules/[4m@vitest[24m/runner/dist/index.js:145:11
    at [90mfile:///C:/Users/vikas/Downloads/EduVault/[39mnode_modules/[4m@vitest[24m/runner/dist/index.js:915:26
    at [90mfile:///C:/Users/vikas/Downloads/EduVault/[39mnode_modules/[4m@vitest[24m/runner/dist/index.js:1240:20
    at new Promise (<anonymous>)
    at runWithTimeout [90m(file:///C:/Users/vikas/Downloads/EduVault/[39mnode_modules/[4m@vitest[24m/runner/dist/i
ndex.js:1206:10[90m)[39m
    at [90mfile:///C:/Users/vikas/Downloads/EduVault/[39mnode_modules/[4m@vitest[24m/runner/dist/index.js:1650:37
    at Traces.$ [90m(file:///C:/Users/vikas/Downloads/EduVault/[39mnode_modules/[4mvitest[24m/dist/chunks/traces.U
4xDYhzZ.js:115:27[90m)[39m
    at trace [90m(file:///C:/Users/vikas/Downloads/EduVault/[39mnode_modules/[4mvitest[24m/dist/chunks/test.BT8LKg
U9.js:239:21[90m)[39m

 [31m├ù[39m src/services/__tests__/ContentManager.test.ts[2m > [22mContentManager[2m > [22msyncFromSource[2m > [22mshould_sync_ncert_content_successfully[32m 5[2mms[22m[39m
[31m   ΓåÆ mockTTSService.generateAudioBlob.mockResolvedValueOnce is not a function[39m
 [31m├ù[39m src/services/__tests__/ContentManager.test.ts[2m > [22mContentManager[2m > [22msyncFromSource[2m > [22mshould_handle_sync_failures_gracefully[32m 1[2mms[22m[39m
[31m   ΓåÆ mockLessonEngine.saveLesson.mockRejectedValueOnce is not a function[39m
 [32mΓ£ô[39m src/services/__tests__/ContentManager.test.ts[2m > [22mContentManager[2m > [22msyncFromSource[2m > [22mshould_throw_error_for_unsupported_source[32m 6[2mms[22m[39m
 [32mΓ£ô[39m src/services/__tests__/ContentManager.test.ts[2m > [22mContentManager[2m > [22msyncFromSource[2m > [22mshould_handle_network_errors_during_fetch[32m 2[2mms[22m[39m
 [32mΓ£ô[39m src/services/__tests__/ContentManager.test.ts[2m > [22mContentManager[2m > [22mvalidateContent[2m > [22mshould_validate_valid_lesson_successfully[32m 1[2mms[22m[39m
 [32mΓ£ô[39m src/services/__tests__/ContentManager.test.ts[2m > [22mContentManager[2m > [22mvalidateContent[2m > [22mshould_reject_lesson_without_required_fields[32m 0[2mms[22m[39m
 [32mΓ£ô[39m src/services/__tests__/ContentManager.test.ts[2m > [22mContentManager[2m > [22mvalidateContent[2m > [22mshould_reject_lesson_with_invalid_content_structure[32m 0[2mms[22m[39m
 [32mΓ£ô[39m src/services/__tests__/ContentManager.test.ts[2m > [22mContentManager[2m > [22mvalidateContent[2m > [22mshould_reject_lesson_with_invalid_quiz_questions[32m 0[2mms[22m[39m
 [32mΓ£ô[39m src/services/__tests__/ContentManager.test.ts[2m > [22mContentManager[2m > [22mvalidateContent[2m > [22mshould_handle_validation_errors_gracefully[32m 2[2mms[22m[39m
 [31m├ù[39m src/services/__tests__/ContentManager.test.ts[2m > [22mContentManager[2m > [22msearchContent[2m > [22mshould_search_lessons_by_text_query[32m 1[2mms[22m[39m
[31m   ΓåÆ mockLessonEngine.getAllLessons.mockResolvedValue is not a function[39m
 [31m├ù[39m src/services/__tests__/ContentManager.test.ts[2m > [22mContentManager[2m > [22msearchContent[2m > [22mshould_filter_lessons_by_subject[32m 1[2mms[22m[39m
[31m   ΓåÆ mockLessonEngine.getAllLessons.mockResolvedValue is not a function[39m
 [31m├ù[39m src/services/__tests__/ContentManager.test.ts[2m > [22mContentManager[2m > [22msearchContent[2m > [22mshould_filter_lessons_by_grade[32m 0[2mms[22m[39m
[31m   ΓåÆ mockLessonEngine.getAllLessons.mockResolvedValue is not a function[39m
 [31m├ù[39m src/services/__tests__/ContentManager.test.ts[2m > [22mContentManager[2m > [22msearchContent[2m > [22mshould_filter_lessons_by_difficulty[32m 0[2mms[22m[39m
[31m   ΓåÆ mockLessonEngine.getAllLessons.mockResolvedValue is not a function[39m
 [31m├ù[39m src/services/__tests__/ContentManager.test.ts[2m > [22mContentManager[2m > [22msearchContent[2m > [22mshould_filter_lessons_by_audio_availability[32m 0[2mms[22m[39m
[31m   ΓåÆ mockLessonEngine.getAllLessons.mockResolvedValue is not a function[39m
 [31m├ù[39m src/services/__tests__/ContentManager.test.ts[2m > [22mContentManager[2m > [22msearchContent[2m > [22mshould_combine_multiple_filters[32m 0[2mms[22m[39m
[31m   ΓåÆ mockLessonEngine.getAllLessons.mockResolvedValue is not a function[39m
 [31m├ù[39m src/services/__tests__/ContentManager.test.ts[2m > [22mContentManager[2m > [22msearchContent[2m > [22mshould_return_empty_array_when_no_matches[32m 0[2mms[22m[39m
[31m   ΓåÆ mockLessonEngine.getAllLessons.mockResolvedValue is not a function[39m
 [31m├ù[39m src/services/__tests__/ContentManager.test.ts[2m > [22mContentManager[2m > [22mgenerateAudio[2m > [22mshould_generate_audio_successfully[32m 0[2mms[22m[39m
[31m   ΓåÆ mockTTSService.generateAudioBlob.mockResolvedValueOnce is not a function[39m
 [31m├ù[39m src/services/__tests__/ContentManager.test.ts[2m > [22mContentManager[2m > [22mgenerateAudio[2m > [22mshould_handle_audio_generation_failure[32m 0[2mms[22m[39m
[31m   ΓåÆ mockTTSService.generateAudioBlob.mockRejectedValueOnce is not a function[39m
 [31m├ù[39m src/services/__tests__/ContentManager.test.ts[2m > [22mContentManager[2m > [22mupdateContentMetadata[2m > [22mshould_update_lesson_metadata_successfully[32m 0[2mms[22m[39m
[31m   ΓåÆ mockLessonEngine.getLesson.mockResolvedValueOnce is not a function[39m
 [31m├ù[39m src/services/__tests__/ContentManager.test.ts[2m > [22mContentManager[2m > [22mupdateContentMetadata[2m > [22mshould_throw_error_when_lesson_not_found[32m 0[2mms[22m[39m
[31m   ΓåÆ mockLessonEngine.getLesson.mockResolvedValueOnce is not a function[39m
 [31m├ù[39m src/services/__tests__/ContentManager.test.ts[2m > [22mContentManager[2m > [22mconvertNCERTToLesson[2m > [22mshould_convert_ncert_content_to_lesson_format[32m 0[2mms[22m[39m
[31m   ΓåÆ mockTTSService.generateAudioBlob.mockResolvedValueOnce is not a function[39m
 [32mΓ£ô[39m src/services/__tests__/ContentManager.test.ts[2m > [22mContentManager[2m > [22mhelper methods[2m > [22mshould_estimate_reading_time_correctly[32m 1[2mms[22m[39m
 [32mΓ£ô[39m src/services/__tests__/ContentManager.test.ts[2m > [22mContentManager[2m > [22mhelper methods[2m > [22mshould_map_exercise_type_to_question_type_correctly[32m 0[2mms[22m[39m
 [32mΓ£ô[39m src/services/__tests__/ContentManager.test.ts[2m > [22mContentManager[2m > [22mhelper methods[2m > [22mshould_calculate_points_based_on_difficulty[32m 0[2mms[22m[39m
 [32mΓ£ô[39m src/services/__tests__/ContentManager.test.ts[2m > [22mContentManager[2m > [22mhelper methods[2m > [22mshould_assess_difficulty_correctly[32m 0[2mms[22m[39m
 [32mΓ£ô[39m src/components/__tests__/LanguageSelector.test.tsx[2m > [22mLanguageSelector[2m > [22mrenders with current language[32m 25[2mms[22m[39m
 [32mΓ£ô[39m src/components/__tests__/LanguageSelector.test.tsx[2m > [22mLanguageSelector[2m > [22mcalls onLanguageChange when selection changes[32m 8[2mms[22m[39m
 [31m├ù[39m src/components/__tests__/LanguageSelector.test.tsx[2m > [22mLanguageSelector[2m > [22mdisplays both language options[32m 8[2mms[22m[39m
[31m   ΓåÆ Unable to find an element with the text: English. This could be because the text is broken up by multiple elements. In this case, you can provide a function for your text matcher to make your matcher more flexible.

Ignored nodes: comments, script, style
[36m<body>[31m
  [36m<div>[31m
    [36m<div[31m
      [33maria-label[31m=[32m"Language selection"[31m
      [33mclass[31m=[32m"flex items-center gap-2"[31m
      [33mrole[31m=[32m"group"[31m
    [36m>[31m
      [36m<label[31m
        [33mclass[31m=[32m"font-semibold text-gray-700"[31m
        [33mfor[31m=[32m"language-select"[31m
      [36m>[31m
        [0mαñ¡αñ╛αñ╖αñ╛ / Language:[0m
      [36m</label>[31m
      [36m<select[31m
        [33maria-label[31m=[32m"Select language"[31m
        [33mclass[31m=[32m"px-4 py-2 border border-primary-200 rounded-lg focus:ring-2 focus:ring-accent-500 bg-white font-medium shadow-sm"[31m
        [33mid[31m=[32m"language-select"[31m
      [36m>[31m
        [36m<option[31m
          [33mvalue[31m=[32m"en"[31m
        [36m>[31m
          [0m≡ƒç«≡ƒç│ English[0m
        [36m</option>[31m
        [36m<option[31m
          [33mvalue[31m=[32m"hi"[31m
        [36m>[31m
          [0m≡ƒç«≡ƒç│ αñ╣αñ┐αñéαñªαÑÇ[0m
        [36m</option>[31m
      [36m</select>[31m
    [36m</div>[31m
  [36m</div>[31m
[36m</body>[31m[39m
 [31m├ù[39m src/components/__tests__/ContentSyncComponent.test.tsx[2m > [22mContentSyncComponent[2m > [22mrendering[2m > [22mshould_render_sync_interface_correctly[32m 6[2mms[22m[39m
[31m   ΓåÆ global.localStorage.getItem.mockReturnValue is not a function[39m
 [31m├ù[39m src/components/__tests__/ContentSyncComponent.test.tsx[2m > [22mContentSyncComponent[2m > [22mrendering[2m > [22mshould_show_online_status[32m 1[2mms[22m[39m
[31m   ΓåÆ global.localStorage.getItem.mockReturnValue is not a function[39m
 [31m├ù[39m src/components/__tests__/ContentSyncComponent.test.tsx[2m > [22mContentSyncComponent[2m > [22mrendering[2m > [22mshould_show_offline_status_when_offline[32m 1[2mms[22m[39m
[31m   ΓåÆ global.localStorage.getItem.mockReturnValue is not a function[39m
 [31m├ù[39m src/components/__tests__/ContentSyncComponent.test.tsx[2m > [22mContentSyncComponent[2m > [22msource selection[2m > [22mshould_select_ncert_by_default[32m 0[2mms[22m[39m
[31m   ΓåÆ global.localStorage.getItem.mockReturnValue is not a function[39m
 [31m├ù[39m src/components/__tests__/ContentSyncComponent.test.tsx[2m > [22mContentSyncComponent[2m > [22msource selection[2m > [22mshould_allow_source_selection[32m 0[2mms[22m[39m
[31m   ΓåÆ global.localStorage.getItem.mockReturnValue is not a function[39m
 [31m├ù[39m src/components/__tests__/ContentSyncComponent.test.tsx[2m > [22mContentSyncComponent[2m > [22msource selection[2m > [22mshould_disable_selection_when_offline[32m 0[2mms[22m[39m
[31m   ΓåÆ global.localStorage.getItem.mockReturnValue is not a function[39m
 [31m├ù[39m src/components/__tests__/ContentSyncComponent.test.tsx[2m > [22mContentSyncComponent[2m > [22msync functionality[2m > [22mshould_sync_successfully[32m 0[2mms[22m[39m
[31m   ΓåÆ global.localStorage.getItem.mockReturnValue is not a function[39m
 [31m├ù[39m src/components/__tests__/ContentSyncComponent.test.tsx[2m > [22mContentSyncComponent[2m > [22msync functionality[2m > [22mshould_handle_sync_failures[32m 0[2mms[22m[39m
[31m   ΓåÆ global.localStorage.getItem.mockReturnValue is not a function[39m
 [31m├ù[39m src/components/__tests__/ContentSyncComponent.test.tsx[2m > [22mContentSyncComponent[2m > [22msync functionality[2m > [22mshould_handle_sync_errors[32m 0[2mms[22m[39m
[31m   ΓåÆ global.localStorage.getItem.mockReturnValue is not a function[39m
 [31m├ù[39m src/components/__tests__/ContentSyncComponent.test.tsx[2m > [22mContentSyncComponent[2m > [22msync functionality[2m > [22mshould_show_syncing_state[32m 0[2mms[22m[39m
[31m   ΓåÆ global.localStorage.getItem.mockReturnValue is not a function[39m
 [31m├ù[39m src/components/__tests__/ContentSyncComponent.test.tsx[2m > [22mContentSyncComponent[2m > [22msync functionality[2m > [22mshould_show_alert_when_offline[32m 0[2mms[22m[39m
[31m   ΓåÆ global.localStorage.getItem.mockReturnValue is not a function[39m
 [31m├ù[39m src/components/__tests__/ContentSyncComponent.test.tsx[2m > [22mContentSyncComponent[2m > [22mlast sync time[2m > [22mshould_display_last_sync_time_from_localStorage[32m 0[2mms[22m[39m
[31m   ΓåÆ global.localStorage.getItem.mockReturnValue is not a function[39m
 [31m├ù[39m src/components/__tests__/ContentSyncComponent.test.tsx[2m > [22mContentSyncComponent[2m > [22mlast sync time[2m > [22mshould_save_sync_time_to_localStorage[32m 0[2mms[22m[39m
[31m   ΓåÆ global.localStorage.getItem.mockReturnValue is not a function[39m
 [31m├ù[39m src/components/__tests__/ContentSyncComponent.test.tsx[2m > [22mContentSyncComponent[2m > [22msync status display[2m > [22mshould_show_success_status_with_green_icon[32m 0[2mms[22m[39m
[31m   ΓåÆ global.localStorage.getItem.mockReturnValue is not a function[39m
 [31m├ù[39m src/components/__tests__/ContentSyncComponent.test.tsx[2m > [22mContentSyncComponent[2m > [22msync status display[2m > [22mshould_show_warning_status_with_yellow_icon[32m 0[2mms[22m[39m
[31m   ΓåÆ global.localStorage.getItem.mockReturnValue is not a function[39m
 [31m├ù[39m src/components/__tests__/ContentSyncComponent.test.tsx[2m > [22mContentSyncComponent[2m > [22msync status display[2m > [22mshould_display_sync_statistics[32m 0[2mms[22m[39m
[31m   ΓåÆ global.localStorage.getItem.mockReturnValue is not a function[39m
 [31m├ù[39m src/components/__tests__/ContentSyncComponent.test.tsx[2m > [22mContentSyncComponent[2m > [22minformation section[2m > [22mshould_display_sync_information[32m 0[2mms[22m[39m
[31m   ΓåÆ global.localStorage.getItem.mockReturnValue is not a function[39m
 [31m├ù[39m src/components/__tests__/ContentSyncComponent.test.tsx[2m > [22mContentSyncComponent[2m > [22maccessibility[2m > [22mshould_have_proper_aria_labels[32m 0[2mms[22m[39m
[31m   ΓåÆ global.localStorage.getItem.mockReturnValue is not a function[39m
 [31m├ù[39m src/components/__tests__/ContentSyncComponent.test.tsx[2m > [22mContentSyncComponent[2m > [22maccessibility[2m > [22mshould_be_keyboard_navigable[32m 0[2mms[22m[39m
[31m   ΓåÆ global.localStorage.getItem.mockReturnValue is not a function[39m
 [31m├ù[39m src/components/__tests__/ContentSyncComponent.test.tsx[2m > [22mContentSyncComponent[2m > [22merror handling[2m > [22mshould_handle_network_errors_gracefully[32m 0[2mms[22m[39m
[31m   ΓåÆ global.localStorage.getItem.mockReturnValue is not a function[39m
 [31m├ù[39m src/components/__tests__/ContentSyncComponent.test.tsx[2m > [22mContentSyncComponent[2m > [22merror handling[2m > [22mshould_handle_unknown_errors[32m 0[2mms[22m[39m
[31m   ΓåÆ global.localStorage.getItem.mockReturnValue is not a function[39m
 [31m├ù[39m src/components/__tests__/ContentSyncComponent.test.tsx[2m > [22mContentSyncComponent[2m > [22mcomponent lifecycle[2m > [22mshould_load_last_sync_time_on_mount[32m 0[2mms[22m[39m
[31m   ΓåÆ global.localStorage.getItem.mockReturnValue is not a function[39m
 [31m├ù[39m src/components/__tests__/ContentSyncComponent.test.tsx[2m > [22mContentSyncComponent[2m > [22mcomponent lifecycle[2m > [22mshould_not_call_onSyncComplete_when_not_provided[32m 0[2mms[22m[39m
[31m   ΓåÆ global.localStorage.getItem.mockReturnValue is not a function[39m
 [31m├ù[39m src/components/__tests__/EnhancedQuizComponent.test.tsx[2m > [22mEnhancedQuizComponent[2m > [22mrendering[2m > [22mshould_render_quiz_interface_correctly[32m 43[2mms[22m[39m
[31m   ΓåÆ Unable to find an element with the text: Question 1 of 3. This could be because the text is broken up by multiple elements. In this case, you can provide a function for your text matcher to make your matcher more flexible.

Ignored nodes: comments, script, style
[36m<body>[31m
  [36m<div>[31m
    [36m<div[31m
      [33mclass[31m=[32m"space-y-6"[31m
    [36m>[31m
      [36m<div[31m
        [33mclass[31m=[32m"space-y-2"[31m
      [36m>[31m
        [36m<div[31m
          [33mclass[31m=[32m"flex justify-between text-sm text-gray-600"[31m
        [36m>[31m
          [36m<span>[31m
            [0mQuestion[0m
            [0m1[0m
            [0m [0m
            [0mof[0m
            [0m3[0m
          [36m</span>[31m
          [36m<div[31m
            [33mclass[31m=[32m"flex gap-4"[31m
          [36m>[31m
            [36m<span>[31m
              [0mScore:[0m
              [0m0[0m
            [36m</span>[31m
            [36m<span[31m
              [33mclass[31m=[32m""[31m
            [36m>[31m
              [0mTime:[0m
              [0m [0m
              [0m30[0m
              [0ms[0m
            [36m</span>[31m
          [36m</div>[31m
        [36m</div>[31m
        [36m<div[31m
          [33maria-valuemax[31m=[32m"3"[31m
          [33maria-valuemin[31m=[32m"1"[31m
          [33maria-valuenow[31m=[32m"1"[31m
          [33mclass[31m=[32m"w-full bg-gray-200 rounded-full h-2"[31m
          [33mrole[31m=[32m"progressbar"[31m
        [36m>[31m
          [36m<div[31m
            [33mclass[31m=[32m"bg-primary-500 h-2 rounded-full transition-all duration-300"[31m
            [33mstyle[31m=[32m"width: 33.33333333333333%;"[31m
          [36m/>[31m
        [36m</div>[31m
      [36m</div>[31m
      [36m<article[31m
        [33mclass[31m=[32m"card"[31m
      [36m>[31m
        [36m<div[31m
          [33mclass[31m=[32m"flex justify-between items-start mb-4"[31m
        [36m>[31m
          [36m<div[31m
            [33mclass[31m=[32m"flex-1"[31m
          [36m>[31m
            [36m<div[31m
              [33mclass[31m=[32m"flex items-center gap-2 mb-2"[31m
            [36m>[31m
              [36m<span[31m
                [33mclass[31m=[32m"px-2 py-1 bg-primary-100 text-primary-800 text-xs font-medium rounded"[31m
              [36m>[31m
                [0mBeginner[0m
              [36m</span>[31m
              [36m<span[31m
                [33mclass[31m=[32m"px-2 py-1 bg-gray-100 text-gray-800 text-xs font-medium rounded"[31m
              [36m>[31m
                [0m1[0m
                [0m [0m
                [0mpoints[0m
              [36m</span>[31m
            [36m</div>[31m
            [36m<h2[31m
              [33mclass[31m=[32m"text-xl font-bold text-gray-900"[31m
            [36m>[31m
              [0mWhat is 2 + 2?[0m
            [36m</h2>[31m
          [36m</div>[31m
          [36m<button[31m
            [33maria-label[31m=[32m"Read question aloud"[31m
            [33mclass[31m=[32m"p-2 hover:bg-gray-100 rounded-lg"[31m
            [33mtype[31m=[32m"button"[31m
          [36m>[31m
            [36m<svg[31m
              [33maria-hidden[31m=[32m"true"[31m
              [33mclass[31m=[32m"w-5 h-5"[31m
              [33mfill[31m=[32m"currentColor"[31m
              [33mviewBox[31m=[32m"0 0 20 20"[31m
            [36m>[31m
              [36m<path[31m
                [33mclip-rule[31m=[32m"evenodd"[31m
                [33md[31m=[32m"M18 3a1 1 0 00-1.447-.894L8.763 6H5a3 3 0 000 6h.28l1.771 5.316A1 1 0 008 18h1a1 1 0 001-1v-4.382l6.553 3.276A1 1 0 0018 15V3z"[31m
                [33mfill-rule[31m=[32m"evenodd"[31m
              [36m/>[31m
            [36m</svg>[31m
          [36m</button>[31m
        [36m</div>[31m
        [36m<div[31m
          [33maria-label[31m=[32m"Answer options"[31m
          [33mclass[31m=[32m"space-y-3"[31m
          [33mrole[31m=[32m"radiogroup"[31m
        [36m>[31m
          [36m<button[31m
            [33maria-checked[31m=[32m"false"[31m
            [33maria-label[31m=[32m"3"[31m
            [33mclass[31m=[32m"w-full p-4 text-left border-2 rounded-lg transition-all shadow-sm border-gray-300 hover:border-primary-400 bg-white"[31m
            [33mrole[31m=[32m"radio"[31m
            [33mtype[31m=[32m"button"[31m
          [36m>[31m
            [36m<div[31m
              [33mclass[31m=[32m"flex items-center justify-between"[31m
            [36m>[31m
              [36m<span[31m
                [33mclass[31m=[32m"font-medium"[31m
              [36m>[31m
                [0m3[0m
              [36m</span>[31m
            [36m</div>[31m
          [36m</button>[31m
          [36m<button[31m
            [33maria-checked[31m=[32m"false"[31m
            [33maria-label[31m=[32m"4"[31m
            [33mclass[31m=[32m"w-full p-4 text-left border-2 rounded-lg transition-all shadow-sm border-gray-300 hover:border-primary-400 bg-white"[31m
            [33mrole[31m=[32m"radio"[31m
            [33mtype[31m=[32m"button"[31m
          [36m>[31m
            [36m<div[31m
              [33mclass[31m=[32m"flex items-center justify-between"[31m
            [36m>[31m
              [36m<span[31m
                [33mclass[31m=[32m"font-medium"[31m
              [36m>[31m
                [0m4[0m
              [36m</span>[31m
            [36m</div>[31m
          [36m</button>[31m
          [36m<button[31m
            [33maria-checked[31m=[32m"false"[31m
            [33maria-label[31m=[32m"5"[31m
            [33mclass[31m=[32m"w-full p-4 text-left border-2 rounded-lg transition-all shadow-sm border-gray-300 hover:border-primary-400 bg-white"[31m
            [33mrole[31m=[32m"radio"[31m
            [33mtype[31m=[32m"button"[31m
          [36m>[31m
            [36m<div[31m
              [33mclass[31m=[32m"flex items-center justify-between"[31m
            [36m>[31m
              [36m<span[31m
                [33mclass[31m=[32m"font-medium"[31m
              [36m>[31m
                [0m5[0m
              [36m</span>[31m
            [36m</div>[31m
          [36m</button>[31m
          [36m<button[31m
            [33maria-checked[31m=[32m"false"[31m
            [33maria-label[31m=[32m"6"[31m
            [33mclass[31m=[32m"w-full p-4 text-left border-2 rounded-lg transition-all shadow-sm border-gray-300 hover:border-primary-400 bg-white"[31m
            [33mrole[31m=[32m"radio"[31m
            [33mtype[31m=[32m"button"[31m
          [36m>[31m
            [36m<div[31m
              [33mclass[31m=[32m"flex items-center justify-between"[31m
            [36m>[31m
              [36m<span[31m
                [33mclass[31m=[32m"font-medium"[31m
              [36m>[31m
                [0m6[0m
              [36m</span>[31m
            [36m</div>[31m
          [36m</button>[31m
        [36m</div>[31m
        [36m<div[31m
          [33mclass[31m=[32m"mt-4"[31m
        [36m>[31m
          [36m<button[31m
            [33mclass[31m=[32m"text-sm text-primary-600 hover:text-primary-800 disabled:text-gray-400"[31m
            [33mtype[31m=[32m"button"[31m
          [36m>[31m
            [0mUse Hint ([0m
            [0m0[0m
            [0m/[0m
            [0m1[0m
            [0m)[0m
          [36m</button>[31m
        [36m</div>[31m
      [36m</article>[31m
      [36m<div[31m
        [33mclass[31m=[32m"flex justify-between"[31m
      [36m>[31m
        [36m<button[31m
          [33maria-label[31m=[32m"Exit quiz"[31m
          [33mclass[31m=[32m"btn-secondary"[31m
          [33mtype[31m=[32m"button"[31m
        [36m>[31m
          [0mExit Quiz[0m
        [36m</button>[31m
        [36m<div[31m
          [33mclass[31m=[32m"flex gap-2"[31m
        [36m/>[31m
      [36m</div>[31m
    [36m</div>[31m
  [36m</div>[31m
[36m</body>[31m[39m
 [32mΓ£ô[39m src/components/__tests__/EnhancedQuizComponent.test.tsx[2m > [22mEnhancedQuizComponent[2m > [22mrendering[2m > [22mshould_display_timer_when_question_has_time_limit[32m 9[2mms[22m[39m
 [32mΓ£ô[39m src/components/__tests__/EnhancedQuizComponent.test.tsx[2m > [22mEnhancedQuizComponent[2m > [22mrendering[2m > [22mshould_display_hints_when_available[32m 5[2mms[22m[39m
 [31m├ù[39m src/components/__tests__/EnhancedQuizComponent.test.tsx[2m > [22mEnhancedQuizComponent[2m > [22mmultiple choice questions[2m > [22mshould_handle_multiple_choice_selection[32m 42[2mms[22m[39m
[31m   ΓåÆ [2mexpect([22m[31melement[31m[2m).toHaveClass([22m[32m[32m"border-accent-500"[32m[31m[2m)[22m

Expected the element to have class:
[32m  border-accent-500[31m
Received:
[31m  font-medium[31m[39m
 [31m├ù[39m src/components/__tests__/EnhancedQuizComponent.test.tsx[2m > [22mEnhancedQuizComponent[2m > [22mmultiple choice questions[2m > [22mshould_show_correct_answer_feedback[32m 29[2mms[22m[39m
[31m   ΓåÆ [2mexpect([22m[31melement[31m[2m).toHaveClass([22m[32m[32m"border-accessible-success"[32m[31m[2m)[22m

Expected the element to have class:
[32m  border-accessible-success[31m
Received:
[31m  font-medium[31m[39m
 [31m├ù[39m src/components/__tests__/EnhancedQuizComponent.test.tsx[2m > [22mEnhancedQuizComponent[2m > [22mmultiple choice questions[2m > [22mshould_show_incorrect_answer_feedback[32m 26[2mms[22m[39m
[31m   ΓåÆ [2mexpect([22m[31melement[31m[2m).toHaveClass([22m[32m[32m"border-accessible-error"[32m[31m[2m)[22m

Expected the element to have class:
[32m  border-accessible-error[31m
Received:
[31m  font-medium[31m[39m
 [32mΓ£ô[39m src/components/__tests__/EnhancedQuizComponent.test.tsx[2m > [22mEnhancedQuizComponent[2m > [22mtrue/false questions[2m > [22mshould_render_true_false_options[32m 29[2mms[22m[39m
 [31m├ù[39m src/components/__tests__/EnhancedQuizComponent.test.tsx[2m > [22mEnhancedQuizComponent[2m > [22mtrue/false questions[2m > [22mshould_handle_true_false_selection[32m 31[2mms[22m[39m
[31m   ΓåÆ [2mexpect([22m[31melement[31m[2m).toHaveClass([22m[32m[32m"border-accent-500"[32m[31m[2m)[22m

Expected the element to have class:
[32m  border-accent-500[31m
Received:
[31m  font-medium text-lg[31m[39m
 [32mΓ£ô[39m src/components/__tests__/EnhancedQuizComponent.test.tsx[2m > [22mEnhancedQuizComponent[2m > [22mfill in the blank questions[2m > [22mshould_render_textarea_for_fill_blank[32m 44[2mms[22m[39m
 [32mΓ£ô[39m src/components/__tests__/EnhancedQuizComponent.test.tsx[2m > [22mEnhancedQuizComponent[2m > [22mfill in the blank questions[2m > [22mshould_handle_text_input[32m 63[2mms[22m[39m
 [31m├ù[39m src/components/__tests__/EnhancedQuizComponent.test.tsx[2m > [22mEnhancedQuizComponent[2m > [22mtimer functionality[2m > [22mshould_countdown_timer_correctly[32m 6[2mms[22m[39m
[31m   ΓåÆ Unable to find an element with the text: Time: 25s. This could be because the text is broken up by multiple elements. In this case, you can provide a function for your text matcher to make your matcher more flexible.

Ignored nodes: comments, script, style
[36m<body>[31m
  [36m<div[31m
    [33maria-atomic[31m=[32m"true"[31m
    [33maria-live[31m=[32m"polite"[31m
    [33mclass[31m=[32m"sr-only"[31m
    [33mrole[31m=[32m"status"[31m
  [36m>[31m
    [0mCorrect![0m
  [36m</div>[31m
  [36m<div[31m
    [33maria-atomic[31m=[32m"true"[31m
    [33maria-live[31m=[32m"polite"[31m
    [33mclass[31m=[32m"sr-only"[31m
    [33mrole[31m=[32m"status"[31m
  [36m>[31m
    [0mIncorrect. The correct answer is 4[0m
  [36m</div>[31m
  [36m<div[31m
    [33maria-atomic[31m=[32m"true"[31m
    [33maria-live[31m=[32m"polite"[31m
    [33mclass[31m=[32m"sr-only"[31m
    [33mrole[31m=[32m"status"[31m
  [36m>[31m
    [0mCorrect![0m
  [36m</div>[31m
  [36m<div[31m
    [33maria-atomic[31m=[32m"true"[31m
    [33maria-live[31m=[32m"polite"[31m
    [33mclass[31m=[32m"sr-only"[31m
    [33mrole[31m=[32m"status"[31m
  [36m>[31m
    [0mCorrect![0m
  [36m</div>[31m
  [36m<div[31m
    [33maria-atomic[31m=[32m"true"[31m
    [33maria-live[31m=[32m"polite"[31m
    [33mclass[31m=[32m"sr-only"[31m
    [33mrole[31m=[32m"status"[31m
  [36m>[31m
    [0mCorrect![0m
  [36m</div>[31m
  [36m<div[31m
    [33maria-atomic[31m=[32m"true"[31m
    [33maria-live[31m=[32m"polite"[31m
    [33mclass[31m=[32m"sr-only"[31m
    [33mrole[31m=[32m"status"[31m
  [36m>[31m
    [0mCorrect![0m
  [36m</div>[31m
  [36m<div[31m
    [33maria-atomic[31m=[32m"true"[31m
    [33maria-live[31m=[32m"polite"[31m
    [33mclass[31m=[32m"sr-only"[31m
    [33mrole[31m=[32m"status"[31m
  [36m>[31m
    [0mCorrect![0m
  [36m</div>[31m
  [36m<div[31m
    [33maria-atomic[31m=[32m"true"[31m
    [33maria-live[31m=[32m"polite"[31m
    [33mclass[31m=[32m"sr-only"[31m
    [33mrole[31m=[32m"status"[31m
  [36m>[31m
    [0mCorrect![0m
  [36m</div>[31m
  [36m<div>[31m
    [36m<div[31m
      [33mclass[31m=[32m"space-y-6"[31m
    [36m>[31m
      [36m<div[31m
        [33mclass[31m=[32m"space-y-2"[31m
      [36m>[31m
        [36m<div[31m
          [33mclass[31m=[32m"flex justify-between text-sm text-gray-600"[31m
        [36m>[31m
          [36m<span>[31m
            [0mQuestion[0m
            [0m1[0m
            [0m [0m
            [0mof[0m
            [0m3[0m
          [36m</span>[31m
          [36m<div[31m
            [33mclass[31m=[32m"flex gap-4"[31m
          [36m>[31m
            [36m<span>[31m
              [0mScore:[0m
              [0m0[0m
            [36m</span>[31m
            [36m<span[31m
              [33mclass[31m=[32m""[31m
            [36m>[31m
              [0mTime:[0m
              [0m [0m
              [0m29[0m
              [0ms[0m
            [36m</span>[31m
          [36m</div>[31m
        [36m</div>[31m
        [36m<div[31m
          [33maria-valuemax[31m=[32m"3"[31m
          [33maria-valuemin[31m=[32m"1"[31m
          [33maria-valuenow[31m=[32m"1"[31m
          [33mclass[31m=[32m"w-full bg-gray-200 rounded-full h-2"[31m
          [33mrole[31m=[32m"progressbar"[31m
        [36m>[31m
          [36m<div[31m
            [33mclass[31m=[32m"bg-primary-500 h-2 rounded-full transition-all duration-300"[31m
            [33mstyle[31m=[32m"width: 33.33333333333333%;"[31m
          [36m/>[31m
        [36m</div>[31m
      [36m</div>[31m
      [36m<article[31m
        [33mclass[31m=[32m"card"[31m
      [36m>[31m
        [36m<div[31m
          [33mclass[31m=[32m"flex justify-between items-start mb-4"[31m
        [36m>[31m
          [36m<div[31m
            [33mclass[31m=[32m"flex-1"[31m
          [36m>[31m
            [36m<div[31m
              [33mclass[31m=[32m"flex items-center gap-2 mb-2"[31m
            [36m>[31m
              [36m<span[31m
                [33mclass[31m=[32m"px-2 py-1 bg-primary-100 text-primary-800 text-xs font-medium rounded"[31m
              [36m>[31m
                [0mBeginner[0m
              [36m</span>[31m
              [36m<span[31m
                [33mclass[31m=[32m"px-2 py-1 bg-gray-100 text-gray-800 text-xs font-medium rounded"[31m
              [36m>[31m
                [0m1[0m
                [0m [0m
                [0mpoints[0m
              [36m</span>[31m
            [36m</div>[31m
            [36m<h2[31m
              [33mclass[31m=[32m"text-xl font-bold text-gray-900"[31m
            [36m>[31m
              [0mWhat is 2 + 2?[0m
            [36m</h2>[31m
          [36m</div>[31m
          [36m<button[31m
            [33maria-label[31m=[32m"Read question aloud"[31m
            [33mclass[31m=[32m"p-2 hover:bg-gray-100 rounded-lg"[31m
            [33mtype[31m=[32m"button"[31m
          [36m>[31m
            [36m<svg[31m
              [33maria-hidden[31m=[32m"true"[31m
              [33mclass[31m=[32m"w-5 h-5"[31m
              [33mfill[31m=[32m"currentColor"[31m
              [33mviewBox[31m=[32m"0 0 20 20"[31m
            [36m>[31m
              [36m<path[31m
                [33mclip-rule[31m=[32m"evenodd"[31m
                [33md[31m=[32m"M18 3a1 1 0 00-1.447-.894L8.763 6H5a3 3 0 000 6h.28l1.771 5.316A1 1 0 008 18h1a1 1 0 001-1v-4.382l6.553 3.276A1 1 0 0018 15V3z"[31m
                [33mfill-rule[31m=[32m"evenodd"[31m
              [36m/>[31m
            [36m</svg>[31m
          [36m</button>[31m
        [36m</div>[31m
        [36m<div[31m
          [33maria-label[31m=[32m"Answer options"[31m
          [33mclass[31m=[32m"space-y-3"[31m
          [33mrole[31m=[32m"radiogroup"[31m
        [36m>[31m
          [36m<button[31m
            [33maria-checked[31m=[32m"false"[31m
            [33maria-label[31m=[32m"3"[31m
            [33mclass[31m=[32m"w-full p-4 text-left border-2 rounded-lg transition-all shadow-sm border-gray-300 hover:border-primary-400 bg-white"[31m
            [33mrole[31m=[32m"radio"[31m
            [33mtype[31m=[32m"button"[31m
          [36m>[31m
            [36m<div[31m
              [33mclass[31m=[32m"flex items-center justify-between"[31m
            [36m>[31m
              [36m<span[31m
                [33mclass[31m=[32m"font-medium"[31m
              [36m>[31m
                [0m3[0m
              [36m</span>[31m
            [36m</div>[31m
          [36m</button>[31m
          [36m<button[31m
            [33maria-checked[31m=[32m"false"[31m
            [33maria-label[31m=[32m"4"[31m
            [33mclass[31m=[32m"w-full p-4 text-left border-2 rounded-lg transition-all shadow-sm border-gray-300 hover:border-primary-400 bg-white"[31m
            [33mrole[31m=[32m"radio"[31m
            [33mtype[31m=[32m"button"[31m
          [36m>[31m
            [36m<div[31m
              [33mclass[31m=[32m"flex items-center justify-between"[31m
            [36m>[31m
              [36m<span[31m
                [33mclass[31m=[32m"font-medium"[31m
              [36m>[31m
                [0m4[0m
              [36m</span>[31m
            [36m</div>[31m
          [36m</button>[31m
          [36m<button[31m
            [33maria-checked[31m=[32m"false"[31m
            [33maria-label[31m=[32m"5"[31m
            [33mclass[31m=[32m"w-full p-4 text-left border-2 rounded-lg transition-all shadow-sm border-gray-300 hover:border-primary-400 bg-white"[31m
            [33mrole[31m=[32m"radio"[31m
            [33mtype[31m=[32m"button"[31m
          [36m>[31m
            [36m<div[31m
              [33mclass[31m=[32m"flex items-center justify-between"[31m
            [36m>[31m
              [36m<span[31m
                [33mclass[31m=[32m"font-medium"[31m
              [36m>[31m
                [0m5[0m
              [36m</span>[31m
            [36m</div>[31m
          [36m</button>[31m
          [36m<button[31m
            [33maria-checked[31m=[32m"false"[31m
            [33maria-label[31m=[32m"6"[31m
            [33mclass[31m=[32m"w-full p-4 text-left border-2 rounded-lg transition-all shadow-sm border-gray-300 hover:border-primary-400 bg-white"[31m
            [33mrole[31m=[32m"radio"[31m
            [33mtype[31m=[32m"button"[31m
          [36m>[31m
            [36m<div[31m
              [33mclass[31m=[32m"flex items-center justify-between"[31m
            [36m>[31m
              [36m<span[31m
                [33mclass[31m=[32m"font-medium"[31m
              [36m>[31m
                [0m6[0m
              [36m</span>[31m
            [36m</div>[31m
          [36m</button>[31m
        [36m</div>[31m
        [36m<div[31m
          [33mclass[31m=[32m"mt-4"[31m
        [36m>[31m
          [36m<button[31m
            [33mclass[31m=[32m"text-sm text-primary-600 hover:text-primary-800 disabled:text-gray-400"[31m
            [33mtype[31m=[32m"button"[31m
          [36m>[31m
            [0mUse Hint ([0m
            [0m0[0m
            [0m/[0m
            [0m1[0m
            [0m)[0m
          [36m</button>[31m
        [36m</div>[31m
      [36m</article>[31m
      [36m<div[31m
        [33mclass[31m=[32m"flex justify-between"[31m
      [36m>[31m
        [36m<button[31m
          [33maria-label[31m=[32m"Exit quiz"[31m
          [33mclass[31m=[32m"btn-secondary"[31m
          [33mtype[31m=[32m"button"[31m
        [36m>[31m
          [0mExit Quiz[0m
        [36m</button>[31m
        [36m<div[31m
          [33mclass[31m=[32m"flex gap-2"[31m
        [36m/>[31m
      [36m</div>[31m
    [36m</div>[31m
  [36m</div>[31m
[36m</body>[31m[39m
 [31m├ù[39m src/components/__tests__/EnhancedQuizComponent.test.tsx[2m > [22mEnhancedQuizComponent[2m > [22mtimer functionality[2m > [22mshould_handle_time_up[32m 36[2mms[22m[39m
[31m   ΓåÆ Unable to find an element with the text: Question 2 of 3. This could be because the text is broken up by multiple elements. In this case, you can provide a function for your text matcher to make your matcher more flexible.

Ignored nodes: comments, script, style
[36m<body>[31m
  [36m<div[31m
    [33maria-atomic[31m=[32m"true"[31m
    [33maria-live[31m=[32m"polite"[31m
    [33mclass[31m=[32m"sr-only"[31m
    [33mrole[31m=[32m"status"[31m
  [36m>[31m
    [0mCorrect![0m
  [36m</div>[31m
  [36m<div[31m
    [33maria-atomic[31m=[32m"true"[31m
    [33maria-live[31m=[32m"polite"[31m
    [33mclass[31m=[32m"sr-only"[31m
    [33mrole[31m=[32m"status"[31m
  [36m>[31m
    [0mIncorrect. The correct answer is 4[0m
  [36m</div>[31m
  [36m<div[31m
    [33maria-atomic[31m=[32m"true"[31m
    [33maria-live[31m=[32m"polite"[31m
    [33mclass[31m=[32m"sr-only"[31m
    [33mrole[31m=[32m"status"[31m
  [36m>[31m
    [0mCorrect![0m
  [36m</div>[31m
  [36m<div[31m
    [33maria-atomic[31m=[32m"true"[31m
    [33maria-live[31m=[32m"polite"[31m
    [33mclass[31m=[32m"sr-only"[31m
    [33mrole[31m=[32m"status"[31m
  [36m>[31m
    [0mCorrect![0m
  [36m</div>[31m
  [36m<div[31m
    [33maria-atomic[31m=[32m"true"[31m
    [33maria-live[31m=[32m"polite"[31m
    [33mclass[31m=[32m"sr-only"[31m
    [33mrole[31m=[32m"status"[31m
  [36m>[31m
    [0mCorrect![0m
  [36m</div>[31m
  [36m<div[31m
    [33maria-atomic[31m=[32m"true"[31m
    [33maria-live[31m=[32m"polite"[31m
    [33mclass[31m=[32m"sr-only"[31m
    [33mrole[31m=[32m"status"[31m
  [36m>[31m
    [0mCorrect![0m
  [36m</div>[31m
  [36m<div[31m
    [33maria-atomic[31m=[32m"true"[31m
    [33maria-live[31m=[32m"polite"[31m
    [33mclass[31m=[32m"sr-only"[31m
    [33mrole[31m=[32m"status"[31m
  [36m>[31m
    [0mCorrect![0m
  [36m</div>[31m
  [36m<div[31m
    [33maria-atomic[31m=[32m"true"[31m
    [33maria-live[31m=[32m"polite"[31m
    [33mclass[31m=[32m"sr-only"[31m
    [33mrole[31m=[32m"status"[31m
  [36m>[31m
    [0mCorrect![0m
  [36m</div>[31m
  [36m<div>[31m
    [36m<div[31m
      [33mclass[31m=[32m"space-y-6"[31m
    [36m>[31m
      [36m<div[31m
        [33mclass[31m=[32m"space-y-2"[31m
      [36m>[31m
        [36m<div[31m
          [33mclass[31m=[32m"flex justify-between text-sm text-gray-600"[31m
        [36m>[31m
          [36m<span>[31m
            [0mQuestion[0m
            [0m1[0m
            [0m [0m
            [0mof[0m
            [0m3[0m
          [36m</span>[31m
          [36m<div[31m
            [33mclass[31m=[32m"flex gap-4"[31m
          [36m>[31m
            [36m<span>[31m
              [0mScore:[0m
              [0m0[0m
            [36m</span>[31m
            [36m<span[31m
              [33mclass[31m=[32m""[31m
            [36m>[31m
              [0mTime:[0m
              [0m [0m
              [0m29[0m
              [0ms[0m
            [36m</span>[31m
          [36m</div>[31m
        [36m</div>[31m
        [36m<div[31m
          [33maria-valuemax[31m=[32m"3"[31m
          [33maria-valuemin[31m=[32m"1"[31m
          [33maria-valuenow[31m=[32m"1"[31m
          [33mclass[31m=[32m"w-full bg-gray-200 rounded-full h-2"[31m
          [33mrole[31m=[32m"progressbar"[31m
        [36m>[31m
          [36m<div[31m
            [33mclass[31m=[32m"bg-primary-500 h-2 rounded-full transition-all duration-300"[31m
            [33mstyle[31m=[32m"width: 33.33333333333333%;"[31m
          [36m/>[31m
        [36m</div>[31m
      [36m</div>[31m
      [36m<article[31m
        [33mclass[31m=[32m"card"[31m
      [36m>[31m
        [36m<div[31m
          [33mclass[31m=[32m"flex justify-between items-start mb-4"[31m
        [36m>[31m
          [36m<div[31m
            [33mclass[31m=[32m"flex-1"[31m
          [36m>[31m
            [36m<div[31m
              [33mclass[31m=[32m"flex items-center gap-2 mb-2"[31m
            [36m>[31m
              [36m<span[31m
                [33mclass[31m=[32m"px-2 py-1 bg-primary-100 text-primary-800 text-xs font-medium rounded"[31m
              [36m>[31m
                [0mBeginner[0m
              [36m</span>[31m
              [36m<span[31m
                [33mclass[31m=[32m"px-2 py-1 bg-gray-100 text-gray-800 text-xs font-medium rounded"[31m
              [36m>[31m
                [0m1[0m
                [0m [0m
                [0mpoints[0m
              [36m</span>[31m
            [36m</div>[31m
            [36m<h2[31m
              [33mclass[31m=[32m"text-xl font-bold text-gray-900"[31m
            [36m>[31m
              [0mWhat is 2 + 2?[0m
            [36m</h2>[31m
          [36m</div>[31m
          [36m<button[31m
            [33maria-label[31m=[32m"Read question aloud"[31m
            [33mclass[31m=[32m"p-2 hover:bg-gray-100 rounded-lg"[31m
            [33mtype[31m=[32m"button"[31m
          [36m>[31m
            [36m<svg[31m
              [33maria-hidden[31m=[32m"true"[31m
              [33mclass[31m=[32m"w-5 h-5"[31m
              [33mfill[31m=[32m"currentColor"[31m
              [33mviewBox[31m=[32m"0 0 20 20"[31m
            [36m>[31m
              [36m<path[31m
                [33mclip-rule[31m=[32m"evenodd"[31m
                [33md[31m=[32m"M18 3a1 1 0 00-1.447-.894L8.763 6H5a3 3 0 000 6h.28l1.771 5.316A1 1 0 008 18h1a1 1 0 001-1v-4.382l6.553 3.276A1 1 0 0018 15V3z"[31m
                [33mfill-rule[31m=[32m"evenodd"[31m
              [36m/>[31m
            [36m</svg>[31m
          [36m</button>[31m
        [36m</div>[31m
        [36m<div[31m
          [33maria-label[31m=[32m"Answer options"[31m
          [33mclass[31m=[32m"space-y-3"[31m
          [33mrole[31m=[32m"radiogroup"[31m
        [36m>[31m
          [36m<button[31m
            [33maria-checked[31m=[32m"false"[31m
            [33maria-label[31m=[32m"3"[31m
            [33mclass[31m=[32m"w-full p-4 text-left border-2 rounded-lg transition-all shadow-sm border-gray-300 hover:border-primary-400 bg-white"[31m
            [33mrole[31m=[32m"radio"[31m
            [33mtype[31m=[32m"button"[31m
          [36m>[31m
            [36m<div[31m
              [33mclass[31m=[32m"flex items-center justify-between"[31m
            [36m>[31m
              [36m<span[31m
                [33mclass[31m=[32m"font-medium"[31m
              [36m>[31m
                [0m3[0m
              [36m</span>[31m
            [36m</div>[31m
          [36m</button>[31m
          [36m<button[31m
            [33maria-checked[31m=[32m"false"[31m
            [33maria-label[31m=[32m"4"[31m
            [33mclass[31m=[32m"w-full p-4 text-left border-2 rounded-lg transition-all shadow-sm border-gray-300 hover:border-primary-400 bg-white"[31m
            [33mrole[31m=[32m"radio"[31m
            [33mtype[31m=[32m"button"[31m
          [36m>[31m
            [36m<div[31m
              [33mclass[31m=[32m"flex items-center justify-between"[31m
            [36m>[31m
              [36m<span[31m
                [33mclass[31m=[32m"font-medium"[31m
              [36m>[31m
                [0m4[0m
              [36m</span>[31m
            [36m</div>[31m
          [36m</button>[31m
          [36m<button[31m
            [33maria-checked[31m=[32m"false"[31m
            [33maria-label[31m=[32m"5"[31m
            [33mclass[31m=[32m"w-full p-4 text-left border-2 rounded-lg transition-all shadow-sm border-gray-300 hover:border-primary-400 bg-white"[31m
            [33mrole[31m=[32m"radio"[31m
            [33mtype[31m=[32m"button"[31m
          [36m>[31m
            [36m<div[31m
              [33mclass[31m=[32m"flex items-center justify-between"[31m
            [36m>[31m
              [36m<span[31m
                [33mclass[31m=[32m"font-medium"[31m
              [36m>[31m
                [0m5[0m
              [36m</span>[31m
            [36m</div>[31m
          [36m</button>[31m
          [36m<button[31m
            [33maria-checked[31m=[32m"false"[31m
            [33maria-label[31m=[32m"6"[31m
            [33mclass[31m=[32m"w-full p-4 text-left border-2 rounded-lg transition-all shadow-sm border-gray-300 hover:border-primary-400 bg-white"[31m
            [33mrole[31m=[32m"radio"[31m
            [33mtype[31m=[32m"button"[31m
          [36m>[31m
            [36m<div[31m
              [33mclass[31m=[32m"flex items-center justify-between"[31m
            [36m>[31m
              [36m<span[31m
                [33mclass[31m=[32m"font-medium"[31m
              [36m>[31m
                [0m6[0m
              [36m</span>[31m
            [36m</div>[31m
          [36m</button>[31m
        [36m</div>[31m
        [36m<div[31m
          [33mclass[31m=[32m"mt-4"[31m
        [36m>[31m
          [36m<button[31m
            [33mclass[31m=[32m"text-sm text-primary-600 hover:text-primary-800 disabled:text-gray-400"[31m
            [33mtype[31m=[32m"button"[31m
          [36m>[31m
            [0mUse Hint ([0m
            [0m0[0m
            [0m/[0m
            [0m1[0m
            [0m)[0m
          [36m</button>[31m
        [36m</div>[31m
      [36m</article>[31m
      [36m<div[31m
        [33mclass[31m=[32m"flex justify-between"[31m
      [36m>[31m
        [36m<button[31m
          [33maria-label[31m=[32m"Exit quiz"[31m
          [33mclass[31m=[32m"btn-secondary"[31m
          [33mtype[31m=[32m"button"[31m
        [36m>[31m
          [0mExit Quiz[0m
        [36m</button>[31m
        [36m<div[31m
          [33mclass[31m=[32m"flex gap-2"[31m
        [36m/>[31m
      [36m</div>[31m
    [36m</div>[31m
  [36m</div>[31m
[36m</body>[31m

Ignored nodes: comments, script, style
[36m<html>[31m
  [36m<head />[31m
  [36m<body>[31m
    [36m<div[31m
      [33maria-atomic[31m=[32m"true"[31m
      [33maria-live[31m=[32m"polite"[31m
      [33mclass[31m=[32m"sr-only"[31m
      [33mrole[31m=[32m"status"[31m
    [36m>[31m
      [0mCorrect![0m
    [36m</div>[31m
    [36m<div[31m
      [33maria-atomic[31m=[32m"true"[31m
      [33maria-live[31m=[32m"polite"[31m
      [33mclass[31m=[32m"sr-only"[31m
      [33mrole[31m=[32m"status"[31m
    [36m>[31m
      [0mIncorrect. The correct answer is 4[0m
    [36m</div>[31m
    [36m<div[31m
      [33maria-atomic[31m=[32m"true"[31m
      [33maria-live[31m=[32m"polite"[31m
      [33mclass[31m=[32m"sr-only"[31m
      [33mrole[31m=[32m"status"[31m
    [36m>[31m
      [0mCorrect![0m
    [36m</div>[31m
    [36m<div[31m
      [33maria-atomic[31m=[32m"true"[31m
      [33maria-live[31m=[32m"polite"[31m
      [33mclass[31m=[32m"sr-only"[31m
      [33mrole[31m=[32m"status"[31m
    [36m>[31m
      [0mCorrect![0m
    [36m</div>[31m
    [36m<div[31m
      [33maria-atomic[31m=[32m"true"[31m
      [33maria-live[31m=[32m"polite"[31m
      [33mclass[31m=[32m"sr-only"[31m
      [33mrole[31m=[32m"status"[31m
    [36m>[31m
      [0mCorrect![0m
    [36m</div>[31m
    [36m<div[31m
      [33maria-atomic[31m=[32m"true"[31m
      [33maria-live[31m=[32m"polite"[31m
      [33mclass[31m=[32m"sr-only"[31m
      [33mrole[31m=[32m"status"[31m
    [36m>[31m
      [0mCorrect![0m
    [36m</div>[31m
    [36m<div[31m
      [33maria-atomic[31m=[32m"true"[31m
      [33maria-live[31m=[32m"polite"[31m
      [33mclass[31m=[32m"sr-only"[31m
      [33mrole[31m=[32m"status"[31m
    [36m>[31m
      [0mCorrect![0m
    [36m</div>[31m
    [36m<div[31m
      [33maria-atomic[31m=[32m"true"[31m
      [33maria-live[31m=[32m"polite"[31m
      [33mclass[31m=[32m"sr-only"[31m
      [33mrole[31m=[32m"status"[31m
    [36m>[31m
      [0mCorrect![0m
    [36m</div>[31m
    [36m<div>[31m
      [36m<div[31m
        [33mclass[31m=[32m"space-y-6"[31m
      [36m>[31m
        [36m<div[31m
          [33mclass[31m=[32m"space-y-2"[31m
        [36m>[31m
          [36m<div[31m
            [33mclass[31m=[32m"flex justify-between text-sm text-gray-600"[31m
          [36m>[31m
            [36m<span>[31m
              [0mQuestion[0m
              [0m1[0m
              [0m [0m
              [0mof[0m
              [0m3[0m
            [36m</span>[31m
            [36m<div[31m
              [33mclass[31m=[32m"flex gap-4"[31m
            [36m>[31m
              [36m<span>[31m
                [0mScore:[0m
                [0m0[0m
              [36m</span>[31m
              [36m<span[31m
                [33mclass[31m=[32m""[31m
              [36m>[31m
                [0mTime:[0m
                [0m [0m
                [0m29[0m
                [0ms[0m
              [36m</span>[31m
            [36m</div>[31m
          [36m</div>[31m
          [36m<div[31m
            [33maria-valuemax[31m=[32m"3"[31m
            [33maria-valuemin[31m=[32m"1"[31m
            [33maria-valuenow[31m=[32m"1"[31m
            [33mclass[31m=[32m"w-full bg-gray-200 rounded-full h-2"[31m
            [33mrole[31m=[32m"progressbar"[31m
          [36m>[31m
            [36m<div[31m
              [33mclass[31m=[32m"bg-primary-500 h-2 rounded-full transition-all duration-300"[31m
              [33mstyle[31m=[32m"width: 33.33333333333333%;"[31m
            [36m/>[31m
          [36m</div>[31m
        [36m</div>[31m
        [36m<article[31m
          [33mclass[31m=[32m"card"[31m
        [36m>[31m
          [36m<div[31m
            [33mclass[31m=[32m"flex justify-between items-start mb-4"[31m
          [36m>[31m
            [36m<div[31m
              [33mclass[31m=[32m"flex-1"[31m
            [36m>[31m
              [36m<div[31m
                [33mclass[31m=[32m"flex items-center gap-2 mb-2"[31m
              [36m>[31m
                [36m<span[31m
                  [33mclass[31m=[32m"px-2 py-1 bg-primary-100 text-primary-800 text-xs font-medium rounded"[31m
                [36m>[31m
                  [0mBeginner[0m
                [36m</span>[31m
                [36m<span[31m
                  [33mclass[31m=[32m"px-2 py-1 bg-gray-100 text-gray-800 text-xs font-medium rounded"[31m
                [36m>[31m
                  [0m1[0m
                  [0m [0m
                  [0mpoints[0m
                [36m</span>[31m
              [36m</div>[31m
              [36m<h2[31m
                [33mclass[31m=[32m"text-xl font-bold text-gray-900"[31m
              [36m>[31m
                [0mWhat is 2 + 2?[0m
              [36m</h2>[31m
            [36m</div>[31m
            [36m<button[31m
              [33maria-label[31m=[32m"Read question aloud"[31m
              [33mclass[31m=[32m"p-2 hover:bg-gray-100 rounded-lg"[31m
              [33mtype[31m=[32m"button"[31m
            [36m>[31m
              [36m<svg[31m
                [33maria-hidden[31m=[32m"true"[31m
                [33mclass[31m=[32m"w-5 h-5"[31m
                [33mfill[31m=[32m"currentColor"[31m
                [33mviewBox[31m=[32m"0 0 20 20"[31m
              [36m>[31m
                [36m<path[31m
                  [33mclip-rule[31m=[32m"evenodd"[31m
                  [33md[31m=[32m"M18 3a1 1 0 00-1.447-.894L8.763 6H5a3 3 0 000 6h.28l1.771 5.316A1 1 0 008 18h1a1 1 0 001-1v-4.382l6.553 3.276A1 1 0 0018 15V3z"[31m
                  [33mfill-rule[31m=[32m"evenodd"[31m
                [36m/>[31m
              [36m</svg>[31m
            [36m</button>[31m
          [36m</div>[31m
          [36m<div[31m
            [33maria-label[31m=[32m"Answer options"[31m
            [33mclass[31m=[32m"space-y-3"[31m
            [33mrole[31m=[32m"radiogroup"[31m
          [36m>[31m
            [36m<button[31m
              [33maria-checked[31m=[32m"false"[31m
              [33maria-label[31m=[32m"3"[31m
              [33mclass[31m=[32m"w-full p-4 text-left border-2 rounded-lg transition-all shadow-sm border-gray-300 hover:border-primary-400 bg-white"[31m
              [33mrole[31m=[32m"radio"[31m
              [33mtype[31m=[32m"button"[31m
            [36m>[31m
              [36m<div[31m
                [33mclass[31m=[32m"flex items-center justify-between"[31m
              [36m>[31m
                [36m<span[31m
                  [33mclass[31m=[32m"font-medium"[31m
                [36m>[31m
                  [0m3[0m
                [36m</span>[31m
              [36m</div>[31m
            [36m</button>[31m
            [36m<button[31m
              [33maria-checked[31m=[32m"false"[31m
              [33maria-label[31m=[32m"4"[31m
              [33mclass[31m=[32m"w-full p-4 text-left border-2 rounded-lg transition-all shadow-sm border-gray-300 hover:border-primary-400 bg-white"[31m
              [33mrole[31m=[32m"radio"[31m
              [33mtype[31m=[32m"button"[31m
            [36m>[31m
              [36m<div[31m
                [33mclass[31m=[32m"flex items-center justify-between"[31m
              [36m>[31m
                [36m<span[31m
                  [33mclass[31m=[32m"font-medium"[31m
                [36m>[31m
                  [0m4[0m
                [36m</span>[31m
              [36m</div>[31m
            [36m</button>[31m
            [36m<button[31m
              [33maria-checked[31m=[32m"false"[31m
              [33maria-label[31m=[32m"5"[31m
              [33mclass[31m=[32m"w-full p-4 text-left border-2 rounded-lg transition-all shadow-sm border-gray-300 hover:border-primary-400 bg-white"[31m
              [33mrole[31m=[32m"radio"[31m
              [33mtype[31m=[32m"button"[31m
            [36m>[31m
              [36m<div[31m
                [33mclass[31m=[32m"flex items-center justify-between"[31m
              [36m>[31m
                [36m<span[31m
                  [33mclass[31m=[32m"font-medium"[31m
                [36m>[31m
                  [0m5[0m
                [36m</span>[31m
              [36m</div>[31m
            [36m</button>[31m
            [36m<button[31m
              [33maria-checked[31m=[32m"false"[31m
              [33maria-label[31m=[32m"6"[31m
              [33mclass[31m=[32m"w-full p-4 text-left border-2 rounded-lg transition-all shadow-sm border-gray-300 hover:border-primary-400 bg-white"[31m
              [33mrole[31m=[32m"radio"[31m
              [33mtype[31m=[32m"button"[31m
            [36m>[31m
              [36m<div[31m
                [33mclass[31m=[32m"flex items-center justify-between"[31m
              [36m>[31m
                [36m<span[31m
                  [33mclass[31m=[32m"font-medium"[31m
                [36m>[31m
                  [0m6[0m
                [36m</span>[31m
              [36m</div>[31m
            [36m</button>[31m
          [36m</div>[31m
          [36m<div[31m
            [33mclass[31m=[32m"mt-4"[31m
          [36m>[31m
            [36m<button[31m
              [33mclass[31m=[32m"text-sm text-primary-600 hover:text-primary-800 disabled:text-gray-400"[31m
              [33mtype[31m=[32m"button"[31m
            [36m>[31m
              [0mUse Hint ([0m
              [0m0[0m
              [0m/[0m
              [0m1[0m
              [0m)[0m
            [36m</button>[31m
          [36m</div>[31m
        [36m</article>[31m
        [36m<div[31m
          [33mclass[31m=[32m"flex justify-between"[31m
        [36m>[31m
          [36m<button[31m
            [33maria-label[31m=[32m"Exit quiz"[31m
            [33mclass[31m=[32m"btn-secondary"[31m
            [33mtype[31m=[32m"button"[31m
          [36m>[31m
            [0mExit Quiz[0m
          [36m</button>[31m
          [36m<div[31m
            [33mclass[31m=[32m"flex gap-2"[31m
          [36m/>[31m
        [36m</div>[31m
      [36m</div>[31m
    [36m</div>[31m
  [36m</body>[31m
[36m</html>[31m[39m
 [31m├ù[39m src/components/__tests__/EnhancedQuizComponent.test.tsx[2m > [22mEnhancedQuizComponent[2m > [22mtimer functionality[2m > [22mshould_show_warning_when_time_running_low[32m 5[2mms[22m[39m
[31m   ΓåÆ Unable to find an element with the text: Time: 5s. This could be because the text is broken up by multiple elements. In this case, you can provide a function for your text matcher to make your matcher more flexible.

Ignored nodes: comments, script, style
[36m<body>[31m
  [36m<div[31m
    [33maria-atomic[31m=[32m"true"[31m
    [33maria-live[31m=[32m"polite"[31m
    [33mclass[31m=[32m"sr-only"[31m
    [33mrole[31m=[32m"status"[31m
  [36m>[31m
    [0mCorrect![0m
  [36m</div>[31m
  [36m<div[31m
    [33maria-atomic[31m=[32m"true"[31m
    [33maria-live[31m=[32m"polite"[31m
    [33mclass[31m=[32m"sr-only"[31m
    [33mrole[31m=[32m"status"[31m
  [36m>[31m
    [0mIncorrect. The correct answer is 4[0m
  [36m</div>[31m
  [36m<div[31m
    [33maria-atomic[31m=[32m"true"[31m
    [33maria-live[31m=[32m"polite"[31m
    [33mclass[31m=[32m"sr-only"[31m
    [33mrole[31m=[32m"status"[31m
  [36m>[31m
    [0mCorrect![0m
  [36m</div>[31m
  [36m<div[31m
    [33maria-atomic[31m=[32m"true"[31m
    [33maria-live[31m=[32m"polite"[31m
    [33mclass[31m=[32m"sr-only"[31m
    [33mrole[31m=[32m"status"[31m
  [36m>[31m
    [0mCorrect![0m
  [36m</div>[31m
  [36m<div[31m
    [33maria-atomic[31m=[32m"true"[31m
    [33maria-live[31m=[32m"polite"[31m
    [33mclass[31m=[32m"sr-only"[31m
    [33mrole[31m=[32m"status"[31m
  [36m>[31m
    [0mCorrect![0m
  [36m</div>[31m
  [36m<div[31m
    [33maria-atomic[31m=[32m"true"[31m
    [33maria-live[31m=[32m"polite"[31m
    [33mclass[31m=[32m"sr-only"[31m
    [33mrole[31m=[32m"status"[31m
  [36m>[31m
    [0mCorrect![0m
  [36m</div>[31m
  [36m<div[31m
    [33maria-atomic[31m=[32m"true"[31m
    [33maria-live[31m=[32m"polite"[31m
    [33mclass[31m=[32m"sr-only"[31m
    [33mrole[31m=[32m"status"[31m
  [36m>[31m
    [0mCorrect![0m
  [36m</div>[31m
  [36m<div[31m
    [33maria-atomic[31m=[32m"true"[31m
    [33maria-live[31m=[32m"polite"[31m
    [33mclass[31m=[32m"sr-only"[31m
    [33mrole[31m=[32m"status"[31m
  [36m>[31m
    [0mCorrect![0m
  [36m</div>[31m
  [36m<div>[31m
    [36m<div[31m
      [33mclass[31m=[32m"space-y-6"[31m
    [36m>[31m
      [36m<div[31m
        [33mclass[31m=[32m"space-y-2"[31m
      [36m>[31m
        [36m<div[31m
          [33mclass[31m=[32m"flex justify-between text-sm text-gray-600"[31m
        [36m>[31m
          [36m<span>[31m
            [0mQuestion[0m
            [0m1[0m
            [0m [0m
            [0mof[0m
            [0m3[0m
          [36m</span>[31m
          [36m<div[31m
            [33mclass[31m=[32m"flex gap-4"[31m
          [36m>[31m
            [36m<span>[31m
              [0mScore:[0m
              [0m0[0m
            [36m</span>[31m
            [36m<span[31m
              [33mclass[31m=[32m""[31m
            [36m>[31m
              [0mTime:[0m
              [0m [0m
              [0m29[0m
              [0ms[0m
            [36m</span>[31m
          [36m</div>[31m
        [36m</div>[31m
        [36m<div[31m
          [33maria-valuemax[31m=[32m"3"[31m
          [33maria-valuemin[31m=[32m"1"[31m
          [33maria-valuenow[31m=[32m"1"[31m
          [33mclass[31m=[32m"w-full bg-gray-200 rounded-full h-2"[31m
          [33mrole[31m=[32m"progressbar"[31m
        [36m>[31m
          [36m<div[31m
            [33mclass[31m=[32m"bg-primary-500 h-2 rounded-full transition-all duration-300"[31m
            [33mstyle[31m=[32m"width: 33.33333333333333%;"[31m
          [36m/>[31m
        [36m</div>[31m
      [36m</div>[31m
      [36m<article[31m
        [33mclass[31m=[32m"card"[31m
      [36m>[31m
        [36m<div[31m
          [33mclass[31m=[32m"flex justify-between items-start mb-4"[31m
        [36m>[31m
          [36m<div[31m
            [33mclass[31m=[32m"flex-1"[31m
          [36m>[31m
            [36m<div[31m
              [33mclass[31m=[32m"flex items-center gap-2 mb-2"[31m
            [36m>[31m
              [36m<span[31m
                [33mclass[31m=[32m"px-2 py-1 bg-primary-100 text-primary-800 text-xs font-medium rounded"[31m
              [36m>[31m
                [0mBeginner[0m
              [36m</span>[31m
              [36m<span[31m
                [33mclass[31m=[32m"px-2 py-1 bg-gray-100 text-gray-800 text-xs font-medium rounded"[31m
              [36m>[31m
                [0m1[0m
                [0m [0m
                [0mpoints[0m
              [36m</span>[31m
            [36m</div>[31m
            [36m<h2[31m
              [33mclass[31m=[32m"text-xl font-bold text-gray-900"[31m
            [36m>[31m
              [0mWhat is 2 + 2?[0m
            [36m</h2>[31m
          [36m</div>[31m
          [36m<button[31m
            [33maria-label[31m=[32m"Read question aloud"[31m
            [33mclass[31m=[32m"p-2 hover:bg-gray-100 rounded-lg"[31m
            [33mtype[31m=[32m"button"[31m
          [36m>[31m
            [36m<svg[31m
              [33maria-hidden[31m=[32m"true"[31m
              [33mclass[31m=[32m"w-5 h-5"[31m
              [33mfill[31m=[32m"currentColor"[31m
              [33mviewBox[31m=[32m"0 0 20 20"[31m
            [36m>[31m
              [36m<path[31m
                [33mclip-rule[31m=[32m"evenodd"[31m
                [33md[31m=[32m"M18 3a1 1 0 00-1.447-.894L8.763 6H5a3 3 0 000 6h.28l1.771 5.316A1 1 0 008 18h1a1 1 0 001-1v-4.382l6.553 3.276A1 1 0 0018 15V3z"[31m
                [33mfill-rule[31m=[32m"evenodd"[31m
              [36m/>[31m
            [36m</svg>[31m
          [36m</button>[31m
        [36m</div>[31m
        [36m<div[31m
          [33maria-label[31m=[32m"Answer options"[31m
          [33mclass[31m=[32m"space-y-3"[31m
          [33mrole[31m=[32m"radiogroup"[31m
        [36m>[31m
          [36m<button[31m
            [33maria-checked[31m=[32m"false"[31m
            [33maria-label[31m=[32m"3"[31m
            [33mclass[31m=[32m"w-full p-4 text-left border-2 rounded-lg transition-all shadow-sm border-gray-300 hover:border-primary-400 bg-white"[31m
            [33mrole[31m=[32m"radio"[31m
            [33mtype[31m=[32m"button"[31m
          [36m>[31m
            [36m<div[31m
              [33mclass[31m=[32m"flex items-center justify-between"[31m
            [36m>[31m
              [36m<span[31m
                [33mclass[31m=[32m"font-medium"[31m
              [36m>[31m
                [0m3[0m
              [36m</span>[31m
            [36m</div>[31m
          [36m</button>[31m
          [36m<button[31m
            [33maria-checked[31m=[32m"false"[31m
            [33maria-label[31m=[32m"4"[31m
            [33mclass[31m=[32m"w-full p-4 text-left border-2 rounded-lg transition-all shadow-sm border-gray-300 hover:border-primary-400 bg-white"[31m
            [33mrole[31m=[32m"radio"[31m
            [33mtype[31m=[32m"button"[31m
          [36m>[31m
            [36m<div[31m
              [33mclass[31m=[32m"flex items-center justify-between"[31m
            [36m>[31m
              [36m<span[31m
                [33mclass[31m=[32m"font-medium"[31m
              [36m>[31m
                [0m4[0m
              [36m</span>[31m
            [36m</div>[31m
          [36m</button>[31m
          [36m<button[31m
            [33maria-checked[31m=[32m"false"[31m
            [33maria-label[31m=[32m"5"[31m
            [33mclass[31m=[32m"w-full p-4 text-left border-2 rounded-lg transition-all shadow-sm border-gray-300 hover:border-primary-400 bg-white"[31m
            [33mrole[31m=[32m"radio"[31m
            [33mtype[31m=[32m"button"[31m
          [36m>[31m
            [36m<div[31m
              [33mclass[31m=[32m"flex items-center justify-between"[31m
            [36m>[31m
              [36m<span[31m
                [33mclass[31m=[32m"font-medium"[31m
              [36m>[31m
                [0m5[0m
              [36m</span>[31m
            [36m</div>[31m
          [36m</button>[31m
          [36m<button[31m
            [33maria-checked[31m=[32m"false"[31m
            [33maria-label[31m=[32m"6"[31m
            [33mclass[31m=[32m"w-full p-4 text-left border-2 rounded-lg transition-all shadow-sm border-gray-300 hover:border-primary-400 bg-white"[31m
            [33mrole[31m=[32m"radio"[31m
            [33mtype[31m=[32m"button"[31m
          [36m>[31m
            [36m<div[31m
              [33mclass[31m=[32m"flex items-center justify-between"[31m
            [36m>[31m
              [36m<span[31m
                [33mclass[31m=[32m"font-medium"[31m
              [36m>[31m
                [0m6[0m
              [36m</span>[31m
            [36m</div>[31m
          [36m</button>[31m
        [36m</div>[31m
        [36m<div[31m
          [33mclass[31m=[32m"mt-4"[31m
        [36m>[31m
          [36m<button[31m
            [33mclass[31m=[32m"text-sm text-primary-600 hover:text-primary-800 disabled:text-gray-400"[31m
            [33mtype[31m=[32m"button"[31m
          [36m>[31m
            [0mUse Hint ([0m
            [0m0[0m
            [0m/[0m
            [0m1[0m
            [0m)[0m
          [36m</button>[31m
        [36m</div>[31m
      [36m</article>[31m
      [36m<div[31m
        [33mclass[31m=[32m"flex justify-between"[31m
      [36m>[31m
        [36m<button[31m
          [33maria-label[31m=[32m"Exit quiz"[31m
          [33mclass[31m=[32m"btn-secondary"[31m
          [33mtype[31m=[32m"button"[31m
        [36m>[31m
          [0mExit Quiz[0m
        [36m</button>[31m
        [36m<div[31m
          [33mclass[31m=[32m"flex gap-2"[31m
        [36m/>[31m
      [36m</div>[31m
    [36m</div>[31m
  [36m</div>[31m
[36m</body>[31m[39m
 [32mΓ£ô[39m src/components/__tests__/EnhancedQuizComponent.test.tsx[2m > [22mEnhancedQuizComponent[2m > [22mhints functionality[2m > [22mshould_show_hint_when_used[32m 10[2mms[22m[39m
 [32mΓ£ô[39m src/components/__tests__/EnhancedQuizComponent.test.tsx[2m > [22mEnhancedQuizComponent[2m > [22mhints functionality[2m > [22mshould_disable_hint_button_when_all_hints_used[32m 11[2mms[22m[39m
Error: Uncaught [TypeError: Cannot read properties of undefined (reading 'timeLimit')]
    at reportException 
(C:\Users\vikas\Downloads\EduVault\node_modules\jsdom\lib\jsdom\living\helpers\runtime-script-errors.js:66:24)
    at innerInvokeEventListeners 
(C:\Users\vikas\Downloads\EduVault\node_modules\jsdom\lib\jsdom\living\events\EventTarget-impl.js:353:9)
    at invokeEventListeners 
(C:\Users\vikas\Downloads\EduVault\node_modules\jsdom\lib\jsdom\living\events\EventTarget-impl.js:286:3)
    at HTMLUnknownElementImpl._dispatch 
(C:\Users\vikas\Downloads\EduVault\node_modules\jsdom\lib\jsdom\living\events\EventTarget-impl.js:233:9)
    at HTMLUnknownElementImpl.dispatchEvent 
(C:\Users\vikas\Downloads\EduVault\node_modules\jsdom\lib\jsdom\living\events\EventTarget-impl.js:104:17)
    at HTMLUnknownElement.dispatchEvent 
(C:\Users\vikas\Downloads\EduVault\node_modules\jsdom\lib\jsdom\living\generated\EventTarget.js:241:34)
    at Object.invokeGuardedCallbackDev 
(C:\Users\vikas\Downloads\EduVault\node_modules\react-dom\cjs\react-dom.development.js:4213:16)
    at invokeGuardedCallback 
(C:\Users\vikas\Downloads\EduVault\node_modules\react-dom\cjs\react-dom.development.js:4277:31)
    at beginWork$1 (C:\Users\vikas\Downloads\EduVault\node_modules\react-dom\cjs\react-dom.development.js:27490:7)
    at performUnitOfWork 
(C:\Users\vikas\Downloads\EduVault\node_modules\react-dom\cjs\react-dom.development.js:26599:12) TypeError: Cannot 
read properties of undefined (reading 'timeLimit')
    at EnhancedQuizComponent (C:/Users/vikas/Downloads/EduVault/src/components/EnhancedQuizComponent.tsx:91:45)
    at renderWithHooks 
(C:\Users\vikas\Downloads\EduVault\node_modules\react-dom\cjs\react-dom.development.js:15486:18)
    at mountIndeterminateComponent 
(C:\Users\vikas\Downloads\EduVault\node_modules\react-dom\cjs\react-dom.development.js:20103:13)
    at beginWork (C:\Users\vikas\Downloads\EduVault\node_modules\react-dom\cjs\react-dom.development.js:21626:16)
    at HTMLUnknownElement.callCallback 
(C:\Users\vikas\Downloads\EduVault\node_modules\react-dom\cjs\react-dom.development.js:4164:14)
    at HTMLUnknownElement.callTheUserObjectsOperation 
(C:\Users\vikas\Downloads\EduVault\node_modules\jsdom\lib\jsdom\living\generated\EventListener.js:26:30)
    at innerInvokeEventListeners 
(C:\Users\vikas\Downloads\EduVault\node_modules\jsdom\lib\jsdom\living\events\EventTarget-impl.js:350:25)
    at invokeEventListeners 
(C:\Users\vikas\Downloads\EduVault\node_modules\jsdom\lib\jsdom\living\events\EventTarget-impl.js:286:3)
    at HTMLUnknownElementImpl._dispatch 
(C:\Users\vikas\Downloads\EduVault\node_modules\jsdom\lib\jsdom\living\events\EventTarget-impl.js:233:9)
    at HTMLUnknownElementImpl.dispatchEvent 
(C:\Users\vikas\Downloads\EduVault\node_modules\jsdom\lib\jsdom\living\events\EventTarget-impl.js:104:17)
Error: Uncaught [TypeError: Cannot read properties of undefined (reading 'timeLimit')]
    at reportException 
(C:\Users\vikas\Downloads\EduVault\node_modules\jsdom\lib\jsdom\living\helpers\runtime-script-errors.js:66:24)
    at innerInvokeEventListeners 
(C:\Users\vikas\Downloads\EduVault\node_modules\jsdom\lib\jsdom\living\events\EventTarget-impl.js:353:9)
    at invokeEventListeners 
(C:\Users\vikas\Downloads\EduVault\node_modules\jsdom\lib\jsdom\living\events\EventTarget-impl.js:286:3)
    at HTMLUnknownElementImpl._dispatch 
(C:\Users\vikas\Downloads\EduVault\node_modules\jsdom\lib\jsdom\living\events\EventTarget-impl.js:233:9)
    at HTMLUnknownElementImpl.dispatchEvent 
(C:\Users\vikas\Downloads\EduVault\node_modules\jsdom\lib\jsdom\living\events\EventTarget-impl.js:104:17)
    at HTMLUnknownElement.dispatchEvent 
(C:\Users\vikas\Downloads\EduVault\node_modules\jsdom\lib\jsdom\living\generated\EventTarget.js:241:34)
    at Object.invokeGuardedCallbackDev 
(C:\Users\vikas\Downloads\EduVault\node_modules\react-dom\cjs\react-dom.development.js:4213:16)
    at invokeGuardedCallback 
(C:\Users\vikas\Downloads\EduVault\node_modules\react-dom\cjs\react-dom.development.js:4277:31)
    at beginWork$1 (C:\Users\vikas\Downloads\EduVault\node_modules\react-dom\cjs\react-dom.development.js:27490:7)
    at performUnitOfWork 
(C:\Users\vikas\Downloads\EduVault\node_modules\react-dom\cjs\react-dom.development.js:26599:12) TypeError: Cannot 
read properties of undefined (reading 'timeLimit')
    at EnhancedQuizComponent (C:/Users/vikas/Downloads/EduVault/src/components/EnhancedQuizComponent.tsx:91:45)
    at renderWithHooks 
(C:\Users\vikas\Downloads\EduVault\node_modules\react-dom\cjs\react-dom.development.js:15486:18)
    at mountIndeterminateComponent 
(C:\Users\vikas\Downloads\EduVault\node_modules\react-dom\cjs\react-dom.development.js:20103:13)
    at beginWork (C:\Users\vikas\Downloads\EduVault\node_modules\react-dom\cjs\react-dom.development.js:21626:16)
    at HTMLUnknownElement.callCallback 
(C:\Users\vikas\Downloads\EduVault\node_modules\react-dom\cjs\react-dom.development.js:4164:14)
    at HTMLUnknownElement.callTheUserObjectsOperation 
(C:\Users\vikas\Downloads\EduVault\node_modules\jsdom\lib\jsdom\living\generated\EventListener.js:26:30)
    at innerInvokeEventListeners 
(C:\Users\vikas\Downloads\EduVault\node_modules\jsdom\lib\jsdom\living\events\EventTarget-impl.js:350:25)
    at invokeEventListeners 
(C:\Users\vikas\Downloads\EduVault\node_modules\jsdom\lib\jsdom\living\events\EventTarget-impl.js:286:3)
    at HTMLUnknownElementImpl._dispatch 
(C:\Users\vikas\Downloads\EduVault\node_modules\jsdom\lib\jsdom\living\events\EventTarget-impl.js:233:9)
    at HTMLUnknownElementImpl.dispatchEvent 
(C:\Users\vikas\Downloads\EduVault\node_modules\jsdom\lib\jsdom\living\events\EventTarget-impl.js:104:17)
[90mstderr[2m | src/components/__tests__/EnhancedQuizComponent.test.tsx[2m > [22m[2mEnhancedQuizComponent[2m > 
[22m[2merror handling[2m > [22m[2mshould_handle_empty_questions_array
[22m[39mThe above error occurred in the <EnhancedQuizComponent> component:

    at EnhancedQuizComponent (C:/Users/vikas/Downloads/EduVault/src/components/EnhancedQuizComponent.tsx:12:3)

Consider adding an error boundary to your tree to customize error handling behavior.
Visit https://reactjs.org/link/error-boundaries to learn more about error boundaries.

 [31m├ù[39m src/components/__tests__/EnhancedQuizComponent.test.tsx[2m > [22mEnhancedQuizComponent[2m > [22mquiz completion[2m > [22mshould_complete_quiz_successfully[32m 79[2mms[22m[39m
[31m   ΓåÆ expected "vi.fn()" to be called with arguments: [ ArrayContaining{ΓÇª} ][90m

Number of calls: [1m0[22m
[31m[39m
 [31m├ù[39m src/components/__tests__/EnhancedQuizComponent.test.tsx[2m > [22mEnhancedQuizComponent[2m > [22mquiz completion[2m > [22mshould_calculate_score_correctly[32m 34[2mms[22m[39m
[31m   ΓåÆ Unable to find an element with the text: Score: 1. This could be because the text is broken up by multiple elements. In this case, you can provide a function for your text matcher to make your matcher more flexible.

Ignored nodes: comments, script, style
[36m<body>[31m
  [36m<div[31m
    [33maria-atomic[31m=[32m"true"[31m
    [33maria-live[31m=[32m"polite"[31m
    [33mclass[31m=[32m"sr-only"[31m
    [33mrole[31m=[32m"status"[31m
  [36m>[31m
    [0mCorrect![0m
  [36m</div>[31m
  [36m<div[31m
    [33maria-atomic[31m=[32m"true"[31m
    [33maria-live[31m=[32m"polite"[31m
    [33mclass[31m=[32m"sr-only"[31m
    [33mrole[31m=[32m"status"[31m
  [36m>[31m
    [0mIncorrect. The correct answer is 4[0m
  [36m</div>[31m
  [36m<div[31m
    [33maria-atomic[31m=[32m"true"[31m
    [33maria-live[31m=[32m"polite"[31m
    [33mclass[31m=[32m"sr-only"[31m
    [33mrole[31m=[32m"status"[31m
  [36m>[31m
    [0mCorrect![0m
  [36m</div>[31m
  [36m<div[31m
    [33maria-atomic[31m=[32m"true"[31m
    [33maria-live[31m=[32m"polite"[31m
    [33mclass[31m=[32m"sr-only"[31m
    [33mrole[31m=[32m"status"[31m
  [36m>[31m
    [0mCorrect![0m
  [36m</div>[31m
  [36m<div[31m
    [33maria-atomic[31m=[32m"true"[31m
    [33maria-live[31m=[32m"polite"[31m
    [33mclass[31m=[32m"sr-only"[31m
    [33mrole[31m=[32m"status"[31m
  [36m>[31m
    [0mCorrect![0m
  [36m</div>[31m
  [36m<div[31m
    [33maria-atomic[31m=[32m"true"[31m
    [33maria-live[31m=[32m"polite"[31m
    [33mclass[31m=[32m"sr-only"[31m
    [33mrole[31m=[32m"status"[31m
  [36m>[31m
    [0mCorrect![0m
  [36m</div>[31m
  [36m<div[31m
    [33maria-atomic[31m=[32m"true"[31m
    [33maria-live[31m=[32m"polite"[31m
    [33mclass[31m=[32m"sr-only"[31m
    [33mrole[31m=[32m"status"[31m
  [36m>[31m
    [0mCorrect![0m
  [36m</div>[31m
  [36m<div[31m
    [33maria-atomic[31m=[32m"true"[31m
    [33maria-live[31m=[32m"polite"[31m
    [33mclass[31m=[32m"sr-only"[31m
    [33mrole[31m=[32m"status"[31m
  [36m>[31m
    [0mCorrect![0m
  [36m</div>[31m
  [36m<div[31m
    [33maria-atomic[31m=[32m"true"[31m
    [33maria-live[31m=[32m"polite"[31m
    [33mclass[31m=[32m"sr-only"[31m
    [33mrole[31m=[32m"status"[31m
  [36m>[31m
    [0mHint: Think about basic addition[0m
  [36m</div>[31m
  [36m<div[31m
    [33maria-atomic[31m=[32m"true"[31m
    [33maria-live[31m=[32m"polite"[31m
    [33mclass[31m=[32m"sr-only"[31m
    [33mrole[31m=[32m"status"[31m
  [36m>[31m
    [0mHint: Think about basic addition[0m
  [36m</div>[31m
  [36m<div[31m
    [33maria-atomic[31m=[32m"true"[31m
    [33maria-live[31m=[32m"polite"[31m
    [33mclass[31m=[32m"sr-only"[31m
    [33mrole[31m=[32m"status"[31m
  [36m>[31m
    [0mCorrect![0m
  [36m</div>[31m
  [36m<div[31m
    [33maria-atomic[31m=[32m"true"[31m
    [33maria-live[31m=[32m"polite"[31m
    [33mclass[31m=[32m"sr-only"[31m
    [33mrole[31m=[32m"status"[31m
  [36m>[31m
    [0mCorrect![0m
  [36m</div>[31m
  [36m<div[31m
    [33maria-atomic[31m=[32m"true"[31m
    [33maria-live[31m=[32m"polite"[31m
    [33mclass[31m=[32m"sr-only"[31m
    [33mrole[31m=[32m"status"[31m
  [36m>[31m
    [0mCorrect![0m
  [36m</div>[31m
  [36m<div>[31m
    [36m<div[31m
      [33mclass[31m=[32m"space-y-6"[31m
    [36m>[31m
      [36m<div[31m
        [33mclass[31m=[32m"space-y-2"[31m
      [36m>[31m
        [36m<div[31m
          [33mclass[31m=[32m"flex justify-between text-sm text-gray-600"[31m
        [36m>[31m
          [36m<span>[31m
            [0mQuestion[0m
            [0m1[0m
            [0m [0m
            [0mof[0m
            [0m3[0m
          [36m</span>[31m
          [36m<div[31m
            [33mclass[31m=[32m"flex gap-4"[31m
          [36m>[31m
            [36m<span>[31m
              [0mScore:[0m
              [0m1[0m
            [36m</span>[31m
            [36m<span[31m
              [33mclass[31m=[32m""[31m
            [36m>[31m
              [0mTime:[0m
              [0m [0m
              [0m30[0m
              [0ms[0m
            [36m</span>[31m
          [36m</div>[31m
        [36m</div>[31m
        [36m<div[31m
          [33maria-valuemax[31m=[32m"3"[31m
          [33maria-valuemin[31m=[32m"1"[31m
          [33maria-valuenow[31m=[32m"1"[31m
          [33mclass[31m=[32m"w-full bg-gray-200 rounded-full h-2"[31m
          [33mrole[31m=[32m"progressbar"[31m
        [36m>[31m
          [36m<div[31m
            [33mclass[31m=[32m"bg-primary-500 h-2 rounded-full transition-all duration-300"[31m
            [33mstyle[31m=[32m"width: 33.33333333333333%;"[31m
          [36m/>[31m
        [36m</div>[31m
      [36m</div>[31m
      [36m<article[31m
        [33mclass[31m=[32m"card"[31m
      [36m>[31m
        [36m<div[31m
          [33mclass[31m=[32m"flex justify-between items-start mb-4"[31m
        [36m>[31m
          [36m<div[31m
            [33mclass[31m=[32m"flex-1"[31m
          [36m>[31m
            [36m<div[31m
              [33mclass[31m=[32m"flex items-center gap-2 mb-2"[31m
            [36m>[31m
              [36m<span[31m
                [33mclass[31m=[32m"px-2 py-1 bg-primary-100 text-primary-800 text-xs font-medium rounded"[31m
              [36m>[31m
                [0mBeginner[0m
              [36m</span>[31m
              [36m<span[31m
                [33mclass[31m=[32m"px-2 py-1 bg-gray-100 text-gray-800 text-xs font-medium rounded"[31m
              [36m>[31m
                [0m1[0m
                [0m [0m
                [0mpoints[0m
              [36m</span>[31m
            [36m</div>[31m
            [36m<h2[31m
              [33mclass[31m=[32m"text-xl font-bold text-gray-900"[31m
            [36m>[31m
              [0mWhat is 2 + 2?[0m
            [36m</h2>[31m
          [36m</div>[31m
          [36m<button[31m
            [33maria-label[31m=[32m"Read question aloud"[31m
            [33mclass[31m=[32m"p-2 hover:bg-gray-100 rounded-lg"[31m
            [33mtype[31m=[32m"button"[31m
          [36m>[31m
            [36m<svg[31m
              [33maria-hidden[31m=[32m"true"[31m
              [33mclass[31m=[32m"w-5 h-5"[31m
              [33mfill[31m=[32m"currentColor"[31m
              [33mviewBox[31m=[32m"0 0 20 20"[31m
            [36m>[31m
              [36m<path[31m
                [33mclip-rule[31m=[32m"evenodd"[31m
                [33md[31m=[32m"M18 3a1 1 0 00-1.447-.894L8.763 6H5a3 3 0 000 6h.28l1.771 5.316A1 1 0 008 18h1a1 1 0 001-1v-4.382l6.553 3.276A1 1 0 0018 15V3z"[31m
                [33mfill-rule[31m=[32m"evenodd"[31m
              [36m/>[31m
            [36m</svg>[31m
          [36m</button>[31m
        [36m</div>[31m
        [36m<div[31m
          [33maria-label[31m=[32m"Answer options"[31m
          [33mclass[31m=[32m"space-y-3"[31m
          [33mrole[31m=[32m"radiogroup"[31m
        [36m>[31m
          [36m<button[31m
            [33maria-checked[31m=[32m"false"[31m
            [33maria-label[31m=[32m"3"[31m
            [33mclass[31m=[32m"w-full p-4 text-left border-2 rounded-lg transition-all shadow-sm border-gray-300 hover:border-primary-400 bg-white"[31m
            [33mdisabled[31m=[32m""[31m
            [33mrole[31m=[32m"radio"[31m
            [33mtype[31m=[32m"button"[31m
          [36m>[31m
            [36m<div[31m
              [33mclass[31m=[32m"flex items-center justify-between"[31m
            [36m>[31m
              [36m<span[31m
                [33mclass[31m=[32m"font-medium"[31m
              [36m>[31m
                [0m3[0m
              [36m</span>[31m
            [36m</div>[31m
          [36m</button>[31m
          [36m<button[31m
            [33maria-checked[31m=[32m"true"[31m
            [33maria-label[31m=[32m"4"[31m
            [33mclass[31m=[32m"w-full p-4 text-left border-2 rounded-lg transition-all shadow-sm border-accessible-success bg-green-50"[31m
            [33mdisabled[31m=[32m""[31m
            [33mrole[31m=[32m"radio"[31m
            [33mtype[31m=[32m"button"[31m
          [36m>[31m
            [36m<div[31m
              [33mclass[31m=[32m"flex items-center justify-between"[31m
            [36m>[31m
              [36m<span[31m
                [33mclass[31m=[32m"font-medium"[31m
              [36m>[31m
                [0m4[0m
              [36m</span>[31m
              [36m<svg[31m
                [33maria-label[31m=[32m"Correct"[31m
                [33mclass[31m=[32m"w-6 h-6 text-green-600"[31m
                [33mfill[31m=[32m"currentColor"[31m
                [33mviewBox[31m=[32m"0 0 20 20"[31m
              [36m>[31m
                [36m<path[31m
                  [33mclip-rule[31m=[32m"evenodd"[31m
                  [33md[31m=[32m"M10 18a8 8 0 100-16 8 8 0 000 16zm3.707-9.293a1 1 0 00-1.414-1.414L9 10.586 7.707 9.293a1 1 0 00-1.414 1.414l2 2a1 1 0 001.414 0l4-4z"[31m
                  [33mfill-rule[31m=[32m"evenodd"[31m
                [36m/>[31m
              [36m</svg>[31m
            [36m</div>[31m
          [36m</button>[31m
          [36m<button[31m
            [33maria-checked[31m=[32m"false"[31m
            [33maria-label[31m=[32m"5"[31m
            [33mclass[31m=[32m"w-full p-4 text-left border-2 rounded-lg transition-all shadow-sm border-gray-300 hover:border-primary-400 bg-white"[31m
            [33mdisabled[31m=[32m""[31m
            [33mrole[31m=[32m"radio"[31m
            [33mtype[31m=[32m"button"[31m
          [36m>[31m
            [36m<div[31m
              [33mclass[31m=[32m"flex items-center justify-between"[31m
            [36m>[31m
              [36m<span[31m
                [33mclass[31m=[32m"font-medium"[31m
              [36m>[31m
                [0m5[0m
              [36m</span>[31m
            [36m</div>[31m
          [36m</button>[31m
          [36m<button[31m
            [33maria-checked[31m=[32m"false"[31m
            [33maria-label[31m=[32m"6"[31m
            [33mclass[31m=[32m"w-full p-4 text-left border-2 rounded-lg transition-all shadow-sm border-gray-300 hover:border-primary-400 bg-white"[31m
            [33mdisabled[31m=[32m""[31m
            [33mrole[31m=[32m"radio"[31m
            [33mtype[31m=[32m"button"[31m
          [36m>[31m
            [36m<div[31m
              [33mclass[31m=[32m"flex items-center justify-between"[31m
            [36m>[31m
              [36m<span[31m
                [33mclass[31m=[32m"font-medium"[31m
              [36m>[31m
                [0m6[0m
              [36m</span>[31m
            [36m</div>[31m
          [36m</button>[31m
        [36m</div>[31m
        [36m<div[31m
          [33mclass[31m=[32m"mt-4"[31m
        [36m>[31m
          [36m<button[31m
            [33mclass[31m=[32m"text-sm text-primary-600 hover:text-primary-800 disabled:text-gray-400"[31m
            [33mtype[31m=[32m"button"[31m
          [36m>[31m
            [0mUse Hint ([0m
            [0m0[0m
            [0m/[0m
            [0m1[0m
            [0m)[0m
          [36m</button>[31m
        [36m</div>[31m
        [36m<div[31m
          [33maria-live[31m=[32m"polite"[31m
          [33mclass[31m=[32m"mt-4 p-4 bg-blue-50 border border-blue-200 rounded-lg"[31m
          [33mrole[31m=[32m"status"[31m
        [36m>[31m
          [36m<p[31m
            [33mclass[31m=[32m"text-gray-800"[31m
          [36m>[31m
            [0m2 + 2 equals 4[0m
          [36m</p>[31m
        [36m</div>[31m
      [36m</article>[31m
      [36m<div[31m
        [33mclass[31m=[32m"flex justify-between"[31m
      [36m>[31m
        [36m<button[31m
          [33maria-label[31m=[32m"Exit quiz"[31m
          [33mclass[31m=[32m"btn-secondary"[31m
          [33mtype[31m=[32m"button"[31m
        [36m>[31m
          [0mExit Quiz[0m
        [36m</button>[31m
        [36m<div[31m
          [33mclass[31m=[32m"flex gap-2"[31m
        [36m>[31m
          [36m<button[31m
            [33mclass[31m=[32m"btn-primary"[31m
            [33mtype[31m=[32m"button"[31m
          [36m>[31m
            [0mNext Question[0m
          [36m</button>[31m
        [36m</div>[31m
      [36m</div>[31m
    [36m</div>[31m
  [36m</div>[31m
  [36m<div[31m
    [33maria-atomic[31m=[32m"true"[31m
    [33maria-live[31m=[32m"polite"[31m
    [33mclass[31m=[32m"sr-only"[31m
    [33mrole[31m=[32m"status"[31m
  [36m>[31m
    [0mCorrect![0m
  [36m</div>[31m
[36m</body>[31m[39m
 [31m├ù[39m src/components/__tests__/EnhancedQuizComponent.test.tsx[2m > [22mEnhancedQuizComponent[2m > [22mnavigation[2m > [22mshould_navigate_between_questions[32m 23[2mms[22m[39m
[31m   ΓåÆ Unable to find an element with the text: Question 2 of 3. This could be because the text is broken up by multiple elements. In this case, you can provide a function for your text matcher to make your matcher more flexible.

Ignored nodes: comments, script, style
[36m<body>[31m
  [36m<div[31m
    [33maria-atomic[31m=[32m"true"[31m
    [33maria-live[31m=[32m"polite"[31m
    [33mclass[31m=[32m"sr-only"[31m
    [33mrole[31m=[32m"status"[31m
  [36m>[31m
    [0mCorrect![0m
  [36m</div>[31m
  [36m<div[31m
    [33maria-atomic[31m=[32m"true"[31m
    [33maria-live[31m=[32m"polite"[31m
    [33mclass[31m=[32m"sr-only"[31m
    [33mrole[31m=[32m"status"[31m
  [36m>[31m
    [0mIncorrect. The correct answer is 4[0m
  [36m</div>[31m
  [36m<div[31m
    [33maria-atomic[31m=[32m"true"[31m
    [33maria-live[31m=[32m"polite"[31m
    [33mclass[31m=[32m"sr-only"[31m
    [33mrole[31m=[32m"status"[31m
  [36m>[31m
    [0mCorrect![0m
  [36m</div>[31m
  [36m<div[31m
    [33maria-atomic[31m=[32m"true"[31m
    [33maria-live[31m=[32m"polite"[31m
    [33mclass[31m=[32m"sr-only"[31m
    [33mrole[31m=[32m"status"[31m
  [36m>[31m
    [0mCorrect![0m
  [36m</div>[31m
  [36m<div[31m
    [33maria-atomic[31m=[32m"true"[31m
    [33maria-live[31m=[32m"polite"[31m
    [33mclass[31m=[32m"sr-only"[31m
    [33mrole[31m=[32m"status"[31m
  [36m>[31m
    [0mCorrect![0m
  [36m</div>[31m
  [36m<div[31m
    [33maria-atomic[31m=[32m"true"[31m
    [33maria-live[31m=[32m"polite"[31m
    [33mclass[31m=[32m"sr-only"[31m
    [33mrole[31m=[32m"status"[31m
  [36m>[31m
    [0mCorrect![0m
  [36m</div>[31m
  [36m<div[31m
    [33maria-atomic[31m=[32m"true"[31m
    [33maria-live[31m=[32m"polite"[31m
    [33mclass[31m=[32m"sr-only"[31m
    [33mrole[31m=[32m"status"[31m
  [36m>[31m
    [0mCorrect![0m
  [36m</div>[31m
  [36m<div[31m
    [33maria-atomic[31m=[32m"true"[31m
    [33maria-live[31m=[32m"polite"[31m
    [33mclass[31m=[32m"sr-only"[31m
    [33mrole[31m=[32m"status"[31m
  [36m>[31m
    [0mCorrect![0m
  [36m</div>[31m
  [36m<div[31m
    [33maria-atomic[31m=[32m"true"[31m
    [33maria-live[31m=[32m"polite"[31m
    [33mclass[31m=[32m"sr-only"[31m
    [33mrole[31m=[32m"status"[31m
  [36m>[31m
    [0mHint: Think about basic addition[0m
  [36m</div>[31m
  [36m<div[31m
    [33maria-atomic[31m=[32m"true"[31m
    [33maria-live[31m=[32m"polite"[31m
    [33mclass[31m=[32m"sr-only"[31m
    [33mrole[31m=[32m"status"[31m
  [36m>[31m
    [0mHint: Think about basic addition[0m
  [36m</div>[31m
  [36m<div[31m
    [33maria-atomic[31m=[32m"true"[31m
    [33maria-live[31m=[32m"polite"[31m
    [33mclass[31m=[32m"sr-only"[31m
    [33mrole[31m=[32m"status"[31m
  [36m>[31m
    [0mCorrect![0m
  [36m</div>[31m
  [36m<div[31m
    [33maria-atomic[31m=[32m"true"[31m
    [33maria-live[31m=[32m"polite"[31m
    [33mclass[31m=[32m"sr-only"[31m
    [33mrole[31m=[32m"status"[31m
  [36m>[31m
    [0mCorrect![0m
  [36m</div>[31m
  [36m<div[31m
    [33maria-atomic[31m=[32m"true"[31m
    [33maria-live[31m=[32m"polite"[31m
    [33mclass[31m=[32m"sr-only"[31m
    [33mrole[31m=[32m"status"[31m
  [36m>[31m
    [0mCorrect![0m
  [36m</div>[31m
  [36m<div[31m
    [33maria-atomic[31m=[32m"true"[31m
    [33maria-live[31m=[32m"polite"[31m
    [33mclass[31m=[32m"sr-only"[31m
    [33mrole[31m=[32m"status"[31m
  [36m>[31m
    [0mCorrect![0m
  [36m</div>[31m
  [36m<div>[31m
    [36m<div[31m
      [33mclass[31m=[32m"space-y-6"[31m
    [36m>[31m
      [36m<div[31m
        [33mclass[31m=[32m"space-y-2"[31m
      [36m>[31m
        [36m<div[31m
          [33mclass[31m=[32m"flex justify-between text-sm text-gray-600"[31m
        [36m>[31m
          [36m<span>[31m
            [0mQuestion[0m
            [0m2[0m
            [0m [0m
            [0mof[0m
            [0m3[0m
          [36m</span>[31m
          [36m<div[31m
            [33mclass[31m=[32m"flex gap-4"[31m
          [36m>[31m
            [36m<span>[31m
              [0mScore:[0m
              [0m1[0m
            [36m</span>[31m
            [36m<span[31m
              [33mclass[31m=[32m""[31m
            [36m>[31m
              [0mTime:[0m
              [0m [0m
              [0m30[0m
              [0ms[0m
            [36m</span>[31m
          [36m</div>[31m
        [36m</div>[31m
        [36m<div[31m
          [33maria-valuemax[31m=[32m"3"[31m
          [33maria-valuemin[31m=[32m"1"[31m
          [33maria-valuenow[31m=[32m"2"[31m
          [33mclass[31m=[32m"w-full bg-gray-200 rounded-full h-2"[31m
          [33mrole[31m=[32m"progressbar"[31m
        [36m>[31m
          [36m<div[31m
            [33mclass[31m=[32m"bg-primary-500 h-2 rounded-full transition-all duration-300"[31m
            [33mstyle[31m=[32m"width: 66.66666666666666%;"[31m
          [36m/>[31m
        [36m</div>[31m
      [36m</div>[31m
      [36m<article[31m
        [33mclass[31m=[32m"card"[31m
      [36m>[31m
        [36m<div[31m
          [33mclass[31m=[32m"flex justify-between items-start mb-4"[31m
        [36m>[31m
          [36m<div[31m
            [33mclass[31m=[32m"flex-1"[31m
          [36m>[31m
            [36m<div[31m
              [33mclass[31m=[32m"flex items-center gap-2 mb-2"[31m
            [36m>[31m
              [36m<span[31m
                [33mclass[31m=[32m"px-2 py-1 bg-primary-100 text-primary-800 text-xs font-medium rounded"[31m
              [36m>[31m
                [0mBeginner[0m
              [36m</span>[31m
              [36m<span[31m
                [33mclass[31m=[32m"px-2 py-1 bg-gray-100 text-gray-800 text-xs font-medium rounded"[31m
              [36m>[31m
                [0m1[0m
                [0m [0m
                [0mpoints[0m
              [36m</span>[31m
            [36m</div>[31m
            [36m<h2[31m
              [33mclass[31m=[32m"text-xl font-bold text-gray-900"[31m
            [36m>[31m
              [0mIs the sky blue?[0m
            [36m</h2>[31m
          [36m</div>[31m
          [36m<button[31m
            [33maria-label[31m=[32m"Read question aloud"[31m
            [33mclass[31m=[32m"p-2 hover:bg-gray-100 rounded-lg"[31m
            [33mtype[31m=[32m"button"[31m
          [36m>[31m
            [36m<svg[31m
              [33maria-hidden[31m=[32m"true"[31m
              [33mclass[31m=[32m"w-5 h-5"[31m
              [33mfill[31m=[32m"currentColor"[31m
              [33mviewBox[31m=[32m"0 0 20 20"[31m
            [36m>[31m
              [36m<path[31m
                [33mclip-rule[31m=[32m"evenodd"[31m
                [33md[31m=[32m"M18 3a1 1 0 00-1.447-.894L8.763 6H5a3 3 0 000 6h.28l1.771 5.316A1 1 0 008 18h1a1 1 0 001-1v-4.382l6.553 3.276A1 1 0 0018 15V3z"[31m
                [33mfill-rule[31m=[32m"evenodd"[31m
              [36m/>[31m
            [36m</svg>[31m
          [36m</button>[31m
        [36m</div>[31m
        [36m<div[31m
          [33maria-label[31m=[32m"True or False"[31m
          [33mclass[31m=[32m"space-y-3"[31m
          [33mrole[31m=[32m"radiogroup"[31m
        [36m>[31m
          [36m<button[31m
            [33maria-checked[31m=[32m"false"[31m
            [33maria-label[31m=[32m"True"[31m
            [33mclass[31m=[32m"w-full p-4 text-left border-2 rounded-lg transition-all shadow-sm border-gray-300 hover:border-primary-400 bg-white"[31m
            [33mrole[31m=[32m"radio"[31m
            [33mtype[31m=[32m"button"[31m
          [36m>[31m
            [36m<span[31m
              [33mclass[31m=[32m"font-medium text-lg"[31m
            [36m>[31m
              [0mTrue[0m
            [36m</span>[31m
          [36m</button>[31m
          [36m<button[31m
            [33maria-checked[31m=[32m"false"[31m
            [33maria-label[31m=[32m"False"[31m
            [33mclass[31m=[32m"w-full p-4 text-left border-2 rounded-lg transition-all shadow-sm border-gray-300 hover:border-primary-400 bg-white"[31m
            [33mrole[31m=[32m"radio"[31m
            [33mtype[31m=[32m"button"[31m
          [36m>[31m
            [36m<span[31m
              [33mclass[31m=[32m"font-medium text-lg"[31m
            [36m>[31m
              [0mFalse[0m
            [36m</span>[31m
          [36m</button>[31m
        [36m</div>[31m
        [36m<div[31m
          [33mclass[31m=[32m"mt-4"[31m
        [36m>[31m
          [36m<button[31m
            [33mclass[31m=[32m"text-sm text-primary-600 hover:text-primary-800 disabled:text-gray-400"[31m
            [33mtype[31m=[32m"button"[31m
          [36m>[31m
            [0mUse Hint ([0m
            [0m0[0m
            [0m/[0m
            [0m1[0m
            [0m)[0m
          [36m</button>[31m
        [36m</div>[31m
      [36m</article>[31m
      [36m<div[31m
        [33mclass[31m=[32m"flex justify-between"[31m
      [36m>[31m
        [36m<button[31m
          [33maria-label[31m=[32m"Exit quiz"[31m
          [33mclass[31m=[32m"btn-secondary"[31m
          [33mtype[31m=[32m"button"[31m
        [36m>[31m
          [0mExit Quiz[0m
        [36m</button>[31m
        [36m<div[31m
          [33mclass[31m=[32m"flex gap-2"[31m
        [36m/>[31m
      [36m</div>[31m
    [36m</div>[31m
  [36m</div>[31m
  [36m<div[31m
    [33maria-atomic[31m=[32m"true"[31m
    [33maria-live[31m=[32m"polite"[31m
    [33mclass[31m=[32m"sr-only"[31m
    [33mrole[31m=[32m"status"[31m
  [36m>[31m
    [0mCorrect![0m
  [36m</div>[31m
[36m</body>[31m[39m
 [32mΓ£ô[39m src/components/__tests__/EnhancedQuizComponent.test.tsx[2m > [22mEnhancedQuizComponent[2m > [22mnavigation[2m > [22mshould_show_exit_button[32m 5[2mms[22m[39m
 [32mΓ£ô[39m src/components/__tests__/EnhancedQuizComponent.test.tsx[2m > [22mEnhancedQuizComponent[2m > [22mnavigation[2m > [22mshould_call_onComplete_when_exit_clicked[32m 7[2mms[22m[39m
 [32mΓ£ô[39m src/components/__tests__/EnhancedQuizComponent.test.tsx[2m > [22mEnhancedQuizComponent[2m > [22maccessibility[2m > [22mshould_have_proper_aria_labels[32m 7[2mms[22m[39m
 [31m├ù[39m src/components/__tests__/EnhancedQuizComponent.test.tsx[2m > [22mEnhancedQuizComponent[2m > [22maccessibility[2m > [22mshould_have_proper_aria_checked_states[32m 10[2mms[22m[39m
[31m   ΓåÆ [2mexpect([22m[31melement[31m[2m).toHaveAttribute([22m[32m[32m"aria-checked"[32m[31m[2m, [22m[32m[32m"true"[32m[31m[2m) // element.getAttribute("aria-checked") === "true"[22m

Expected the element to have attribute:
[32m  aria-checked="true"[31m
Received:
[31m  null[31m[39m
 [31m├ù[39m src/components/__tests__/EnhancedQuizComponent.test.tsx[2m > [22mEnhancedQuizComponent[2m > [22merror handling[2m > [22mshould_handle_empty_questions_array[32m 14[2mms[22m[39m
[31m   ΓåÆ Cannot read properties of undefined (reading 'timeLimit')[39m
 [31m├ù[39m src/components/__tests__/EnhancedQuizComponent.test.tsx[2m > [22mEnhancedQuizComponent[2m > [22merror handling[2m > [22mshould_handle_questions_without_time_limits[32m 4[2mms[22m[39m
[31m   ΓåÆ [2mexpect([22m[31melement[31m[2m).not.toBeInTheDocument()[22m

[31mexpected document not to contain element, found <span
  class=""
>
  Time:
   
  30
  s
</span> instead[31m[39m

[31mΓÄ»ΓÄ»ΓÄ»ΓÄ»ΓÄ»ΓÄ»[39m[1m[41m Failed Tests 70 [49m[22m[31mΓÄ»ΓÄ»ΓÄ»ΓÄ»ΓÄ»ΓÄ»ΓÄ»[39m

[41m[1m FAIL [22m[49m src/components/__tests__/ContentSyncComponent.test.tsx[2m > [22mContentSyncComponent[2m 
> [22mrendering[2m > [22mshould_render_sync_interface_correctly
[41m[1m FAIL [22m[49m src/components/__tests__/ContentSyncComponent.test.tsx[2m > [22mContentSyncComponent[2m 
> [22mrendering[2m > [22mshould_show_online_status
[41m[1m FAIL [22m[49m src/components/__tests__/ContentSyncComponent.test.tsx[2m > [22mContentSyncComponent[2m 
> [22mrendering[2m > [22mshould_show_offline_status_when_offline
[41m[1m FAIL [22m[49m src/components/__tests__/ContentSyncComponent.test.tsx[2m > [22mContentSyncComponent[2m 
> [22msource selection[2m > [22mshould_select_ncert_by_default
[41m[1m FAIL [22m[49m src/components/__tests__/ContentSyncComponent.test.tsx[2m > [22mContentSyncComponent[2m 
> [22msource selection[2m > [22mshould_allow_source_selection
[41m[1m FAIL [22m[49m src/components/__tests__/ContentSyncComponent.test.tsx[2m > [22mContentSyncComponent[2m 
> [22msource selection[2m > [22mshould_disable_selection_when_offline
[41m[1m FAIL [22m[49m src/components/__tests__/ContentSyncComponent.test.tsx[2m > [22mContentSyncComponent[2m 
> [22msync functionality[2m > [22mshould_sync_successfully
[41m[1m FAIL [22m[49m src/components/__tests__/ContentSyncComponent.test.tsx[2m > [22mContentSyncComponent[2m 
> [22msync functionality[2m > [22mshould_handle_sync_failures
[41m[1m FAIL [22m[49m src/components/__tests__/ContentSyncComponent.test.tsx[2m > [22mContentSyncComponent[2m 
> [22msync functionality[2m > [22mshould_handle_sync_errors
[41m[1m FAIL [22m[49m src/components/__tests__/ContentSyncComponent.test.tsx[2m > [22mContentSyncComponent[2m 
> [22msync functionality[2m > [22mshould_show_syncing_state
[41m[1m FAIL [22m[49m src/components/__tests__/ContentSyncComponent.test.tsx[2m > [22mContentSyncComponent[2m 
> [22msync functionality[2m > [22mshould_show_alert_when_offline
[41m[1m FAIL [22m[49m src/components/__tests__/ContentSyncComponent.test.tsx[2m > [22mContentSyncComponent[2m 
> [22mlast sync time[2m > [22mshould_display_last_sync_time_from_localStorage
[41m[1m FAIL [22m[49m src/components/__tests__/ContentSyncComponent.test.tsx[2m > [22mContentSyncComponent[2m 
> [22mlast sync time[2m > [22mshould_save_sync_time_to_localStorage
[41m[1m FAIL [22m[49m src/components/__tests__/ContentSyncComponent.test.tsx[2m > [22mContentSyncComponent[2m 
> [22msync status display[2m > [22mshould_show_success_status_with_green_icon
[41m[1m FAIL [22m[49m src/components/__tests__/ContentSyncComponent.test.tsx[2m > [22mContentSyncComponent[2m 
> [22msync status display[2m > [22mshould_show_warning_status_with_yellow_icon
[41m[1m FAIL [22m[49m src/components/__tests__/ContentSyncComponent.test.tsx[2m > [22mContentSyncComponent[2m 
> [22msync status display[2m > [22mshould_display_sync_statistics
[41m[1m FAIL [22m[49m src/components/__tests__/ContentSyncComponent.test.tsx[2m > [22mContentSyncComponent[2m 
> [22minformation section[2m > [22mshould_display_sync_information
[41m[1m FAIL [22m[49m src/components/__tests__/ContentSyncComponent.test.tsx[2m > [22mContentSyncComponent[2m 
> [22maccessibility[2m > [22mshould_have_proper_aria_labels
[41m[1m FAIL [22m[49m src/components/__tests__/ContentSyncComponent.test.tsx[2m > [22mContentSyncComponent[2m 
> [22maccessibility[2m > [22mshould_be_keyboard_navigable
[41m[1m FAIL [22m[49m src/components/__tests__/ContentSyncComponent.test.tsx[2m > [22mContentSyncComponent[2m 
> [22merror handling[2m > [22mshould_handle_network_errors_gracefully
[41m[1m FAIL [22m[49m src/components/__tests__/ContentSyncComponent.test.tsx[2m > [22mContentSyncComponent[2m 
> [22merror handling[2m > [22mshould_handle_unknown_errors
[41m[1m FAIL [22m[49m src/components/__tests__/ContentSyncComponent.test.tsx[2m > [22mContentSyncComponent[2m 
> [22mcomponent lifecycle[2m > [22mshould_load_last_sync_time_on_mount
[41m[1m FAIL [22m[49m src/components/__tests__/ContentSyncComponent.test.tsx[2m > [22mContentSyncComponent[2m 
> [22mcomponent lifecycle[2m > [22mshould_not_call_onSyncComplete_when_not_provided
[31m[1mTypeError[22m: global.localStorage.getItem.mockReturnValue is not a function[39m
[36m [2mΓ¥»[22m src/components/__tests__/ContentSyncComponent.test.tsx:[2m29:48[22m[39m
    [90m 27| [39m    jest[33m.[39m[34mclearAllMocks[39m()[33m;[39m
    [90m 28| [39m    [90m// Reset localStorage mock[39m
    [90m 29| [39m    (global[33m.[39mlocalStorage[33m.[39mgetItem [35mas[39m 
jest[33m.[39m[33mMock[39m)[33m.[39m[34mmockReturnValue[39m([35mnull[39m)[33m;[39m
    [90m   | [39m                                               [31m^[39m
    [90m 30| [39m    (global[33m.[39mlocalStorage[33m.[39msetItem [35mas[39m 
jest[33m.[39m[33mMock[39m)[33m.[39m[34mmockClear[39m()[33m;[39m
    [90m 31| [39m  })[33m;[39m

[31m[2mΓÄ»ΓÄ»ΓÄ»ΓÄ»ΓÄ»ΓÄ»ΓÄ»ΓÄ»ΓÄ»ΓÄ»ΓÄ»ΓÄ»ΓÄ»ΓÄ»ΓÄ»ΓÄ»ΓÄ»ΓÄ»ΓÄ»ΓÄ»ΓÄ»ΓÄ»ΓÄ»[1/70]ΓÄ»[22m[39m

[41m[1m FAIL [22m[49m src/components/__tests__/EnhancedQuizComponent.test.tsx[2m > 
[22mEnhancedQuizComponent[2m > [22mrendering[2m > [22mshould_render_quiz_interface_correctly
[31m[1mTestingLibraryElementError[22m[39m: Unable to find an element with the text: Question 1 of 3. This could 
be because the text is broken up by multiple elements. In this case, you can provide a function for your text matcher 
to make your matcher more flexible.

Ignored nodes: comments, script, style
[36m<body>[39m
  [36m<div>[39m
    [36m<div[39m
      [33mclass[39m=[32m"space-y-6"[39m
    [36m>[39m
      [36m<div[39m
        [33mclass[39m=[32m"space-y-2"[39m
      [36m>[39m
        [36m<div[39m
          [33mclass[39m=[32m"flex justify-between text-sm text-gray-600"[39m
        [36m>[39m
          [36m<span>[39m
            [0mQuestion[0m
            [0m1[0m
            [0m [0m
            [0mof[0m
            [0m3[0m
          [36m</span>[39m
          [36m<div[39m
            [33mclass[39m=[32m"flex gap-4"[39m
          [36m>[39m
            [36m<span>[39m
              [0mScore:[0m
              [0m0[0m
            [36m</span>[39m
            [36m<span[39m
              [33mclass[39m=[32m""[39m
            [36m>[39m
              [0mTime:[0m
              [0m [0m
              [0m30[0m
              [0ms[0m
            [36m</span>[39m
          [36m</div>[39m
        [36m</div>[39m
        [36m<div[39m
          [33maria-valuemax[39m=[32m"3"[39m
          [33maria-valuemin[39m=[32m"1"[39m
          [33maria-valuenow[39m=[32m"1"[39m
          [33mclass[39m=[32m"w-full bg-gray-200 rounded-full h-2"[39m
          [33mrole[39m=[32m"progressbar"[39m
        [36m>[39m
          [36m<div[39m
            [33mclass[39m=[32m"bg-primary-500 h-2 rounded-full transition-all duration-300"[39m
            [33mstyle[39m=[32m"width: 33.33333333333333%;"[39m
          [36m/>[39m
        [36m</div>[39m
      [36m</div>[39m
      [36m<article[39m
        [33mclass[39m=[32m"card"[39m
      [36m>[39m
        [36m<div[39m
          [33mclass[39m=[32m"flex justify-between items-start mb-4"[39m
        [36m>[39m
          [36m<div[39m
            [33mclass[39m=[32m"flex-1"[39m
          [36m>[39m
            [36m<div[39m
              [33mclass[39m=[32m"flex items-center gap-2 mb-2"[39m
            [36m>[39m
              [36m<span[39m
                [33mclass[39m=[32m"px-2 py-1 bg-primary-100 text-primary-800 text-xs font-medium rounded"[39m
              [36m>[39m
                [0mBeginner[0m
              [36m</span>[39m
              [36m<span[39m
                [33mclass[39m=[32m"px-2 py-1 bg-gray-100 text-gray-800 text-xs font-medium rounded"[39m
              [36m>[39m
                [0m1[0m
                [0m [0m
                [0mpoints[0m
              [36m</span>[39m
            [36m</div>[39m
            [36m<h2[39m
              [33mclass[39m=[32m"text-xl font-bold text-gray-900"[39m
            [36m>[39m
              [0mWhat is 2 + 2?[0m
            [36m</h2>[39m
          [36m</div>[39m
          [36m<button[39m
            [33maria-label[39m=[32m"Read question aloud"[39m
            [33mclass[39m=[32m"p-2 hover:bg-gray-100 rounded-lg"[39m
            [33mtype[39m=[32m"button"[39m
          [36m>[39m
            [36m<svg[39m
              [33maria-hidden[39m=[32m"true"[39m
              [33mclass[39m=[32m"w-5 h-5"[39m
              [33mfill[39m=[32m"currentColor"[39m
              [33mviewBox[39m=[32m"0 0 20 20"[39m
            [36m>[39m
              [36m<path[39m
                [33mclip-rule[39m=[32m"evenodd"[39m
                [33md[39m=[32m"M18 3a1 1 0 00-1.447-.894L8.763 6H5a3 3 0 000 6h.28l1.771 5.316A1 1 0 008 18h1a1 1 
0 001-1v-4.382l6.553 3.276A1 1 0 0018 15V3z"[39m
                [33mfill-rule[39m=[32m"evenodd"[39m
              [36m/>[39m
            [36m</svg>[39m
          [36m</button>[39m
        [36m</div>[39m
        [36m<div[39m
          [33maria-label[39m=[32m"Answer options"[39m
          [33mclass[39m=[32m"space-y-3"[39m
          [33mrole[39m=[32m"radiogroup"[39m
        [36m>[39m
          [36m<button[39m
            [33maria-checked[39m=[32m"false"[39m
            [33maria-label[39m=[32m"3"[39m
            [33mclass[39m=[32m"w-full p-4 text-left border-2 rounded-lg transition-all shadow-sm border-gray-300 
hover:border-primary-400 bg-white"[39m
            [33mrole[39m=[32m"radio"[39m
            [33mtype[39m=[32m"button"[39m
          [36m>[39m
            [36m<div[39m
              [33mclass[39m=[32m"flex items-center justify-between"[39m
            [36m>[39m
              [36m<span[39m
                [33mclass[39m=[32m"font-medium"[39m
              [36m>[39m
                [0m3[0m
              [36m</span>[39m
            [36m</div>[39m
          [36m</button>[39m
          [36m<button[39m
            [33maria-checked[39m=[32m"false"[39m
            [33maria-label[39m=[32m"4"[39m
            [33mclass[39m=[32m"w-full p-4 text-left border-2 rounded-lg transition-all shadow-sm border-gray-300 
hover:border-primary-400 bg-white"[39m
            [33mrole[39m=[32m"radio"[39m
            [33mtype[39m=[32m"button"[39m
          [36m>[39m
            [36m<div[39m
              [33mclass[39m=[32m"flex items-center justify-between"[39m
            [36m>[39m
              [36m<span[39m
                [33mclass[39m=[32m"font-medium"[39m
              [36m>[39m
                [0m4[0m
              [36m</span>[39m
            [36m</div>[39m
          [36m</button>[39m
          [36m<button[39m
            [33maria-checked[39m=[32m"false"[39m
            [33maria-label[39m=[32m"5"[39m
            [33mclass[39m=[32m"w-full p-4 text-left border-2 rounded-lg transition-all shadow-sm border-gray-300 
hover:border-primary-400 bg-white"[39m
            [33mrole[39m=[32m"radio"[39m
            [33mtype[39m=[32m"button"[39m
          [36m>[39m
            [36m<div[39m
              [33mclass[39m=[32m"flex items-center justify-between"[39m
            [36m>[39m
              [36m<span[39m
                [33mclass[39m=[32m"font-medium"[39m
              [36m>[39m
                [0m5[0m
              [36m</span>[39m
            [36m</div>[39m
          [36m</button>[39m
          [36m<button[39m
            [33maria-checked[39m=[32m"false"[39m
            [33maria-label[39m=[32m"6"[39m
            [33mclass[39m=[32m"w-full p-4 text-left border-2 rounded-lg transition-all shadow-sm border-gray-300 
hover:border-primary-400 bg-white"[39m
            [33mrole[39m=[32m"radio"[39m
            [33mtype[39m=[32m"button"[39m
          [36m>[39m
            [36m<div[39m
              [33mclass[39m=[32m"flex items-center justify-between"[39m
            [36m>[39m
              [36m<span[39m
                [33mclass[39m=[32m"font-medium"[39m
              [36m>[39m
                [0m6[0m
              [36m</span>[39m
            [36m</div>[39m
          [36m</button>[39m
        [36m</div>[39m
        [36m<div[39m
          [33mclass[39m=[32m"mt-4"[39m
        [36m>[39m
          [36m<button[39m
            [33mclass[39m=[32m"text-sm text-primary-600 hover:text-primary-800 disabled:text-gray-400"[39m
            [33mtype[39m=[32m"button"[39m
          [36m>[39m
            [0mUse Hint ([0m
            [0m0[0m
            [0m/[0m
            [0m1[0m
            [0m)[0m
          [36m</button>[39m
        [36m</div>[39m
      [36m</article>[39m
      [36m<div[39m
        [33mclass[39m=[32m"flex justify-between"[39m
      [36m>[39m
        [36m<button[39m
          [33maria-label[39m=[32m"Exit quiz"[39m
          [33mclass[39m=[32m"btn-secondary"[39m
          [33mtype[39m=[32m"button"[39m
        [36m>[39m
          [0mExit Quiz[0m
        [36m</button>[39m
        [36m<div[39m
          [33mclass[39m=[32m"flex gap-2"[39m
        [36m/>[39m
      [36m</div>[39m
    [36m</div>[39m
  [36m</div>[39m
[36m</body>[39m
[90m [2mΓ¥»[22m Object.getElementError node_modules/@testing-library/dom/dist/config.js:[2m37:19[22m[39m
[90m [2mΓ¥»[22m node_modules/@testing-library/dom/dist/query-helpers.js:[2m76:38[22m[39m
[90m [2mΓ¥»[22m node_modules/@testing-library/dom/dist/query-helpers.js:[2m52:17[22m[39m
[90m [2mΓ¥»[22m node_modules/@testing-library/dom/dist/query-helpers.js:[2m95:19[22m[39m
[36m [2mΓ¥»[22m src/components/__tests__/EnhancedQuizComponent.test.tsx:[2m93:21[22m[39m
    [90m 91| [39m
    [90m 92| [39m      [90m// Assert[39m
    [90m 93| [39m      [34mexpect[39m(screen[33m.[39m[34mgetByText[39m([32m'Question 1 of 
3'[39m))[33m.[39m[34mtoBeInTheDocument[39m()[33m;[39m
    [90m   | [39m                    [31m^[39m
    [90m 94| [39m      [34mexpect[39m(screen[33m.[39m[34mgetByText[39m([32m'What is 2 + 
2?'[39m))[33m.[39m[34mtoBeInTheDocument[39m()[33m;[39m
    [90m 95| [39m      [34mexpect[39m(screen[33m.[39m[34mgetByText[39m([32m'Score: 
0'[39m))[33m.[39m[34mtoBeInTheDocument[39m()[33m;[39m

[31m[2mΓÄ»ΓÄ»ΓÄ»ΓÄ»ΓÄ»ΓÄ»ΓÄ»ΓÄ»ΓÄ»ΓÄ»ΓÄ»ΓÄ»ΓÄ»ΓÄ»ΓÄ»ΓÄ»ΓÄ»ΓÄ»ΓÄ»ΓÄ»ΓÄ»ΓÄ»ΓÄ»[2/70]ΓÄ»[22m[39m

[41m[1m FAIL [22m[49m src/components/__tests__/EnhancedQuizComponent.test.tsx[2m > 
[22mEnhancedQuizComponent[2m > [22mmultiple choice questions[2m > [22mshould_handle_multiple_choice_selection
[31m[1mError[22m: 
[2mexpect([22m[31melement[31m[2m).toHaveClass([22m[32m[32m"border-accent-500"[32m[31m[2m)[22m

Expected the element to have class:
[32m  border-accent-500[31m
Received:
[31m  font-medium[31m[39m
[36m [2mΓ¥»[22m src/components/__tests__/EnhancedQuizComponent.test.tsx:[2m153:23[22m[39m
    [90m151| [39m
    [90m152| [39m      [90m// Assert[39m
    [90m153| [39m      
[34mexpect[39m(option4)[33m.[39m[34mtoHaveClass[39m([32m'border-accent-500'[39m)[33m;[39m
    [90m   | [39m                      [31m^[39m
    [90m154| [39m    })[33m;[39m
    [90m155| [39m

[31m[2mΓÄ»ΓÄ»ΓÄ»ΓÄ»ΓÄ»ΓÄ»ΓÄ»ΓÄ»ΓÄ»ΓÄ»ΓÄ»ΓÄ»ΓÄ»ΓÄ»ΓÄ»ΓÄ»ΓÄ»ΓÄ»ΓÄ»ΓÄ»ΓÄ»ΓÄ»ΓÄ»[3/70]ΓÄ»[22m[39m

[41m[1m FAIL [22m[49m src/components/__tests__/EnhancedQuizComponent.test.tsx[2m > 
[22mEnhancedQuizComponent[2m > [22mmultiple choice questions[2m > [22mshould_show_correct_answer_feedback
[31m[1mError[22m: 
[2mexpect([22m[31melement[31m[2m).toHaveClass([22m[32m[32m"border-accessible-success"[32m[31m[2m)[22m

Expected the element to have class:
[32m  border-accessible-success[31m
Received:
[31m  font-medium[31m[39m
[36m [2mΓ¥»[22m src/components/__tests__/EnhancedQuizComponent.test.tsx:[2m177:23[22m[39m
    [90m175| [39m      [90m// Assert[39m
    [90m176| [39m      [34mexpect[39m(screen[33m.[39m[34mgetByText[39m([32m'2 + 2 equals 
4'[39m))[33m.[39m[34mtoBeInTheDocument[39m()[33m;[39m
    [90m177| [39m      
[34mexpect[39m(option4)[33m.[39m[34mtoHaveClass[39m([32m'border-accessible-success'[39m)[33m;[39m
    [90m   | [39m                      [31m^[39m
    [90m178| [39m    })[33m;[39m
    [90m179| [39m

[31m[2mΓÄ»ΓÄ»ΓÄ»ΓÄ»ΓÄ»ΓÄ»ΓÄ»ΓÄ»ΓÄ»ΓÄ»ΓÄ»ΓÄ»ΓÄ»ΓÄ»ΓÄ»ΓÄ»ΓÄ»ΓÄ»ΓÄ»ΓÄ»ΓÄ»ΓÄ»ΓÄ»[4/70]ΓÄ»[22m[39m

[41m[1m FAIL [22m[49m src/components/__tests__/EnhancedQuizComponent.test.tsx[2m > 
[22mEnhancedQuizComponent[2m > [22mmultiple choice questions[2m > [22mshould_show_incorrect_answer_feedback
[31m[1mError[22m: 
[2mexpect([22m[31melement[31m[2m).toHaveClass([22m[32m[32m"border-accessible-error"[32m[31m[2m)[22m

Expected the element to have class:
[32m  border-accessible-error[31m
Received:
[31m  font-medium[31m[39m
[36m [2mΓ¥»[22m src/components/__tests__/EnhancedQuizComponent.test.tsx:[2m201:23[22m[39m
    [90m199| [39m      [90m// Assert[39m
    [90m200| [39m      [34mexpect[39m(screen[33m.[39m[34mgetByText[39m([32m'2 + 2 equals 
4'[39m))[33m.[39m[34mtoBeInTheDocument[39m()[33m;[39m
    [90m201| [39m      
[34mexpect[39m(option3)[33m.[39m[34mtoHaveClass[39m([32m'border-accessible-error'[39m)[33m;[39m
    [90m   | [39m                      [31m^[39m
    [90m202| [39m    })[33m;[39m
    [90m203| [39m  })[33m;[39m

[31m[2mΓÄ»ΓÄ»ΓÄ»ΓÄ»ΓÄ»ΓÄ»ΓÄ»ΓÄ»ΓÄ»ΓÄ»ΓÄ»ΓÄ»ΓÄ»ΓÄ»ΓÄ»ΓÄ»ΓÄ»ΓÄ»ΓÄ»ΓÄ»ΓÄ»ΓÄ»ΓÄ»[5/70]ΓÄ»[22m[39m

[41m[1m FAIL [22m[49m src/components/__tests__/EnhancedQuizComponent.test.tsx[2m > 
[22mEnhancedQuizComponent[2m > [22mtrue/false questions[2m > [22mshould_handle_true_false_selection
[31m[1mError[22m: 
[2mexpect([22m[31melement[31m[2m).toHaveClass([22m[32m[32m"border-accent-500"[32m[31m[2m)[22m

Expected the element to have class:
[32m  border-accent-500[31m
Received:
[31m  font-medium text-lg[31m[39m
[36m [2mΓ¥»[22m src/components/__tests__/EnhancedQuizComponent.test.tsx:[2m257:26[22m[39m
    [90m255| [39m
    [90m256| [39m      [90m// Assert[39m
    [90m257| [39m      
[34mexpect[39m(trueOption)[33m.[39m[34mtoHaveClass[39m([32m'border-accent-500'[39m)[33m;[39m
    [90m   | [39m                         [31m^[39m
    [90m258| [39m    })[33m;[39m
    [90m259| [39m  })[33m;[39m

[31m[2mΓÄ»ΓÄ»ΓÄ»ΓÄ»ΓÄ»ΓÄ»ΓÄ»ΓÄ»ΓÄ»ΓÄ»ΓÄ»ΓÄ»ΓÄ»ΓÄ»ΓÄ»ΓÄ»ΓÄ»ΓÄ»ΓÄ»ΓÄ»ΓÄ»ΓÄ»ΓÄ»[6/70]ΓÄ»[22m[39m

[41m[1m FAIL [22m[49m src/components/__tests__/EnhancedQuizComponent.test.tsx[2m > 
[22mEnhancedQuizComponent[2m > [22mtimer functionality[2m > [22mshould_countdown_timer_correctly
[31m[1mTestingLibraryElementError[22m[39m: Unable to find an element with the text: Time: 25s. This could be 
because the text is broken up by multiple elements. In this case, you can provide a function for your text matcher to 
make your matcher more flexible.

Ignored nodes: comments, script, style
[36m<body>[39m
  [36m<div[39m
    [33maria-atomic[39m=[32m"true"[39m
    [33maria-live[39m=[32m"polite"[39m
    [33mclass[39m=[32m"sr-only"[39m
    [33mrole[39m=[32m"status"[39m
  [36m>[39m
    [0mCorrect![0m
  [36m</div>[39m
  [36m<div[39m
    [33maria-atomic[39m=[32m"true"[39m
    [33maria-live[39m=[32m"polite"[39m
    [33mclass[39m=[32m"sr-only"[39m
    [33mrole[39m=[32m"status"[39m
  [36m>[39m
    [0mIncorrect. The correct answer is 4[0m
  [36m</div>[39m
  [36m<div[39m
    [33maria-atomic[39m=[32m"true"[39m
    [33maria-live[39m=[32m"polite"[39m
    [33mclass[39m=[32m"sr-only"[39m
    [33mrole[39m=[32m"status"[39m
  [36m>[39m
    [0mCorrect![0m
  [36m</div>[39m
  [36m<div[39m
    [33maria-atomic[39m=[32m"true"[39m
    [33maria-live[39m=[32m"polite"[39m
    [33mclass[39m=[32m"sr-only"[39m
    [33mrole[39m=[32m"status"[39m
  [36m>[39m
    [0mCorrect![0m
  [36m</div>[39m
  [36m<div[39m
    [33maria-atomic[39m=[32m"true"[39m
    [33maria-live[39m=[32m"polite"[39m
    [33mclass[39m=[32m"sr-only"[39m
    [33mrole[39m=[32m"status"[39m
  [36m>[39m
    [0mCorrect![0m
  [36m</div>[39m
  [36m<div[39m
    [33maria-atomic[39m=[32m"true"[39m
    [33maria-live[39m=[32m"polite"[39m
    [33mclass[39m=[32m"sr-only"[39m
    [33mrole[39m=[32m"status"[39m
  [36m>[39m
    [0mCorrect![0m
  [36m</div>[39m
  [36m<div[39m
    [33maria-atomic[39m=[32m"true"[39m
    [33maria-live[39m=[32m"polite"[39m
    [33mclass[39m=[32m"sr-only"[39m
    [33mrole[39m=[32m"status"[39m
  [36m>[39m
    [0mCorrect![0m
  [36m</div>[39m
  [36m<div[39m
    [33maria-atomic[39m=[32m"true"[39m
    [33maria-live[39m=[32m"polite"[39m
    [33mclass[39m=[32m"sr-only"[39m
    [33mrole[39m=[32m"status"[39m
  [36m>[39m
    [0mCorrect![0m
  [36m</div>[39m
  [36m<div>[39m
    [36m<div[39m
      [33mclass[39m=[32m"space-y-6"[39m
    [36m>[39m
      [36m<div[39m
        [33mclass[39m=[32m"space-y-2"[39m
      [36m>[39m
        [36m<div[39m
          [33mclass[39m=[32m"flex justify-between text-sm text-gray-600"[39m
        [36m>[39m
          [36m<span>[39m
            [0mQuestion[0m
            [0m1[0m
            [0m [0m
            [0mof[0m
            [0m3[0m
          [36m</span>[39m
          [36m<div[39m
            [33mclass[39m=[32m"flex gap-4"[39m
          [36m>[39m
            [36m<span>[39m
              [0mScore:[0m
              [0m0[0m
            [36m</span>[39m
            [36m<span[39m
              [33mclass[39m=[32m""[39m
            [36m>[39m
              [0mTime:[0m
              [0m [0m
              [0m29[0m
              [0ms[0m
            [36m</span>[39m
          [36m</div>[39m
        [36m</div>[39m
        [36m<div[39m
          [33maria-valuemax[39m=[32m"3"[39m
          [33maria-valuemin[39m=[32m"1"[39m
          [33maria-valuenow[39m=[32m"1"[39m
          [33mclass[39m=[32m"w-full bg-gray-200 rounded-full h-2"[39m
          [33mrole[39m=[32m"progressbar"[39m
        [36m>[39m
          [36m<div[39m
            [33mclass[39m=[32m"bg-primary-500 h-2 rounded-full transition-all duration-300"[39m
            [33mstyle[39m=[32m"width: 33.33333333333333%;"[39m
          [36m/>[39m
        [36m</div>[39m
      [36m</div>[39m
      [36m<article[39m
        [33mclass[39m=[32m"card"[39m
      [36m>[39m
        [36m<div[39m
          [33mclass[39m=[32m"flex justify-between items-start mb-4"[39m
        [36m>[39m
          [36m<div[39m
            [33mclass[39m=[32m"flex-1"[39m
          [36m>[39m
            [36m<div[39m
              [33mclass[39m=[32m"flex items-center gap-2 mb-2"[39m
            [36m>[39m
              [36m<span[39m
                [33mclass[39m=[32m"px-2 py-1 bg-primary-100 text-primary-800 text-xs font-medium rounded"[39m
              [36m>[39m
                [0mBeginner[0m
              [36m</span>[39m
              [36m<span[39m
                [33mclass[39m=[32m"px-2 py-1 bg-gray-100 text-gray-800 text-xs font-medium rounded"[39m
              [36m>[39m
                [0m1[0m
                [0m [0m
                [0mpoints[0m
              [36m</span>[39m
            [36m</div>[39m
            [36m<h2[39m
              [33mclass[39m=[32m"text-xl font-bold text-gray-900"[39m
            [36m>[39m
              [0mWhat is 2 + 2?[0m
            [36m</h2>[39m
          [36m</div>[39m
          [36m<button[39m
            [33maria-label[39m=[32m"Read question aloud"[39m
            [33mclass[39m=[32m"p-2 hover:bg-gray-100 rounded-lg"[39m
            [33mtype[39m=[32m"button"[39m
          [36m>[39m
            [36m<svg[39m
              [33maria-hidden[39m=[32m"true"[39m
              [33mclass[39m=[32m"w-5 h-5"[39m
              [33mfill[39m=[32m"currentColor"[39m
              [33mviewBox[39m=[32m"0 0 20 20"[39m
            [36m>[39m
              [36m<path[39m
                [33mclip-rule[39m=[32m"evenodd"[39m
                [33md[39m=[32m"M18 3a1 1 0 00-1.447-.894L8.763 6H5a3 3 0 000 6h.28l1.771 5.316A1 1 0 008 18h1a1 1 
0 001-1v-4.382l6.553 3.276A1 1 0 0018 15V3z"[39m
                [33mfill-rule[39m=[32m"evenodd"[39m
              [36m/>[39m
            [36m</svg>[39m
          [36m</button>[39m
        [36m</div>[39m
        [36m<div[39m
          [33maria-label[39m=[32m"Answer options"[39m
          [33mclass[39m=[32m"space-y-3"[39m
          [33mrole[39m=[32m"radiogroup"[39m
        [36m>[39m
          [36m<button[39m
            [33maria-checked[39m=[32m"false"[39m
            [33maria-label[39m=[32m"3"[39m
            [33mclass[39m=[32m"w-full p-4 text-left border-2 rounded-lg transition-all shadow-sm border-gray-300 
hover:border-primary-400 bg-white"[39m
            [33mrole[39m=[32m"radio"[39m
            [33mtype[39m=[32m"button"[39m
          [36m>[39m
            [36m<div[39m
              [33mclass[39m=[32m"flex items-center justify-between"[39m
            [36m>[39m
              [36m<span[39m
                [33mclass[39m=[32m"font-medium"[39m
              [36m>[39m
                [0m3[0m
              [36m</span>[39m
            [36m</div>[39m
          [36m</button>[39m
          [36m<button[39m
            [33maria-checked[39m=[32m"false"[39m
            [33maria-label[39m=[32m"4"[39m
            [33mclass[39m=[32m"w-full p-4 text-left border-2 rounded-lg transition-all shadow-sm border-gray-300 
hover:border-primary-400 bg-white"[39m
            [33mrole[39m=[32m"radio"[39m
            [33mtype[39m=[32m"button"[39m
          [36m>[39m
            [36m<div[39m
              [33mclass[39m=[32m"flex items-center justify-between"[39m
            [36m>[39m
              [36m<span[39m
                [33mclass[39m=[32m"font-medium"[39m
              [36m>[39m
                [0m4[0m
              [36m</span>[39m
            [36m</div>[39m
          [36m</button>[39m
          [36m<button[39m
            [33maria-checked[39m=[32m"false"[39m
            [33maria-label[39m=[32m"5"[39m
            [33mclass[39m=[32m"w-full p-4 text-left border-2 rounded-lg transition-all shadow-sm border-gray-300 
hover:border-primary-400 bg-white"[39m
            [33mrole[39m=[32m"radio"[39m
            [33mtype[39m=[32m"button"[39m
          [36m>[39m
            [36m<div[39m
              [33mclass[39m=[32m"flex items-center justify-between"[39m
            [36m>[39m
              [36m<span[39m
                [33mclass[39m=[32m"font-medium"[39m
              [36m>[39m
                [0m5[0m
              [36m</span>[39m
            [36m</div>[39m
          [36m</button>[39m
          [36m<button[39m
            [33maria-checked[39m=[32m"false"[39m
            [33maria-label[39m=[32m"6"[39m
            [33mclass[39m=[32m"w-full p-4 text-left border-2 rounded-lg transition-all shadow-sm border-gray-300 
hover:border-primary-400 bg-white"[39m
            [33mrole[39m=[32m"radio"[39m
            [33mtype[39m=[32m"button"[39m
          [36m>[39m
            [36m<div[39m
              [33mclass[39m=[32m"flex items-center justify-between"[39m
            [36m>[39m
              [36m<span[39m
                [33mclass[39m=[32m"font-medium"[39m
              [36m>[39m
                [0m6[0m
              [36m</span>[39m
            [36m</div>[39m
          [36m</button>[39m
        [36m</div>[39m
        [36m<div[39m
          [33mclass[39m=[32m"mt-4"[39m
        [36m>[39m
          [36m<button[39m
            [33mclass[39m=[32m"text-sm text-primary-600 hover:text-primary-800 disabled:text-gray-400"[39m
            [33mtype[39m=[32m"button"[39m
          [36m>[39m
            [0mUse Hint ([0m
            [0m0[0m
            [0m/[0m
            [0m1[0m
            [0m)[0m
          [36m</button>[39m
        [36m</div>[39m
      [36m</article>[39m
      [36m<div[39m
        [33mclass[39m=[32m"flex justify-between"[39m
      [36m>[39m
        [36m<button[39m
          [33maria-label[39m=[32m"Exit quiz"[39m
          [33mclass[39m=[32m"btn-secondary"[39m
          [33mtype[39m=[32m"button"[39m
        [36m>[39m
          [0mExit Quiz[0m
        [36m</button>[39m
        [36m<div[39m
          [33mclass[39m=[32m"flex gap-2"[39m
        [36m/>[39m
      [36m</div>[39m
    [36m</div>[39m
  [36m</div>[39m
[36m</body>[39m
[90m [2mΓ¥»[22m Object.getElementError node_modules/@testing-library/dom/dist/config.js:[2m37:19[22m[39m
[90m [2mΓ¥»[22m node_modules/@testing-library/dom/dist/query-helpers.js:[2m76:38[22m[39m
[90m [2mΓ¥»[22m node_modules/@testing-library/dom/dist/query-helpers.js:[2m52:17[22m[39m
[90m [2mΓ¥»[22m node_modules/@testing-library/dom/dist/query-helpers.js:[2m95:19[22m[39m
[36m [2mΓ¥»[22m src/components/__tests__/EnhancedQuizComponent.test.tsx:[2m354:21[22m[39m
    [90m352| [39m
    [90m353| [39m      [90m// Assert[39m
    [90m354| [39m      [34mexpect[39m(screen[33m.[39m[34mgetByText[39m([32m'Time: 
25s'[39m))[33m.[39m[34mtoBeInTheDocument[39m()[33m;[39m
    [90m   | [39m                    [31m^[39m
    [90m355| [39m    })[33m;[39m
    [90m356| [39m

[31m[2mΓÄ»ΓÄ»ΓÄ»ΓÄ»ΓÄ»ΓÄ»ΓÄ»ΓÄ»ΓÄ»ΓÄ»ΓÄ»ΓÄ»ΓÄ»ΓÄ»ΓÄ»ΓÄ»ΓÄ»ΓÄ»ΓÄ»ΓÄ»ΓÄ»ΓÄ»ΓÄ»[7/70]ΓÄ»[22m[39m

[41m[1m FAIL [22m[49m src/components/__tests__/EnhancedQuizComponent.test.tsx[2m > 
[22mEnhancedQuizComponent[2m > [22mtimer functionality[2m > [22mshould_handle_time_up
[31m[1mTestingLibraryElementError[22m[39m: Unable to find an element with the text: Question 2 of 3. This could 
be because the text is broken up by multiple elements. In this case, you can provide a function for your text matcher 
to make your matcher more flexible.

Ignored nodes: comments, script, style
[36m<body>[39m
  [36m<div[39m
    [33maria-atomic[39m=[32m"true"[39m
    [33maria-live[39m=[32m"polite"[39m
    [33mclass[39m=[32m"sr-only"[39m
    [33mrole[39m=[32m"status"[39m
  [36m>[39m
    [0mCorrect![0m
  [36m</div>[39m
  [36m<div[39m
    [33maria-atomic[39m=[32m"true"[39m
    [33maria-live[39m=[32m"polite"[39m
    [33mclass[39m=[32m"sr-only"[39m
    [33mrole[39m=[32m"status"[39m
  [36m>[39m
    [0mIncorrect. The correct answer is 4[0m
  [36m</div>[39m
  [36m<div[39m
    [33maria-atomic[39m=[32m"true"[39m
    [33maria-live[39m=[32m"polite"[39m
    [33mclass[39m=[32m"sr-only"[39m
    [33mrole[39m=[32m"status"[39m
  [36m>[39m
    [0mCorrect![0m
  [36m</div>[39m
  [36m<div[39m
    [33maria-atomic[39m=[32m"true"[39m
    [33maria-live[39m=[32m"polite"[39m
    [33mclass[39m=[32m"sr-only"[39m
    [33mrole[39m=[32m"status"[39m
  [36m>[39m
    [0mCorrect![0m
  [36m</div>[39m
  [36m<div[39m
    [33maria-atomic[39m=[32m"true"[39m
    [33maria-live[39m=[32m"polite"[39m
    [33mclass[39m=[32m"sr-only"[39m
    [33mrole[39m=[32m"status"[39m
  [36m>[39m
    [0mCorrect![0m
  [36m</div>[39m
  [36m<div[39m
    [33maria-atomic[39m=[32m"true"[39m
    [33maria-live[39m=[32m"polite"[39m
    [33mclass[39m=[32m"sr-only"[39m
    [33mrole[39m=[32m"status"[39m
  [36m>[39m
    [0mCorrect![0m
  [36m</div>[39m
  [36m<div[39m
    [33maria-atomic[39m=[32m"true"[39m
    [33maria-live[39m=[32m"polite"[39m
    [33mclass[39m=[32m"sr-only"[39m
    [33mrole[39m=[32m"status"[39m
  [36m>[39m
    [0mCorrect![0m
  [36m</div>[39m
  [36m<div[39m
    [33maria-atomic[39m=[32m"true"[39m
    [33maria-live[39m=[32m"polite"[39m
    [33mclass[39m=[32m"sr-only"[39m
    [33mrole[39m=[32m"status"[39m
  [36m>[39m
    [0mCorrect![0m
  [36m</div>[39m
  [36m<div>[39m
    [36m<div[39m
      [33mclass[39m=[32m"space-y-6"[39m
    [36m>[39m
      [36m<div[39m
        [33mclass[39m=[32m"space-y-2"[39m
      [36m>[39m
        [36m<div[39m
          [33mclass[39m=[32m"flex justify-between text-sm text-gray-600"[39m
        [36m>[39m
          [36m<span>[39m
            [0mQuestion[0m
            [0m1[0m
            [0m [0m
            [0mof[0m
            [0m3[0m
          [36m</span>[39m
          [36m<div[39m
            [33mclass[39m=[32m"flex gap-4"[39m
          [36m>[39m
            [36m<span>[39m
              [0mScore:[0m
              [0m0[0m
            [36m</span>[39m
            [36m<span[39m
              [33mclass[39m=[32m""[39m
            [36m>[39m
              [0mTime:[0m
              [0m [0m
              [0m29[0m
              [0ms[0m
            [36m</span>[39m
          [36m</div>[39m
        [36m</div>[39m
        [36m<div[39m
          [33maria-valuemax[39m=[32m"3"[39m
          [33maria-valuemin[39m=[32m"1"[39m
          [33maria-valuenow[39m=[32m"1"[39m
          [33mclass[39m=[32m"w-full bg-gray-200 rounded-full h-2"[39m
          [33mrole[39m=[32m"progressbar"[39m
        [36m>[39m
          [36m<div[39m
            [33mclass[39m=[32m"bg-primary-500 h-2 rounded-full transition-all duration-300"[39m
            [33mstyle[39m=[32m"width: 33.33333333333333%;"[39m
          [36m/>[39m
        [36m</div>[39m
      [36m</div>[39m
      [36m<article[39m
        [33mclass[39m=[32m"card"[39m
      [36m>[39m
        [36m<div[39m
          [33mclass[39m=[32m"flex justify-between items-start mb-4"[39m
        [36m>[39m
          [36m<div[39m
            [33mclass[39m=[32m"flex-1"[39m
          [36m>[39m
            [36m<div[39m
              [33mclass[39m=[32m"flex items-center gap-2 mb-2"[39m
            [36m>[39m
              [36m<span[39m
                [33mclass[39m=[32m"px-2 py-1 bg-primary-100 text-primary-800 text-xs font-medium rounded"[39m
              [36m>[39m
                [0mBeginner[0m
              [36m</span>[39m
              [36m<span[39m
                [33mclass[39m=[32m"px-2 py-1 bg-gray-100 text-gray-800 text-xs font-medium rounded"[39m
              [36m>[39m
                [0m1[0m
                [0m [0m
                [0mpoints[0m
              [36m</span>[39m
            [36m</div>[39m
            [36m<h2[39m
              [33mclass[39m=[32m"text-xl font-bold text-gray-900"[39m
            [36m>[39m
              [0mWhat is 2 + 2?[0m
            [36m</h2>[39m
          [36m</div>[39m
          [36m<button[39m
            [33maria-label[39m=[32m"Read question aloud"[39m
            [33mclass[39m=[32m"p-2 hover:bg-gray-100 rounded-lg"[39m
            [33mtype[39m=[32m"button"[39m
          [36m>[39m
            [36m<svg[39m
              [33maria-hidden[39m=[32m"true"[39m
              [33mclass[39m=[32m"w-5 h-5"[39m
              [33mfill[39m=[32m"currentColor"[39m
              [33mviewBox[39m=[32m"0 0 20 20"[39m
            [36m>[39m
              [36m<path[39m
                [33mclip-rule[39m=[32m"evenodd"[39m
                [33md[39m=[32m"M18 3a1 1 0 00-1.447-.894L8.763 6H5a3 3 0 000 6h.28l1.771 5.316A1 1 0 008 18h1a1 1 
0 001-1v-4.382l6.553 3.276A1 1 0 0018 15V3z"[39m
                [33mfill-rule[39m=[32m"evenodd"[39m
              [36m/>[39m
            [36m</svg>[39m
          [36m</button>[39m
        [36m</div>[39m
        [36m<div[39m
          [33maria-label[39m=[32m"Answer options"[39m
          [33mclass[39m=[32m"space-y-3"[39m
          [33mrole[39m=[32m"radiogroup"[39m
        [36m>[39m
          [36m<button[39m
            [33maria-checked[39m=[32m"false"[39m
            [33maria-label[39m=[32m"3"[39m
            [33mclass[39m=[32m"w-full p-4 text-left border-2 rounded-lg transition-all shadow-sm border-gray-300 
hover:border-primary-400 bg-white"[39m
            [33mrole[39m=[32m"radio"[39m
            [33mtype[39m=[32m"button"[39m
          [36m>[39m
            [36m<div[39m
              [33mclass[39m=[32m"flex items-center justify-between"[39m
            [36m>[39m
              [36m<span[39m
                [33mclass[39m=[32m"font-medium"[39m
              [36m>[39m
                [0m3[0m
              [36m</span>[39m
            [36m</div>[39m
          [36m</button>[39m
          [36m<button[39m
            [33maria-checked[39m=[32m"false"[39m
            [33maria-label[39m=[32m"4"[39m
            [33mclass[39m=[32m"w-full p-4 text-left border-2 rounded-lg transition-all shadow-sm border-gray-300 
hover:border-primary-400 bg-white"[39m
            [33mrole[39m=[32m"radio"[39m
            [33mtype[39m=[32m"button"[39m
          [36m>[39m
            [36m<div[39m
              [33mclass[39m=[32m"flex items-center justify-between"[39m
            [36m>[39m
              [36m<span[39m
                [33mclass[39m=[32m"font-medium"[39m
              [36m>[39m
                [0m4[0m
              [36m</span>[39m
            [36m</div>[39m
          [36m</button>[39m
          [36m<button[39m
            [33maria-checked[39m=[32m"false"[39m
            [33maria-label[39m=[32m"5"[39m
            [33mclass[39m=[32m"w-full p-4 text-left border-2 rounded-lg transition-all shadow-sm border-gray-300 
hover:border-primary-400 bg-white"[39m
            [33mrole[39m=[32m"radio"[39m
            [33mtype[39m=[32m"button"[39m
          [36m>[39m
            [36m<div[39m
              [33mclass[39m=[32m"flex items-center justify-between"[39m
            [36m>[39m
              [36m<span[39m
                [33mclass[39m=[32m"font-medium"[39m
              [36m>[39m
                [0m5[0m
              [36m</span>[39m
            [36m</div>[39m
          [36m</button>[39m
          [36m<button[39m
            [33maria-checked[39m=[32m"false"[39m
            [33maria-label[39m=[32m"6"[39m
            [33mclass[39m=[32m"w-full p-4 text-left border-2 rounded-lg transition-all shadow-sm border-gray-300 
hover:border-primary-400 bg-white"[39m
            [33mrole[39m=[32m"radio"[39m
            [33mtype[39m=[32m"button"[39m
          [36m>[39m
            [36m<div[39m
              [33mclass[39m=[32m"flex items-center justify-between"[39m
            [36m>[39m
              [36m<span[39m
                [33mclass[39m=[32m"font-medium"[39m
              [36m>[39m
                [0m6[0m
              [36m</span>[39m
            [36m</div>[39m
          [36m</button>[39m
        [36m</div>[39m
        [36m<div[39m
          [33mclass[39m=[32m"mt-4"[39m
        [36m>[39m
          [36m<button[39m
            [33mclass[39m=[32m"text-sm text-primary-600 hover:text-primary-800 disabled:text-gray-400"[39m
            [33mtype[39m=[32m"button"[39m
          [36m>[39m
            [0mUse Hint ([0m
            [0m0[0m
            [0m/[0m
            [0m1[0m
            [0m)[0m
          [36m</button>[39m
        [36m</div>[39m
      [36m</article>[39m
      [36m<div[39m
        [33mclass[39m=[32m"flex justify-between"[39m
      [36m>[39m
        [36m<button[39m
          [33maria-label[39m=[32m"Exit quiz"[39m
          [33mclass[39m=[32m"btn-secondary"[39m
          [33mtype[39m=[32m"button"[39m
        [36m>[39m
          [0mExit Quiz[0m
        [36m</button>[39m
        [36m<div[39m
          [33mclass[39m=[32m"flex gap-2"[39m
        [36m/>[39m
      [36m</div>[39m
    [36m</div>[39m
  [36m</div>[39m
[36m</body>[39m

Ignored nodes: comments, script, style
[36m<html>[39m
  [36m<head />[39m
  [36m<body>[39m
    [36m<div[39m
      [33maria-atomic[39m=[32m"true"[39m
      [33maria-live[39m=[32m"polite"[39m
      [33mclass[39m=[32m"sr-only"[39m
      [33mrole[39m=[32m"status"[39m
    [36m>[39m
      [0mCorrect![0m
    [36m</div>[39m
    [36m<div[39m
      [33maria-atomic[39m=[32m"true"[39m
      [33maria-live[39m=[32m"polite"[39m
      [33mclass[39m=[32m"sr-only"[39m
      [33mrole[39m=[32m"status"[39m
    [36m>[39m
      [0mIncorrect. The correct answer is 4[0m
    [36m</div>[39m
    [36m<div[39m
      [33maria-atomic[39m=[32m"true"[39m
      [33maria-live[39m=[32m"polite"[39m
      [33mclass[39m=[32m"sr-only"[39m
      [33mrole[39m=[32m"status"[39m
    [36m>[39m
      [0mCorrect![0m
    [36m</div>[39m
    [36m<div[39m
      [33maria-atomic[39m=[32m"true"[39m
      [33maria-live[39m=[32m"polite"[39m
      [33mclass[39m=[32m"sr-only"[39m
      [33mrole[39m=[32m"status"[39m
    [36m>[39m
      [0mCorrect![0m
    [36m</div>[39m
    [36m<div[39m
      [33maria-atomic[39m=[32m"true"[39m
      [33maria-live[39m=[32m"polite"[39m
      [33mclass[39m=[32m"sr-only"[39m
      [33mrole[39m=[32m"status"[39m
    [36m>[39m
      [0mCorrect![0m
    [36m</div>[39m
    [36m<div[39m
      [33maria-atomic[39m=[32m"true"[39m
      [33maria-live[39m=[32m"polite"[39m
      [33mclass[39m=[32m"sr-only"[39m
      [33mrole[39m=[32m"status"[39m
    [36m>[39m
      [0mCorrect![0m
    [36m</div>[39m
    [36m<div[39m
      [33maria-atomic[39m=[32m"true"[39m
      [33maria-live[39m=[32m"polite"[39m
      [33mclass[39m=[32m"sr-only"[39m
      [33mrole[39m=[32m"status"[39m
    [36m>[39m
      [0mCorrect![0m
    [36m</div>[39m
    [36m<div[39m
      [33maria-atomic[39m=[32m"true"[39m
      [33maria-live[39m=[32m"polite"[39m
      [33mclass[39m=[32m"sr-only"[39m
      [33mrole[39m=[32m"status"[39m
    [36m>[39m
      [0mCorrect![0m
    [36m</div>[39m
    [36m<div>[39m
      [36m<div[39m
        [33mclass[39m=[32m"space-y-6"[39m
      [36m>[39m
        [36m<div[39m
          [33mclass[39m=[32m"space-y-2"[39m
        [36m>[39m
          [36m<div[39m
            [33mclass[39m=[32m"flex justify-between text-sm text-gray-600"[39m
          [36m>[39m
            [36m<span>[39m
              [0mQuestion[0m
              [0m1[0m
              [0m [0m
              [0mof[0m
              [0m3[0m
            [36m</span>[39m
            [36m<div[39m
              [33mclass[39m=[32m"flex gap-4"[39m
            [36m>[39m
              [36m<span>[39m
                [0mScore:[0m
                [0m0[0m
              [36m</span>[39m
              [36m<span[39m
                [33mclass[39m=[32m""[39m
              [36m>[39m
                [0mTime:[0m
                [0m [0m
                [0m29[0m
                [0ms[0m
              [36m</span>[39m
            [36m</div>[39m
          [36m</div>[39m
          [36m<div[39m
            [33maria-valuemax[39m=[32m"3"[39m
            [33maria-valuemin[39m=[32m"1"[39m
            [33maria-valuenow[39m=[32m"1"[39m
            [33mclass[39m=[32m"w-full bg-gray-200 rounded-full h-2"[39m
            [33mrole[39m=[32m"progressbar"[39m
          [36m>[39m
            [36m<div[39m
              [33mclass[39m=[32m"bg-primary-500 h-2 rounded-full transition-all duration-300"[39m
              [33mstyle[39m=[32m"width: 33.33333333333333%;"[39m
            [36m/>[39m
          [36m</div>[39m
        [36m</div>[39m
        [36m<article[39m
          [33mclass[39m=[32m"card"[39m
        [36m>[39m
          [36m<div[39m
            [33mclass[39m=[32m"flex justify-between items-start mb-4"[39m
          [36m>[39m
            [36m<div[39m
              [33mclass[39m=[32m"flex-1"[39m
            [36m>[39m
              [36m<div[39m
                [33mclass[39m=[32m"flex items-center gap-2 mb-2"[39m
              [36m>[39m
                [36m<span[39m
                  [33mclass[39m=[32m"px-2 py-1 bg-primary-100 text-primary-800 text-xs font-medium rounded"[39m
                [36m>[39m
                  [0mBeginner[0m
                [36m</span>[39m
                [36m<span[39m
                  [33mclass[39m=[32m"px-2 py-1 bg-gray-100 text-gray-800 text-xs font-medium rounded"[39m
                [36m>[39m
                  [0m1[0m
                  [0m [0m
                  [0mpoints[0m
                [36m</span>[39m
              [36m</div>[39m
              [36m<h2[39m
                [33mclass[39m=[32m"text-xl font-bold text-gray-900"[39m
              [36m>[39m
                [0mWhat is 2 + 2?[0m
              [36m</h2>[39m
            [36m</div>[39m
            [36m<button[39m
              [33maria-label[39m=[32m"Read question aloud"[39m
              [33mclass[39m=[32m"p-2 hover:bg-gray-100 rounded-lg"[39m
              [33mtype[39m=[32m"button"[39m
            [36m>[39m
              [36m<svg[39m
                [33maria-hidden[39m=[32m"true"[39m
                [33mclass[39m=[32m"w-5 h-5"[39m
                [33mfill[39m=[32m"currentColor"[39m
                [33mviewBox[39m=[32m"0 0 20 20"[39m
              [36m>[39m
                [36m<path[39m
                  [33mclip-rule[39m=[32m"evenodd"[39m
                  [33md[39m=[32m"M18 3a1 1 0 00-1.447-.894L8.763 6H5a3 3 0 000 6h.28l1.771 5.316A1 1 0 008 18h1a1 
1 0 001-1v-4.382l6.553 3.276A1 1 0 0018 15V3z"[39m
                  [33mfill-rule[39m=[32m"evenodd"[39m
                [36m/>[39m
              [36m</svg>[39m
            [36m</button>[39m
          [36m</div>[39m
          [36m<div[39m
            [33maria-label[39m=[32m"Answer options"[39m
            [33mclass[39m=[32m"space-y-3"[39m
            [33mrole[39m=[32m"radiogroup"[39m
          [36m>[39m
            [36m<button[39m
              [33maria-checked[39m=[32m"false"[39m
              [33maria-label[39m=[32m"3"[39m
              [33mclass[39m=[32m"w-full p-4 text-left border-2 rounded-lg transition-all shadow-sm border-gray-300 
hover:border-primary-400 bg-white"[39m
              [33mrole[39m=[32m"radio"[39m
              [33mtype[39m=[32m"button"[39m
            [36m>[39m
              [36m<div[39m
                [33mclass[39m=[32m"flex items-center justify-between"[39m
              [36m>[39m
                [36m<span[39m
                  [33mclass[39m=[32m"font-medium"[39m
                [36m>[39m
                  [0m3[0m
                [36m</span>[39m
              [36m</div>[39m
            [36m</button>[39m
            [36m<button[39m
              [33maria-checked[39m=[32m"false"[39m
              [33maria-label[39m=[32m"4"[39m
              [33mclass[39m=[32m"w-full p-4 text-left border-2 rounded-lg transition-all shadow-sm border-gray-300 
hover:border-primary-400 bg-white"[39m
              [33mrole[39m=[32m"radio"[39m
              [33mtype[39m=[32m"button"[39m
            [36m>[39m
              [36m<div[39m
                [33mclass[39m=[32m"flex items-center justify-between"[39m
              [36m>[39m
                [36m<span[39m
                  [33mclass[39m=[32m"font-medium"[39m
                [36m>[39m
                  [0m4[0m
                [36m</span>[39m
              [36m</div>[39m
            [36m</button>[39m
            [36m<button[39m
              [33maria-checked[39m=[32m"false"[39m
              [33maria-label[39m=[32m"5"[39m
              [33mclass[39m=[32m"w-full p-4 text-left border-2 rounded-lg transition-all shadow-sm border-gray-300 
hover:border-primary-400 bg-white"[39m
              [33mrole[39m=[32m"radio"[39m
              [33mtype[39m=[32m"button"[39m
            [36m>[39m
              [36m<div[39m
                [33mclass[39m=[32m"flex items-center justify-between"[39m
              [36m>[39m
                [36m<span[39m
                  [33mclass[39m=[32m"font-medium"[39m
                [36m>[39m
                  [0m5[0m
                [36m</span>[39m
              [36m</div>[39m
            [36m</button>[39m
            [36m<button[39m
              [33maria-checked[39m=[32m"false"[39m
              [33maria-label[39m=[32m"6"[39m
              [33mclass[39m=[32m"w-full p-4 text-left border-2 rounded-lg transition-all shadow-sm border-gray-300 
hover:border-primary-400 bg-white"[39m
              [33mrole[39m=[32m"radio"[39m
              [33mtype[39m=[32m"button"[39m
            [36m>[39m
              [36m<div[39m
                [33mclass[39m=[32m"flex items-center justify-between"[39m
              [36m>[39m
                [36m<span[39m
                  [33mclass[39m=[32m"font-medium"[39m
                [36m>[39m
                  [0m6[0m
                [36m</span>[39m
              [36m</div>[39m
            [36m</button>[39m
          [36m</div>[39m
          [36m<div[39m
            [33mclass[39m=[32m"mt-4"[39m
          [36m>[39m
            [36m<button[39m
              [33mclass[39m=[32m"text-sm text-primary-600 hover:text-primary-800 disabled:text-gray-400"[39m
              [33mtype[39m=[32m"button"[39m
            [36m>[39m
              [0mUse Hint ([0m
              [0m0[0m
              [0m/[0m
              [0m1[0m
              [0m)[0m
            [36m</button>[39m
          [36m</div>[39m
        [36m</article>[39m
        [36m<div[39m
          [33mclass[39m=[32m"flex justify-between"[39m
        [36m>[39m
          [36m<button[39m
            [33maria-label[39m=[32m"Exit quiz"[39m
            [33mclass[39m=[32m"btn-secondary"[39m
            [33mtype[39m=[32m"button"[39m
          [36m>[39m
            [0mExit Quiz[0m
          [36m</button>[39m
          [36m<div[39m
            [33mclass[39m=[32m"flex gap-2"[39m
          [36m/>[39m
        [36m</div>[39m
      [36m</div>[39m
    [36m</div>[39m
  [36m</body>[39m
[36m</html>[39m
[90m [2mΓ¥»[22m waitForWrapper node_modules/@testing-library/dom/dist/wait-for.js:[2m163:27[22m[39m
[36m [2mΓ¥»[22m src/components/__tests__/EnhancedQuizComponent.test.tsx:[2m376:13[22m[39m
    [90m374| [39m
    [90m375| [39m      [90m// Assert[39m
    [90m376| [39m      [35mawait[39m [34mwaitFor[39m(() [33m=>[39m {
    [90m   | [39m            [31m^[39m
    [90m377| [39m        expect(screen.getByText('Question 2 of 3')).toBeInTheDocument(ΓÇª
    [90m378| [39m      })[33m;[39m

[31m[2mΓÄ»ΓÄ»ΓÄ»ΓÄ»ΓÄ»ΓÄ»ΓÄ»ΓÄ»ΓÄ»ΓÄ»ΓÄ»ΓÄ»ΓÄ»ΓÄ»ΓÄ»ΓÄ»ΓÄ»ΓÄ»ΓÄ»ΓÄ»ΓÄ»ΓÄ»ΓÄ»[8/70]ΓÄ»[22m[39m

[41m[1m FAIL [22m[49m src/components/__tests__/EnhancedQuizComponent.test.tsx[2m > 
[22mEnhancedQuizComponent[2m > [22mtimer functionality[2m > [22mshould_show_warning_when_time_running_low
[31m[1mTestingLibraryElementError[22m[39m: Unable to find an element with the text: Time: 5s. This could be 
because the text is broken up by multiple elements. In this case, you can provide a function for your text matcher to 
make your matcher more flexible.

Ignored nodes: comments, script, style
[36m<body>[39m
  [36m<div[39m
    [33maria-atomic[39m=[32m"true"[39m
    [33maria-live[39m=[32m"polite"[39m
    [33mclass[39m=[32m"sr-only"[39m
    [33mrole[39m=[32m"status"[39m
  [36m>[39m
    [0mCorrect![0m
  [36m</div>[39m
  [36m<div[39m
    [33maria-atomic[39m=[32m"true"[39m
    [33maria-live[39m=[32m"polite"[39m
    [33mclass[39m=[32m"sr-only"[39m
    [33mrole[39m=[32m"status"[39m
  [36m>[39m
    [0mIncorrect. The correct answer is 4[0m
  [36m</div>[39m
  [36m<div[39m
    [33maria-atomic[39m=[32m"true"[39m
    [33maria-live[39m=[32m"polite"[39m
    [33mclass[39m=[32m"sr-only"[39m
    [33mrole[39m=[32m"status"[39m
  [36m>[39m
    [0mCorrect![0m
  [36m</div>[39m
  [36m<div[39m
    [33maria-atomic[39m=[32m"true"[39m
    [33maria-live[39m=[32m"polite"[39m
    [33mclass[39m=[32m"sr-only"[39m
    [33mrole[39m=[32m"status"[39m
  [36m>[39m
    [0mCorrect![0m
  [36m</div>[39m
  [36m<div[39m
    [33maria-atomic[39m=[32m"true"[39m
    [33maria-live[39m=[32m"polite"[39m
    [33mclass[39m=[32m"sr-only"[39m
    [33mrole[39m=[32m"status"[39m
  [36m>[39m
    [0mCorrect![0m
  [36m</div>[39m
  [36m<div[39m
    [33maria-atomic[39m=[32m"true"[39m
    [33maria-live[39m=[32m"polite"[39m
    [33mclass[39m=[32m"sr-only"[39m
    [33mrole[39m=[32m"status"[39m
  [36m>[39m
    [0mCorrect![0m
  [36m</div>[39m
  [36m<div[39m
    [33maria-atomic[39m=[32m"true"[39m
    [33maria-live[39m=[32m"polite"[39m
    [33mclass[39m=[32m"sr-only"[39m
    [33mrole[39m=[32m"status"[39m
  [36m>[39m
    [0mCorrect![0m
  [36m</div>[39m
  [36m<div[39m
    [33maria-atomic[39m=[32m"true"[39m
    [33maria-live[39m=[32m"polite"[39m
    [33mclass[39m=[32m"sr-only"[39m
    [33mrole[39m=[32m"status"[39m
  [36m>[39m
    [0mCorrect![0m
  [36m</div>[39m
  [36m<div>[39m
    [36m<div[39m
      [33mclass[39m=[32m"space-y-6"[39m
    [36m>[39m
      [36m<div[39m
        [33mclass[39m=[32m"space-y-2"[39m
      [36m>[39m
        [36m<div[39m
          [33mclass[39m=[32m"flex justify-between text-sm text-gray-600"[39m
        [36m>[39m
          [36m<span>[39m
            [0mQuestion[0m
            [0m1[0m
            [0m [0m
            [0mof[0m
            [0m3[0m
          [36m</span>[39m
          [36m<div[39m
            [33mclass[39m=[32m"flex gap-4"[39m
          [36m>[39m
            [36m<span>[39m
              [0mScore:[0m
              [0m0[0m
            [36m</span>[39m
            [36m<span[39m
              [33mclass[39m=[32m""[39m
            [36m>[39m
              [0mTime:[0m
              [0m [0m
              [0m29[0m
              [0ms[0m
            [36m</span>[39m
          [36m</div>[39m
        [36m</div>[39m
        [36m<div[39m
          [33maria-valuemax[39m=[32m"3"[39m
          [33maria-valuemin[39m=[32m"1"[39m
          [33maria-valuenow[39m=[32m"1"[39m
          [33mclass[39m=[32m"w-full bg-gray-200 rounded-full h-2"[39m
          [33mrole[39m=[32m"progressbar"[39m
        [36m>[39m
          [36m<div[39m
            [33mclass[39m=[32m"bg-primary-500 h-2 rounded-full transition-all duration-300"[39m
            [33mstyle[39m=[32m"width: 33.33333333333333%;"[39m
          [36m/>[39m
        [36m</div>[39m
      [36m</div>[39m
      [36m<article[39m
        [33mclass[39m=[32m"card"[39m
      [36m>[39m
        [36m<div[39m
          [33mclass[39m=[32m"flex justify-between items-start mb-4"[39m
        [36m>[39m
          [36m<div[39m
            [33mclass[39m=[32m"flex-1"[39m
          [36m>[39m
            [36m<div[39m
              [33mclass[39m=[32m"flex items-center gap-2 mb-2"[39m
            [36m>[39m
              [36m<span[39m
                [33mclass[39m=[32m"px-2 py-1 bg-primary-100 text-primary-800 text-xs font-medium rounded"[39m
              [36m>[39m
                [0mBeginner[0m
              [36m</span>[39m
              [36m<span[39m
                [33mclass[39m=[32m"px-2 py-1 bg-gray-100 text-gray-800 text-xs font-medium rounded"[39m
              [36m>[39m
                [0m1[0m
                [0m [0m
                [0mpoints[0m
              [36m</span>[39m
            [36m</div>[39m
            [36m<h2[39m
              [33mclass[39m=[32m"text-xl font-bold text-gray-900"[39m
            [36m>[39m
              [0mWhat is 2 + 2?[0m
            [36m</h2>[39m
          [36m</div>[39m
          [36m<button[39m
            [33maria-label[39m=[32m"Read question aloud"[39m
            [33mclass[39m=[32m"p-2 hover:bg-gray-100 rounded-lg"[39m
            [33mtype[39m=[32m"button"[39m
          [36m>[39m
            [36m<svg[39m
              [33maria-hidden[39m=[32m"true"[39m
              [33mclass[39m=[32m"w-5 h-5"[39m
              [33mfill[39m=[32m"currentColor"[39m
              [33mviewBox[39m=[32m"0 0 20 20"[39m
            [36m>[39m
              [36m<path[39m
                [33mclip-rule[39m=[32m"evenodd"[39m
                [33md[39m=[32m"M18 3a1 1 0 00-1.447-.894L8.763 6H5a3 3 0 000 6h.28l1.771 5.316A1 1 0 008 18h1a1 1 
0 001-1v-4.382l6.553 3.276A1 1 0 0018 15V3z"[39m
                [33mfill-rule[39m=[32m"evenodd"[39m
              [36m/>[39m
            [36m</svg>[39m
          [36m</button>[39m
        [36m</div>[39m
        [36m<div[39m
          [33maria-label[39m=[32m"Answer options"[39m
          [33mclass[39m=[32m"space-y-3"[39m
          [33mrole[39m=[32m"radiogroup"[39m
        [36m>[39m
          [36m<button[39m
            [33maria-checked[39m=[32m"false"[39m
            [33maria-label[39m=[32m"3"[39m
            [33mclass[39m=[32m"w-full p-4 text-left border-2 rounded-lg transition-all shadow-sm border-gray-300 
hover:border-primary-400 bg-white"[39m
            [33mrole[39m=[32m"radio"[39m
            [33mtype[39m=[32m"button"[39m
          [36m>[39m
            [36m<div[39m
              [33mclass[39m=[32m"flex items-center justify-between"[39m
            [36m>[39m
              [36m<span[39m
                [33mclass[39m=[32m"font-medium"[39m
              [36m>[39m
                [0m3[0m
              [36m</span>[39m
            [36m</div>[39m
          [36m</button>[39m
          [36m<button[39m
            [33maria-checked[39m=[32m"false"[39m
            [33maria-label[39m=[32m"4"[39m
            [33mclass[39m=[32m"w-full p-4 text-left border-2 rounded-lg transition-all shadow-sm border-gray-300 
hover:border-primary-400 bg-white"[39m
            [33mrole[39m=[32m"radio"[39m
            [33mtype[39m=[32m"button"[39m
          [36m>[39m
            [36m<div[39m
              [33mclass[39m=[32m"flex items-center justify-between"[39m
            [36m>[39m
              [36m<span[39m
                [33mclass[39m=[32m"font-medium"[39m
              [36m>[39m
                [0m4[0m
              [36m</span>[39m
            [36m</div>[39m
          [36m</button>[39m
          [36m<button[39m
            [33maria-checked[39m=[32m"false"[39m
            [33maria-label[39m=[32m"5"[39m
            [33mclass[39m=[32m"w-full p-4 text-left border-2 rounded-lg transition-all shadow-sm border-gray-300 
hover:border-primary-400 bg-white"[39m
            [33mrole[39m=[32m"radio"[39m
            [33mtype[39m=[32m"button"[39m
          [36m>[39m
            [36m<div[39m
              [33mclass[39m=[32m"flex items-center justify-between"[39m
            [36m>[39m
              [36m<span[39m
                [33mclass[39m=[32m"font-medium"[39m
              [36m>[39m
                [0m5[0m
              [36m</span>[39m
            [36m</div>[39m
          [36m</button>[39m
          [36m<button[39m
            [33maria-checked[39m=[32m"false"[39m
            [33maria-label[39m=[32m"6"[39m
            [33mclass[39m=[32m"w-full p-4 text-left border-2 rounded-lg transition-all shadow-sm border-gray-300 
hover:border-primary-400 bg-white"[39m
            [33mrole[39m=[32m"radio"[39m
            [33mtype[39m=[32m"button"[39m
          [36m>[39m
            [36m<div[39m
              [33mclass[39m=[32m"flex items-center justify-between"[39m
            [36m>[39m
              [36m<span[39m
                [33mclass[39m=[32m"font-medium"[39m
              [36m>[39m
                [0m6[0m
              [36m</span>[39m
            [36m</div>[39m
          [36m</button>[39m
        [36m</div>[39m
        [36m<div[39m
          [33mclass[39m=[32m"mt-4"[39m
        [36m>[39m
          [36m<button[39m
            [33mclass[39m=[32m"text-sm text-primary-600 hover:text-primary-800 disabled:text-gray-400"[39m
            [33mtype[39m=[32m"button"[39m
          [36m>[39m
            [0mUse Hint ([0m
            [0m0[0m
            [0m/[0m
            [0m1[0m
            [0m)[0m
          [36m</button>[39m
        [36m</div>[39m
      [36m</article>[39m
      [36m<div[39m
        [33mclass[39m=[32m"flex justify-between"[39m
      [36m>[39m
        [36m<button[39m
          [33maria-label[39m=[32m"Exit quiz"[39m
          [33mclass[39m=[32m"btn-secondary"[39m
          [33mtype[39m=[32m"button"[39m
        [36m>[39m
          [0mExit Quiz[0m
        [36m</button>[39m
        [36m<div[39m
          [33mclass[39m=[32m"flex gap-2"[39m
        [36m/>[39m
      [36m</div>[39m
    [36m</div>[39m
  [36m</div>[39m
[36m</body>[39m
[90m [2mΓ¥»[22m Object.getElementError node_modules/@testing-library/dom/dist/config.js:[2m37:19[22m[39m
[90m [2mΓ¥»[22m node_modules/@testing-library/dom/dist/query-helpers.js:[2m76:38[22m[39m
[90m [2mΓ¥»[22m node_modules/@testing-library/dom/dist/query-helpers.js:[2m52:17[22m[39m
[90m [2mΓ¥»[22m node_modules/@testing-library/dom/dist/query-helpers.js:[2m95:19[22m[39m
[36m [2mΓ¥»[22m src/components/__tests__/EnhancedQuizComponent.test.tsx:[2m400:34[22m[39m
    [90m398| [39m
    [90m399| [39m      [90m// Assert[39m
    [90m400| [39m      [35mconst[39m timeElement [33m=[39m screen[33m.[39m[34mgetByText[39m([32m'Time: 
5s'[39m)[33m;[39m
    [90m   | [39m                                 [31m^[39m
    [90m401| [39m      
[34mexpect[39m(timeElement)[33m.[39m[34mtoHaveClass[39m([32m'text-red-600'[39m[33m,[39m 
[32m'font-bold'[39m)[33m;[39m
    [90m402| [39m    })[33m;[39m

[31m[2mΓÄ»ΓÄ»ΓÄ»ΓÄ»ΓÄ»ΓÄ»ΓÄ»ΓÄ»ΓÄ»ΓÄ»ΓÄ»ΓÄ»ΓÄ»ΓÄ»ΓÄ»ΓÄ»ΓÄ»ΓÄ»ΓÄ»ΓÄ»ΓÄ»ΓÄ»ΓÄ»[9/70]ΓÄ»[22m[39m

[41m[1m FAIL [22m[49m src/components/__tests__/EnhancedQuizComponent.test.tsx[2m > 
[22mEnhancedQuizComponent[2m > [22mquiz completion[2m > [22mshould_complete_quiz_successfully
[31m[1mAssertionError[22m: expected "vi.fn()" to be called with arguments: [ ArrayContaining{ΓÇª} ][90m

Number of calls: [1m0[22m
[31m[39m
[36m [2mΓ¥»[22m src/components/__tests__/EnhancedQuizComponent.test.tsx:[2m484:30[22m[39m
    [90m482| [39m
    [90m483| [39m      [90m// Assert[39m
    [90m484| [39m      [34mexpect[39m(mockOnComplete)[33m.[39m[34mtoHaveBeenCalledWith[39m(
    [90m   | [39m                             [31m^[39m
    [90m485| [39m        expect[33m.[39m[34marrayContaining[39m([
    [90m486| [39m          expect[33m.[39m[34mobjectContaining[39m({

[31m[2mΓÄ»ΓÄ»ΓÄ»ΓÄ»ΓÄ»ΓÄ»ΓÄ»ΓÄ»ΓÄ»ΓÄ»ΓÄ»ΓÄ»ΓÄ»ΓÄ»ΓÄ»ΓÄ»ΓÄ»ΓÄ»ΓÄ»ΓÄ»ΓÄ»ΓÄ»[10/70]ΓÄ»[22m[39m

[41m[1m FAIL [22m[49m src/components/__tests__/EnhancedQuizComponent.test.tsx[2m > 
[22mEnhancedQuizComponent[2m > [22mquiz completion[2m > [22mshould_calculate_score_correctly
[31m[1mTestingLibraryElementError[22m[39m: Unable to find an element with the text: Score: 1. This could be 
because the text is broken up by multiple elements. In this case, you can provide a function for your text matcher to 
make your matcher more flexible.

Ignored nodes: comments, script, style
[36m<body>[39m
  [36m<div[39m
    [33maria-atomic[39m=[32m"true"[39m
    [33maria-live[39m=[32m"polite"[39m
    [33mclass[39m=[32m"sr-only"[39m
    [33mrole[39m=[32m"status"[39m
  [36m>[39m
    [0mCorrect![0m
  [36m</div>[39m
  [36m<div[39m
    [33maria-atomic[39m=[32m"true"[39m
    [33maria-live[39m=[32m"polite"[39m
    [33mclass[39m=[32m"sr-only"[39m
    [33mrole[39m=[32m"status"[39m
  [36m>[39m
    [0mIncorrect. The correct answer is 4[0m
  [36m</div>[39m
  [36m<div[39m
    [33maria-atomic[39m=[32m"true"[39m
    [33maria-live[39m=[32m"polite"[39m
    [33mclass[39m=[32m"sr-only"[39m
    [33mrole[39m=[32m"status"[39m
  [36m>[39m
    [0mCorrect![0m
  [36m</div>[39m
  [36m<div[39m
    [33maria-atomic[39m=[32m"true"[39m
    [33maria-live[39m=[32m"polite"[39m
    [33mclass[39m=[32m"sr-only"[39m
    [33mrole[39m=[32m"status"[39m
  [36m>[39m
    [0mCorrect![0m
  [36m</div>[39m
  [36m<div[39m
    [33maria-atomic[39m=[32m"true"[39m
    [33maria-live[39m=[32m"polite"[39m
    [33mclass[39m=[32m"sr-only"[39m
    [33mrole[39m=[32m"status"[39m
  [36m>[39m
    [0mCorrect![0m
  [36m</div>[39m
  [36m<div[39m
    [33maria-atomic[39m=[32m"true"[39m
    [33maria-live[39m=[32m"polite"[39m
    [33mclass[39m=[32m"sr-only"[39m
    [33mrole[39m=[32m"status"[39m
  [36m>[39m
    [0mCorrect![0m
  [36m</div>[39m
  [36m<div[39m
    [33maria-atomic[39m=[32m"true"[39m
    [33maria-live[39m=[32m"polite"[39m
    [33mclass[39m=[32m"sr-only"[39m
    [33mrole[39m=[32m"status"[39m
  [36m>[39m
    [0mCorrect![0m
  [36m</div>[39m
  [36m<div[39m
    [33maria-atomic[39m=[32m"true"[39m
    [33maria-live[39m=[32m"polite"[39m
    [33mclass[39m=[32m"sr-only"[39m
    [33mrole[39m=[32m"status"[39m
  [36m>[39m
    [0mCorrect![0m
  [36m</div>[39m
  [36m<div[39m
    [33maria-atomic[39m=[32m"true"[39m
    [33maria-live[39m=[32m"polite"[39m
    [33mclass[39m=[32m"sr-only"[39m
    [33mrole[39m=[32m"status"[39m
  [36m>[39m
    [0mHint: Think about basic addition[0m
  [36m</div>[39m
  [36m<div[39m
    [33maria-atomic[39m=[32m"true"[39m
    [33maria-live[39m=[32m"polite"[39m
    [33mclass[39m=[32m"sr-only"[39m
    [33mrole[39m=[32m"status"[39m
  [36m>[39m
    [0mHint: Think about basic addition[0m
  [36m</div>[39m
  [36m<div[39m
    [33maria-atomic[39m=[32m"true"[39m
    [33maria-live[39m=[32m"polite"[39m
    [33mclass[39m=[32m"sr-only"[39m
    [33mrole[39m=[32m"status"[39m
  [36m>[39m
    [0mCorrect![0m
  [36m</div>[39m
  [36m<div[39m
    [33maria-atomic[39m=[32m"true"[39m
    [33maria-live[39m=[32m"polite"[39m
    [33mclass[39m=[32m"sr-only"[39m
    [33mrole[39m=[32m"status"[39m
  [36m>[39m
    [0mCorrect![0m
  [36m</div>[39m
  [36m<div[39m
    [33maria-atomic[39m=[32m"true"[39m
    [33maria-live[39m=[32m"polite"[39m
    [33mclass[39m=[32m"sr-only"[39m
    [33mrole[39m=[32m"status"[39m
  [36m>[39m
    [0mCorrect![0m
  [36m</div>[39m
  [36m<div>[39m
    [36m<div[39m
      [33mclass[39m=[32m"space-y-6"[39m
    [36m>[39m
      [36m<div[39m
        [33mclass[39m=[32m"space-y-2"[39m
      [36m>[39m
        [36m<div[39m
          [33mclass[39m=[32m"flex justify-between text-sm text-gray-600"[39m
        [36m>[39m
          [36m<span>[39m
            [0mQuestion[0m
            [0m1[0m
            [0m [0m
            [0mof[0m
            [0m3[0m
          [36m</span>[39m
          [36m<div[39m
            [33mclass[39m=[32m"flex gap-4"[39m
          [36m>[39m
            [36m<span>[39m
              [0mScore:[0m
              [0m1[0m
            [36m</span>[39m
            [36m<span[39m
              [33mclass[39m=[32m""[39m
            [36m>[39m
              [0mTime:[0m
              [0m [0m
              [0m30[0m
              [0ms[0m
            [36m</span>[39m
          [36m</div>[39m
        [36m</div>[39m
        [36m<div[39m
          [33maria-valuemax[39m=[32m"3"[39m
          [33maria-valuemin[39m=[32m"1"[39m
          [33maria-valuenow[39m=[32m"1"[39m
          [33mclass[39m=[32m"w-full bg-gray-200 rounded-full h-2"[39m
          [33mrole[39m=[32m"progressbar"[39m
        [36m>[39m
          [36m<div[39m
            [33mclass[39m=[32m"bg-primary-500 h-2 rounded-full transition-all duration-300"[39m
            [33mstyle[39m=[32m"width: 33.33333333333333%;"[39m
          [36m/>[39m
        [36m</div>[39m
      [36m</div>[39m
      [36m<article[39m
        [33mclass[39m=[32m"card"[39m
      [36m>[39m
        [36m<div[39m
          [33mclass[39m=[32m"flex justify-between items-start mb-4"[39m
        [36m>[39m
          [36m<div[39m
            [33mclass[39m=[32m"flex-1"[39m
          [36m>[39m
            [36m<div[39m
              [33mclass[39m=[32m"flex items-center gap-2 mb-2"[39m
            [36m>[39m
              [36m<span[39m
                [33mclass[39m=[32m"px-2 py-1 bg-primary-100 text-primary-800 text-xs font-medium rounded"[39m
              [36m>[39m
                [0mBeginner[0m
              [36m</span>[39m
              [36m<span[39m
                [33mclass[39m=[32m"px-2 py-1 bg-gray-100 text-gray-800 text-xs font-medium rounded"[39m
              [36m>[39m
                [0m1[0m
                [0m [0m
                [0mpoints[0m
              [36m</span>[39m
            [36m</div>[39m
            [36m<h2[39m
              [33mclass[39m=[32m"text-xl font-bold text-gray-900"[39m
            [36m>[39m
              [0mWhat is 2 + 2?[0m
            [36m</h2>[39m
          [36m</div>[39m
          [36m<button[39m
            [33maria-label[39m=[32m"Read question aloud"[39m
            [33mclass[39m=[32m"p-2 hover:bg-gray-100 rounded-lg"[39m
            [33mtype[39m=[32m"button"[39m
          [36m>[39m
            [36m<svg[39m
              [33maria-hidden[39m=[32m"true"[39m
              [33mclass[39m=[32m"w-5 h-5"[39m
              [33mfill[39m=[32m"currentColor"[39m
              [33mviewBox[39m=[32m"0 0 20 20"[39m
            [36m>[39m
              [36m<path[39m
                [33mclip-rule[39m=[32m"evenodd"[39m
                [33md[39m=[32m"M18 3a1 1 0 00-1.447-.894L8.763 6H5a3 3 0 000 6h.28l1.771 5.316A1 1 0 008 18h1a1 1 
0 001-1v-4.382l6.553 3.276A1 1 0 0018 15V3z"[39m
                [33mfill-rule[39m=[32m"evenodd"[39m
              [36m/>[39m
            [36m</svg>[39m
          [36m</button>[39m
        [36m</div>[39m
        [36m<div[39m
          [33maria-label[39m=[32m"Answer options"[39m
          [33mclass[39m=[32m"space-y-3"[39m
          [33mrole[39m=[32m"radiogroup"[39m
        [36m>[39m
          [36m<button[39m
            [33maria-checked[39m=[32m"false"[39m
            [33maria-label[39m=[32m"3"[39m
            [33mclass[39m=[32m"w-full p-4 text-left border-2 rounded-lg transition-all shadow-sm border-gray-300 
hover:border-primary-400 bg-white"[39m
            [33mdisabled[39m=[32m""[39m
            [33mrole[39m=[32m"radio"[39m
            [33mtype[39m=[32m"button"[39m
          [36m>[39m
            [36m<div[39m
              [33mclass[39m=[32m"flex items-center justify-between"[39m
            [36m>[39m
              [36m<span[39m
                [33mclass[39m=[32m"font-medium"[39m
              [36m>[39m
                [0m3[0m
              [36m</span>[39m
            [36m</div>[39m
          [36m</button>[39m
          [36m<button[39m
            [33maria-checked[39m=[32m"true"[39m
            [33maria-label[39m=[32m"4"[39m
            [33mclass[39m=[32m"w-full p-4 text-left border-2 rounded-lg transition-all shadow-sm 
border-accessible-success bg-green-50"[39m
            [33mdisabled[39m=[32m""[39m
            [33mrole[39m=[32m"radio"[39m
            [33mtype[39m=[32m"button"[39m
          [36m>[39m
            [36m<div[39m
              [33mclass[39m=[32m"flex items-center justify-between"[39m
            [36m>[39m
              [36m<span[39m
                [33mclass[39m=[32m"font-medium"[39m
              [36m>[39m
                [0m4[0m
              [36m</span>[39m
              [36m<svg[39m
                [33maria-label[39m=[32m"Correct"[39m
                [33mclass[39m=[32m"w-6 h-6 text-green-600"[39m
                [33mfill[39m=[32m"currentColor"[39m
                [33mviewBox[39m=[32m"0 0 20 20"[39m
              [36m>[39m
                [36m<path[39m
                  [33mclip-rule[39m=[32m"evenodd"[39m
                  [33md[39m=[32m"M10 18a8 8 0 100-16 8 8 0 000 16zm3.707-9.293a1 1 0 00-1.414-1.414L9 10.586 7.707 
9.293a1 1 0 00-1.414 1.414l2 2a1 1 0 001.414 0l4-4z"[39m
                  [33mfill-rule[39m=[32m"evenodd"[39m
                [36m/>[39m
              [36m</svg>[39m
            [36m</div>[39m
          [36m</button>[39m
          [36m<button[39m
            [33maria-checked[39m=[32m"false"[39m
            [33maria-label[39m=[32m"5"[39m
            [33mclass[39m=[32m"w-full p-4 text-left border-2 rounded-lg transition-all shadow-sm border-gray-300 
hover:border-primary-400 bg-white"[39m
            [33mdisabled[39m=[32m""[39m
            [33mrole[39m=[32m"radio"[39m
            [33mtype[39m=[32m"button"[39m
          [36m>[39m
            [36m<div[39m
              [33mclass[39m=[32m"flex items-center justify-between"[39m
            [36m>[39m
              [36m<span[39m
                [33mclass[39m=[32m"font-medium"[39m
              [36m>[39m
                [0m5[0m
              [36m</span>[39m
            [36m</div>[39m
          [36m</button>[39m
          [36m<button[39m
            [33maria-checked[39m=[32m"false"[39m
            [33maria-label[39m=[32m"6"[39m
            [33mclass[39m=[32m"w-full p-4 text-left border-2 rounded-lg transition-all shadow-sm border-gray-300 
hover:border-primary-400 bg-white"[39m
            [33mdisabled[39m=[32m""[39m
            [33mrole[39m=[32m"radio"[39m
            [33mtype[39m=[32m"button"[39m
          [36m>[39m
            [36m<div[39m
              [33mclass[39m=[32m"flex items-center justify-between"[39m
            [36m>[39m
              [36m<span[39m
                [33mclass[39m=[32m"font-medium"[39m
              [36m>[39m
                [0m6[0m
              [36m</span>[39m
            [36m</div>[39m
          [36m</button>[39m
        [36m</div>[39m
        [36m<div[39m
          [33mclass[39m=[32m"mt-4"[39m
        [36m>[39m
          [36m<button[39m
            [33mclass[39m=[32m"text-sm text-primary-600 hover:text-primary-800 disabled:text-gray-400"[39m
            [33mtype[39m=[32m"button"[39m
          [36m>[39m
            [0mUse Hint ([0m
            [0m0[0m
            [0m/[0m
            [0m1[0m
            [0m)[0m
          [36m</button>[39m
        [36m</div>[39m
        [36m<div[39m
          [33maria-live[39m=[32m"polite"[39m
          [33mclass[39m=[32m"mt-4 p-4 bg-blue-50 border border-blue-200 rounded-lg"[39m
          [33mrole[39m=[32m"status"[39m
        [36m>[39m
          [36m<p[39m
            [33mclass[39m=[32m"text-gray-800"[39m
          [36m>[39m
            [0m2 + 2 equals 4[0m
          [36m</p>[39m
        [36m</div>[39m
      [36m</article>[39m
      [36m<div[39m
        [33mclass[39m=[32m"flex justify-between"[39m
      [36m>[39m
        [36m<button[39m
          [33maria-label[39m=[32m"Exit quiz"[39m
          [33mclass[39m=[32m"btn-secondary"[39m
          [33mtype[39m=[32m"button"[39m
        [36m>[39m
          [0mExit Quiz[0m
        [36m</button>[39m
        [36m<div[39m
          [33mclass[39m=[32m"flex gap-2"[39m
        [36m>[39m
          [36m<button[39m
            [33mclass[39m=[32m"btn-primary"[39m
            [33mtype[39m=[32m"button"[39m
          [36m>[39m
            [0mNext Question[0m
          [36m</button>[39m
        [36m</div>[39m
      [36m</div>[39m
    [36m</div>[39m
  [36m</div>[39m
  [36m<div[39m
    [33maria-atomic[39m=[32m"true"[39m
    [33maria-live[39m=[32m"polite"[39m
    [33mclass[39m=[32m"sr-only"[39m
    [33mrole[39m=[32m"status"[39m
  [36m>[39m
    [0mCorrect![0m
  [36m</div>[39m
[36m</body>[39m
[90m [2mΓ¥»[22m Object.getElementError node_modules/@testing-library/dom/dist/config.js:[2m37:19[22m[39m
[90m [2mΓ¥»[22m node_modules/@testing-library/dom/dist/query-helpers.js:[2m76:38[22m[39m
[90m [2mΓ¥»[22m node_modules/@testing-library/dom/dist/query-helpers.js:[2m52:17[22m[39m
[90m [2mΓ¥»[22m node_modules/@testing-library/dom/dist/query-helpers.js:[2m95:19[22m[39m
[36m [2mΓ¥»[22m src/components/__tests__/EnhancedQuizComponent.test.tsx:[2m522:21[22m[39m
    [90m520| [39m
    [90m521| [39m      [90m// Assert[39m
    [90m522| [39m      [34mexpect[39m(screen[33m.[39m[34mgetByText[39m([32m'Score: 
1'[39m))[33m.[39m[34mtoBeInTheDocument[39m()[33m;[39m
    [90m   | [39m                    [31m^[39m
    [90m523| [39m    })[33m;[39m
    [90m524| [39m  })[33m;[39m

[31m[2mΓÄ»ΓÄ»ΓÄ»ΓÄ»ΓÄ»ΓÄ»ΓÄ»ΓÄ»ΓÄ»ΓÄ»ΓÄ»ΓÄ»ΓÄ»ΓÄ»ΓÄ»ΓÄ»ΓÄ»ΓÄ»ΓÄ»ΓÄ»ΓÄ»ΓÄ»[11/70]ΓÄ»[22m[39m

[41m[1m FAIL [22m[49m src/components/__tests__/EnhancedQuizComponent.test.tsx[2m > 
[22mEnhancedQuizComponent[2m > [22mnavigation[2m > [22mshould_navigate_between_questions
[31m[1mTestingLibraryElementError[22m[39m: Unable to find an element with the text: Question 2 of 3. This could 
be because the text is broken up by multiple elements. In this case, you can provide a function for your text matcher 
to make your matcher more flexible.

Ignored nodes: comments, script, style
[36m<body>[39m
  [36m<div[39m
    [33maria-atomic[39m=[32m"true"[39m
    [33maria-live[39m=[32m"polite"[39m
    [33mclass[39m=[32m"sr-only"[39m
    [33mrole[39m=[32m"status"[39m
  [36m>[39m
    [0mCorrect![0m
  [36m</div>[39m
  [36m<div[39m
    [33maria-atomic[39m=[32m"true"[39m
    [33maria-live[39m=[32m"polite"[39m
    [33mclass[39m=[32m"sr-only"[39m
    [33mrole[39m=[32m"status"[39m
  [36m>[39m
    [0mIncorrect. The correct answer is 4[0m
  [36m</div>[39m
  [36m<div[39m
    [33maria-atomic[39m=[32m"true"[39m
    [33maria-live[39m=[32m"polite"[39m
    [33mclass[39m=[32m"sr-only"[39m
    [33mrole[39m=[32m"status"[39m
  [36m>[39m
    [0mCorrect![0m
  [36m</div>[39m
  [36m<div[39m
    [33maria-atomic[39m=[32m"true"[39m
    [33maria-live[39m=[32m"polite"[39m
    [33mclass[39m=[32m"sr-only"[39m
    [33mrole[39m=[32m"status"[39m
  [36m>[39m
    [0mCorrect![0m
  [36m</div>[39m
  [36m<div[39m
    [33maria-atomic[39m=[32m"true"[39m
    [33maria-live[39m=[32m"polite"[39m
    [33mclass[39m=[32m"sr-only"[39m
    [33mrole[39m=[32m"status"[39m
  [36m>[39m
    [0mCorrect![0m
  [36m</div>[39m
  [36m<div[39m
    [33maria-atomic[39m=[32m"true"[39m
    [33maria-live[39m=[32m"polite"[39m
    [33mclass[39m=[32m"sr-only"[39m
    [33mrole[39m=[32m"status"[39m
  [36m>[39m
    [0mCorrect![0m
  [36m</div>[39m
  [36m<div[39m
    [33maria-atomic[39m=[32m"true"[39m
    [33maria-live[39m=[32m"polite"[39m
    [33mclass[39m=[32m"sr-only"[39m
    [33mrole[39m=[32m"status"[39m
  [36m>[39m
    [0mCorrect![0m
  [36m</div>[39m
  [36m<div[39m
    [33maria-atomic[39m=[32m"true"[39m
    [33maria-live[39m=[32m"polite"[39m
    [33mclass[39m=[32m"sr-only"[39m
    [33mrole[39m=[32m"status"[39m
  [36m>[39m
    [0mCorrect![0m
  [36m</div>[39m
  [36m<div[39m
    [33maria-atomic[39m=[32m"true"[39m
    [33maria-live[39m=[32m"polite"[39m
    [33mclass[39m=[32m"sr-only"[39m
    [33mrole[39m=[32m"status"[39m
  [36m>[39m
    [0mHint: Think about basic addition[0m
  [36m</div>[39m
  [36m<div[39m
    [33maria-atomic[39m=[32m"true"[39m
    [33maria-live[39m=[32m"polite"[39m
    [33mclass[39m=[32m"sr-only"[39m
    [33mrole[39m=[32m"status"[39m
  [36m>[39m
    [0mHint: Think about basic addition[0m
  [36m</div>[39m
  [36m<div[39m
    [33maria-atomic[39m=[32m"true"[39m
    [33maria-live[39m=[32m"polite"[39m
    [33mclass[39m=[32m"sr-only"[39m
    [33mrole[39m=[32m"status"[39m
  [36m>[39m
    [0mCorrect![0m
  [36m</div>[39m
  [36m<div[39m
    [33maria-atomic[39m=[32m"true"[39m
    [33maria-live[39m=[32m"polite"[39m
    [33mclass[39m=[32m"sr-only"[39m
    [33mrole[39m=[32m"status"[39m
  [36m>[39m
    [0mCorrect![0m
  [36m</div>[39m
  [36m<div[39m
    [33maria-atomic[39m=[32m"true"[39m
    [33maria-live[39m=[32m"polite"[39m
    [33mclass[39m=[32m"sr-only"[39m
    [33mrole[39m=[32m"status"[39m
  [36m>[39m
    [0mCorrect![0m
  [36m</div>[39m
  [36m<div[39m
    [33maria-atomic[39m=[32m"true"[39m
    [33maria-live[39m=[32m"polite"[39m
    [33mclass[39m=[32m"sr-only"[39m
    [33mrole[39m=[32m"status"[39m
  [36m>[39m
    [0mCorrect![0m
  [36m</div>[39m
  [36m<div>[39m
    [36m<div[39m
      [33mclass[39m=[32m"space-y-6"[39m
    [36m>[39m
      [36m<div[39m
        [33mclass[39m=[32m"space-y-2"[39m
      [36m>[39m
        [36m<div[39m
          [33mclass[39m=[32m"flex justify-between text-sm text-gray-600"[39m
        [36m>[39m
          [36m<span>[39m
            [0mQuestion[0m
            [0m2[0m
            [0m [0m
            [0mof[0m
            [0m3[0m
          [36m</span>[39m
          [36m<div[39m
            [33mclass[39m=[32m"flex gap-4"[39m
          [36m>[39m
            [36m<span>[39m
              [0mScore:[0m
              [0m1[0m
            [36m</span>[39m
            [36m<span[39m
              [33mclass[39m=[32m""[39m
            [36m>[39m
              [0mTime:[0m
              [0m [0m
              [0m30[0m
              [0ms[0m
            [36m</span>[39m
          [36m</div>[39m
        [36m</div>[39m
        [36m<div[39m
          [33maria-valuemax[39m=[32m"3"[39m
          [33maria-valuemin[39m=[32m"1"[39m
          [33maria-valuenow[39m=[32m"2"[39m
          [33mclass[39m=[32m"w-full bg-gray-200 rounded-full h-2"[39m
          [33mrole[39m=[32m"progressbar"[39m
        [36m>[39m
          [36m<div[39m
            [33mclass[39m=[32m"bg-primary-500 h-2 rounded-full transition-all duration-300"[39m
            [33mstyle[39m=[32m"width: 66.66666666666666%;"[39m
          [36m/>[39m
        [36m</div>[39m
      [36m</div>[39m
      [36m<article[39m
        [33mclass[39m=[32m"card"[39m
      [36m>[39m
        [36m<div[39m
          [33mclass[39m=[32m"flex justify-between items-start mb-4"[39m
        [36m>[39m
          [36m<div[39m
            [33mclass[39m=[32m"flex-1"[39m
          [36m>[39m
            [36m<div[39m
              [33mclass[39m=[32m"flex items-center gap-2 mb-2"[39m
            [36m>[39m
              [36m<span[39m
                [33mclass[39m=[32m"px-2 py-1 bg-primary-100 text-primary-800 text-xs font-medium rounded"[39m
              [36m>[39m
                [0mBeginner[0m
              [36m</span>[39m
              [36m<span[39m
                [33mclass[39m=[32m"px-2 py-1 bg-gray-100 text-gray-800 text-xs font-medium rounded"[39m
              [36m>[39m
                [0m1[0m
                [0m [0m
                [0mpoints[0m
              [36m</span>[39m
            [36m</div>[39m
            [36m<h2[39m
              [33mclass[39m=[32m"text-xl font-bold text-gray-900"[39m
            [36m>[39m
              [0mIs the sky blue?[0m
            [36m</h2>[39m
          [36m</div>[39m
          [36m<button[39m
            [33maria-label[39m=[32m"Read question aloud"[39m
            [33mclass[39m=[32m"p-2 hover:bg-gray-100 rounded-lg"[39m
            [33mtype[39m=[32m"button"[39m
          [36m>[39m
            [36m<svg[39m
              [33maria-hidden[39m=[32m"true"[39m
              [33mclass[39m=[32m"w-5 h-5"[39m
              [33mfill[39m=[32m"currentColor"[39m
              [33mviewBox[39m=[32m"0 0 20 20"[39m
            [36m>[39m
              [36m<path[39m
                [33mclip-rule[39m=[32m"evenodd"[39m
                [33md[39m=[32m"M18 3a1 1 0 00-1.447-.894L8.763 6H5a3 3 0 000 6h.28l1.771 5.316A1 1 0 008 18h1a1 1 
0 001-1v-4.382l6.553 3.276A1 1 0 0018 15V3z"[39m
                [33mfill-rule[39m=[32m"evenodd"[39m
              [36m/>[39m
            [36m</svg>[39m
          [36m</button>[39m
        [36m</div>[39m
        [36m<div[39m
          [33maria-label[39m=[32m"True or False"[39m
          [33mclass[39m=[32m"space-y-3"[39m
          [33mrole[39m=[32m"radiogroup"[39m
        [36m>[39m
          [36m<button[39m
            [33maria-checked[39m=[32m"false"[39m
            [33maria-label[39m=[32m"True"[39m
            [33mclass[39m=[32m"w-full p-4 text-left border-2 rounded-lg transition-all shadow-sm border-gray-300 
hover:border-primary-400 bg-white"[39m
            [33mrole[39m=[32m"radio"[39m
            [33mtype[39m=[32m"button"[39m
          [36m>[39m
            [36m<span[39m
              [33mclass[39m=[32m"font-medium text-lg"[39m
            [36m>[39m
              [0mTrue[0m
            [36m</span>[39m
          [36m</button>[39m
          [36m<button[39m
            [33maria-checked[39m=[32m"false"[39m
            [33maria-label[39m=[32m"False"[39m
            [33mclass[39m=[32m"w-full p-4 text-left border-2 rounded-lg transition-all shadow-sm border-gray-300 
hover:border-primary-400 bg-white"[39m
            [33mrole[39m=[32m"radio"[39m
            [33mtype[39m=[32m"button"[39m
          [36m>[39m
            [36m<span[39m
              [33mclass[39m=[32m"font-medium text-lg"[39m
            [36m>[39m
              [0mFalse[0m
            [36m</span>[39m
          [36m</button>[39m
        [36m</div>[39m
        [36m<div[39m
          [33mclass[39m=[32m"mt-4"[39m
        [36m>[39m
          [36m<button[39m
            [33mclass[39m=[32m"text-sm text-primary-600 hover:text-primary-800 disabled:text-gray-400"[39m
            [33mtype[39m=[32m"button"[39m
          [36m>[39m
            [0mUse Hint ([0m
            [0m0[0m
            [0m/[0m
            [0m1[0m
            [0m)[0m
          [36m</button>[39m
        [36m</div>[39m
      [36m</article>[39m
      [36m<div[39m
        [33mclass[39m=[32m"flex justify-between"[39m
      [36m>[39m
        [36m<button[39m
          [33maria-label[39m=[32m"Exit quiz"[39m
          [33mclass[39m=[32m"btn-secondary"[39m
          [33mtype[39m=[32m"button"[39m
        [36m>[39m
          [0mExit Quiz[0m
        [36m</button>[39m
        [36m<div[39m
          [33mclass[39m=[32m"flex gap-2"[39m
        [36m/>[39m
      [36m</div>[39m
    [36m</div>[39m
  [36m</div>[39m
  [36m<div[39m
    [33maria-atomic[39m=[32m"true"[39m
    [33maria-live[39m=[32m"polite"[39m
    [33mclass[39m=[32m"sr-only"[39m
    [33mrole[39m=[32m"status"[39m
  [36m>[39m
    [0mCorrect![0m
  [36m</div>[39m
[36m</body>[39m
[90m [2mΓ¥»[22m Object.getElementError node_modules/@testing-library/dom/dist/config.js:[2m37:19[22m[39m
[90m [2mΓ¥»[22m node_modules/@testing-library/dom/dist/query-helpers.js:[2m76:38[22m[39m
[90m [2mΓ¥»[22m node_modules/@testing-library/dom/dist/query-helpers.js:[2m52:17[22m[39m
[90m [2mΓ¥»[22m node_modules/@testing-library/dom/dist/query-helpers.js:[2m95:19[22m[39m
[36m [2mΓ¥»[22m src/components/__tests__/EnhancedQuizComponent.test.tsx:[2m549:21[22m[39m
    [90m547| [39m
    [90m548| [39m      [90m// Assert[39m
    [90m549| [39m      [34mexpect[39m(screen[33m.[39m[34mgetByText[39m([32m'Question 2 of 
3'[39m))[33m.[39m[34mtoBeInTheDocument[39m()[33m;[39m
    [90m   | [39m                    [31m^[39m
    [90m550| [39m      [34mexpect[39m(screen[33m.[39m[34mgetByText[39m([32m'Is the sky 
blue?'[39m))[33m.[39m[34mtoBeInTheDocument[39m()[33m;[39m
    [90m551| [39m    })[33m;[39m

[31m[2mΓÄ»ΓÄ»ΓÄ»ΓÄ»ΓÄ»ΓÄ»ΓÄ»ΓÄ»ΓÄ»ΓÄ»ΓÄ»ΓÄ»ΓÄ»ΓÄ»ΓÄ»ΓÄ»ΓÄ»ΓÄ»ΓÄ»ΓÄ»ΓÄ»ΓÄ»[12/70]ΓÄ»[22m[39m

[41m[1m FAIL [22m[49m src/components/__tests__/EnhancedQuizComponent.test.tsx[2m > 
[22mEnhancedQuizComponent[2m > [22maccessibility[2m > [22mshould_have_proper_aria_checked_states
[31m[1mError[22m: 
[2mexpect([22m[31melement[31m[2m).toHaveAttribute([22m[32m[32m"aria-checked"[32m[31m[2m, 
[22m[32m[32m"true"[32m[31m[2m) // element.getAttribute("aria-checked") === "true"[22m

Expected the element to have attribute:
[32m  aria-checked="true"[31m
Received:
[31m  null[31m[39m
[36m [2mΓ¥»[22m src/components/__tests__/EnhancedQuizComponent.test.tsx:[2m628:23[22m[39m
    [90m626| [39m
    [90m627| [39m      [90m// Assert[39m
    [90m628| [39m      
[34mexpect[39m(option4)[33m.[39m[34mtoHaveAttribute[39m([32m'aria-checked'[39m[33m,[39m 
[32m'true'[39m)[33m;[39m
    [90m   | [39m                      [31m^[39m
    [90m629| [39m    })[33m;[39m
    [90m630| [39m  })[33m;[39m

[31m[2mΓÄ»ΓÄ»ΓÄ»ΓÄ»ΓÄ»ΓÄ»ΓÄ»ΓÄ»ΓÄ»ΓÄ»ΓÄ»ΓÄ»ΓÄ»ΓÄ»ΓÄ»ΓÄ»ΓÄ»ΓÄ»ΓÄ»ΓÄ»ΓÄ»ΓÄ»[13/70]ΓÄ»[22m[39m

[41m[1m FAIL [22m[49m src/components/__tests__/EnhancedQuizComponent.test.tsx[2m > 
[22mEnhancedQuizComponent[2m > [22merror handling[2m > [22mshould_handle_empty_questions_array
[31m[1mTypeError[22m: Cannot read properties of undefined (reading 'timeLimit')[39m
[36m [2mΓ¥»[22m EnhancedQuizComponent src/components/EnhancedQuizComponent.tsx:[2m91:45[22m[39m
    [90m 89| [39m      [34msetTimeRemaining[39m(currentQuestion[33m.[39mtimeLimit)[33m;[39m
    [90m 90| [39m    }
    [90m 91| [39m  }[33m,[39m [currentQuestionIndex[33m,[39m currentQuestion[33m.[39mtimeLimit[33m,[39m 
timeRemaining])[33m;[39m
    [90m   | [39m                                            [31m^[39m
    [90m 92| [39m
    [90m 93| [39m  [34museEffect[39m(() [33m=>[39m {
[90m [2mΓ¥»[22m renderWithHooks node_modules/react-dom/cjs/react-dom.development.js:[2m15486:18[22m[39m
[90m [2mΓ¥»[22m mountIndeterminateComponent 
node_modules/react-dom/cjs/react-dom.development.js:[2m20103:13[22m[39m
[90m [2mΓ¥»[22m beginWork node_modules/react-dom/cjs/react-dom.development.js:[2m21626:16[22m[39m
[90m [2mΓ¥»[22m beginWork$1 node_modules/react-dom/cjs/react-dom.development.js:[2m27465:14[22m[39m
[90m [2mΓ¥»[22m performUnitOfWork node_modules/react-dom/cjs/react-dom.development.js:[2m26599:12[22m[39m
[90m [2mΓ¥»[22m workLoopSync node_modules/react-dom/cjs/react-dom.development.js:[2m26505:5[22m[39m
[90m [2mΓ¥»[22m renderRootSync node_modules/react-dom/cjs/react-dom.development.js:[2m26473:7[22m[39m
[90m [2mΓ¥»[22m recoverFromConcurrentError 
node_modules/react-dom/cjs/react-dom.development.js:[2m25889:20[22m[39m
[90m [2mΓ¥»[22m performSyncWorkOnRoot node_modules/react-dom/cjs/react-dom.development.js:[2m26135:20[22m[39m

[31m[2mΓÄ»ΓÄ»ΓÄ»ΓÄ»ΓÄ»ΓÄ»ΓÄ»ΓÄ»ΓÄ»ΓÄ»ΓÄ»ΓÄ»ΓÄ»ΓÄ»ΓÄ»ΓÄ»ΓÄ»ΓÄ»ΓÄ»ΓÄ»ΓÄ»ΓÄ»[14/70]ΓÄ»[22m[39m

[41m[1m FAIL [22m[49m src/components/__tests__/EnhancedQuizComponent.test.tsx[2m > 
[22mEnhancedQuizComponent[2m > [22merror handling[2m > [22mshould_handle_questions_without_time_limits
[31m[1mError[22m: [2mexpect([22m[31melement[31m[2m).not.toBeInTheDocument()[22m

[31mexpected document not to contain element, found <span
  class=""
>
  Time:
   
  30
  s
</span> instead[31m[39m
[36m [2mΓ¥»[22m src/components/__tests__/EnhancedQuizComponent.test.tsx:[2m676:47[22m[39m
    [90m674| [39m
    [90m675| [39m      [90m// Assert[39m
    [90m676| [39m      [34mexpect[39m(screen[33m.[39m[34mqueryByText[39m([36m/Time:/[39m))[33m.[39mnot[33
m.[39m[34mtoBeInTheDocument[39m()[33m;[39m
    [90m   | [39m                                              [31m^[39m
    [90m677| [39m    })[33m;[39m
    [90m678| [39m  })[33m;[39m

[31m[2mΓÄ»ΓÄ»ΓÄ»ΓÄ»ΓÄ»ΓÄ»ΓÄ»ΓÄ»ΓÄ»ΓÄ»ΓÄ»ΓÄ»ΓÄ»ΓÄ»ΓÄ»ΓÄ»ΓÄ»ΓÄ»ΓÄ»ΓÄ»ΓÄ»ΓÄ»[15/70]ΓÄ»[22m[39m

[41m[1m FAIL [22m[49m src/components/__tests__/LanguageSelector.test.tsx[2m > [22mLanguageSelector[2m > 
[22mdisplays both language options
[31m[1mTestingLibraryElementError[22m: Unable to find an element with the text: English. This could be because the 
text is broken up by multiple elements. In this case, you can provide a function for your text matcher to make your 
matcher more flexible.

Ignored nodes: comments, script, style
[36m<body>[31m
  [36m<div>[31m
    [36m<div[31m
      [33maria-label[31m=[32m"Language selection"[31m
      [33mclass[31m=[32m"flex items-center gap-2"[31m
      [33mrole[31m=[32m"group"[31m
    [36m>[31m
      [36m<label[31m
        [33mclass[31m=[32m"font-semibold text-gray-700"[31m
        [33mfor[31m=[32m"language-select"[31m
      [36m>[31m
        [0mαñ¡αñ╛αñ╖αñ╛ / Language:[0m
      [36m</label>[31m
      [36m<select[31m
        [33maria-label[31m=[32m"Select language"[31m
        [33mclass[31m=[32m"px-4 py-2 border border-primary-200 rounded-lg focus:ring-2 focus:ring-accent-500 
bg-white font-medium shadow-sm"[31m
        [33mid[31m=[32m"language-select"[31m
      [36m>[31m
        [36m<option[31m
          [33mvalue[31m=[32m"en"[31m
        [36m>[31m
          [0m≡ƒç«≡ƒç│ English[0m
        [36m</option>[31m
        [36m<option[31m
          [33mvalue[31m=[32m"hi"[31m
        [36m>[31m
          [0m≡ƒç«≡ƒç│ αñ╣αñ┐αñéαñªαÑÇ[0m
        [36m</option>[31m
      [36m</select>[31m
    [36m</div>[31m
  [36m</div>[31m
[36m</body>[31m[39m
[90m [2mΓ¥»[22m Object.getElementError node_modules/@testing-library/dom/dist/config.js:[2m37:19[22m[39m
[90m [2mΓ¥»[22m node_modules/@testing-library/dom/dist/query-helpers.js:[2m76:38[22m[39m
[90m [2mΓ¥»[22m node_modules/@testing-library/dom/dist/query-helpers.js:[2m52:17[22m[39m
[90m [2mΓ¥»[22m node_modules/@testing-library/dom/dist/query-helpers.js:[2m95:19[22m[39m
[36m [2mΓ¥»[22m src/components/__tests__/LanguageSelector.test.tsx:[2m33:19[22m[39m
    [90m 31| [39m    render(<LanguageSelector currentLanguage="en" onLanguageChange={moΓÇª
    [90m 32| [39m
    [90m 33| [39m    [34mexpect[39m(screen[33m.[39m[34mgetByText[39m([32m'English'[39m))[33m.[39m[34mtoBe
InTheDocument[39m()[33m;[39m
    [90m   | [39m                  [31m^[39m
    [90m 34| [39m    [34mexpect[39m(screen[33m.[39m[34mgetByText[39m([32m'αñ╣αñ┐αñéαñªαÑÇ 
(Hindi)'[39m))[33m.[39m[34mtoBeInTheDocument[39m()[33m;[39m
    [90m 35| [39m  })[33m;[39m

[31m[2mΓÄ»ΓÄ»ΓÄ»ΓÄ»ΓÄ»ΓÄ»ΓÄ»ΓÄ»ΓÄ»ΓÄ»ΓÄ»ΓÄ»ΓÄ»ΓÄ»ΓÄ»ΓÄ»ΓÄ»ΓÄ»ΓÄ»ΓÄ»ΓÄ»ΓÄ»[16/70]ΓÄ»[22m[39m

[41m[1m FAIL [22m[49m src/services/__tests__/ContentManager.test.ts[2m > [22mContentManager[2m > 
[22msyncFromSource[2m > [22mshould_sync_ncert_content_successfully
[31m[1mTypeError[22m: mockTTSService.generateAudioBlob.mockResolvedValueOnce is not a function[39m
[36m [2mΓ¥»[22m src/services/__tests__/ContentManager.test.ts:[2m36:40[22m[39m
    [90m 34| [39m
    [90m 35| [39m      [90m// Mock TTS service[39m
    [90m 36| [39m      mockTTSService.generateAudioBlob.mockResolvedValueOnce(new Blob(ΓÇª
    [90m   | [39m                                       [31m^[39m
    [90m 37| [39m      global.URL.createObjectURL = jest.fn(() => 'blob:mock-audio-url'ΓÇª
    [90m 38| [39m

[31m[2mΓÄ»ΓÄ»ΓÄ»ΓÄ»ΓÄ»ΓÄ»ΓÄ»ΓÄ»ΓÄ»ΓÄ»ΓÄ»ΓÄ»ΓÄ»ΓÄ»ΓÄ»ΓÄ»ΓÄ»ΓÄ»ΓÄ»ΓÄ»ΓÄ»ΓÄ»[17/70]ΓÄ»[22m[39m

[41m[1m FAIL [22m[49m src/services/__tests__/ContentManager.test.ts[2m > [22mContentManager[2m > 
[22msyncFromSource[2m > [22mshould_handle_sync_failures_gracefully
[31m[1mTypeError[22m: mockLessonEngine.saveLesson.mockRejectedValueOnce is not a function[39m
[36m [2mΓ¥»[22m src/services/__tests__/ContentManager.test.ts:[2m71:35[22m[39m
    [90m 69| [39m
    [90m 70| [39m      [90m// Mock lesson engine to fail[39m
    [90m 71| [39m      mockLessonEngine.saveLesson.mockRejectedValueOnce(new Error('SavΓÇª
    [90m   | [39m                                  [31m^[39m
    [90m 72| [39m
    [90m 73| [39m      [90m// Act[39m

[31m[2mΓÄ»ΓÄ»ΓÄ»ΓÄ»ΓÄ»ΓÄ»ΓÄ»ΓÄ»ΓÄ»ΓÄ»ΓÄ»ΓÄ»ΓÄ»ΓÄ»ΓÄ»ΓÄ»ΓÄ»ΓÄ»ΓÄ»ΓÄ»ΓÄ»ΓÄ»[18/70]ΓÄ»[22m[39m

[41m[1m FAIL [22m[49m src/services/__tests__/ContentManager.test.ts[2m > [22mContentManager[2m > 
[22msearchContent[2m > [22mshould_search_lessons_by_text_query
[41m[1m FAIL [22m[49m src/services/__tests__/ContentManager.test.ts[2m > [22mContentManager[2m > 
[22msearchContent[2m > [22mshould_filter_lessons_by_subject
[41m[1m FAIL [22m[49m src/services/__tests__/ContentManager.test.ts[2m > [22mContentManager[2m > 
[22msearchContent[2m > [22mshould_filter_lessons_by_grade
[41m[1m FAIL [22m[49m src/services/__tests__/ContentManager.test.ts[2m > [22mContentManager[2m > 
[22msearchContent[2m > [22mshould_filter_lessons_by_difficulty
[41m[1m FAIL [22m[49m src/services/__tests__/ContentManager.test.ts[2m > [22mContentManager[2m > 
[22msearchContent[2m > [22mshould_filter_lessons_by_audio_availability
[41m[1m FAIL [22m[49m src/services/__tests__/ContentManager.test.ts[2m > [22mContentManager[2m > 
[22msearchContent[2m > [22mshould_combine_multiple_filters
[41m[1m FAIL [22m[49m src/services/__tests__/ContentManager.test.ts[2m > [22mContentManager[2m > 
[22msearchContent[2m > [22mshould_return_empty_array_when_no_matches
[31m[1mTypeError[22m: mockLessonEngine.getAllLessons.mockResolvedValue is not a function[39m
[36m [2mΓ¥»[22m src/services/__tests__/ContentManager.test.ts:[2m189:38[22m[39m
    [90m187| [39m  [34mdescribe[39m([32m'searchContent'[39m[33m,[39m () [33m=>[39m {
    [90m188| [39m    [34mbeforeEach[39m(() [33m=>[39m {
    [90m189| [39m      mockLessonEngine[33m.[39mgetAllLessons[33m.[39m[34mmockResolvedValue[39m([
    [90m   | [39m                                     [31m^[39m
    [90m190| [39m        LessonFactory.createMinimal({ title: 'Science Lesson', subjectΓÇª
    [90m191| [39m        LessonFactory.createMinimal({ title: 'Math Lesson', subject: 'ΓÇª

[31m[2mΓÄ»ΓÄ»ΓÄ»ΓÄ»ΓÄ»ΓÄ»ΓÄ»ΓÄ»ΓÄ»ΓÄ»ΓÄ»ΓÄ»ΓÄ»ΓÄ»ΓÄ»ΓÄ»ΓÄ»ΓÄ»ΓÄ»ΓÄ»ΓÄ»ΓÄ»[19/70]ΓÄ»[22m[39m

[41m[1m FAIL [22m[49m src/services/__tests__/ContentManager.test.ts[2m > [22mContentManager[2m > 
[22mgenerateAudio[2m > [22mshould_generate_audio_successfully
[31m[1mTypeError[22m: mockTTSService.generateAudioBlob.mockResolvedValueOnce is not a function[39m
[36m [2mΓ¥»[22m src/services/__tests__/ContentManager.test.ts:[2m298:40[22m[39m
    [90m296| [39m      const mockAudioBlob = new Blob(['audio data'], { type: 'audio/waΓÇª
    [90m297| [39m
    [90m298| [39m      mockTTSService.generateAudioBlob.mockResolvedValueOnce(mockAudioΓÇª
    [90m   | [39m                                       [31m^[39m
    [90m299| [39m      global.URL.createObjectURL = jest.fn(() => 'blob:mock-audio-url'ΓÇª
    [90m300| [39m

[31m[2mΓÄ»ΓÄ»ΓÄ»ΓÄ»ΓÄ»ΓÄ»ΓÄ»ΓÄ»ΓÄ»ΓÄ»ΓÄ»ΓÄ»ΓÄ»ΓÄ»ΓÄ»ΓÄ»ΓÄ»ΓÄ»ΓÄ»ΓÄ»ΓÄ»ΓÄ»[20/70]ΓÄ»[22m[39m

[41m[1m FAIL [22m[49m src/services/__tests__/ContentManager.test.ts[2m > [22mContentManager[2m > 
[22mgenerateAudio[2m > [22mshould_handle_audio_generation_failure
[31m[1mTypeError[22m: mockTTSService.generateAudioBlob.mockRejectedValueOnce is not a function[39m
[36m [2mΓ¥»[22m src/services/__tests__/ContentManager.test.ts:[2m320:40[22m[39m
    [90m318| [39m      [90m// Arrange[39m
    [90m319| [39m      [35mconst[39m lesson [33m=[39m 
[33mLessonFactory[39m[33m.[39m[34mcreateMinimal[39m()[33m;[39m
    [90m320| [39m      mockTTSService.generateAudioBlob.mockRejectedValueOnce(new ErrorΓÇª
    [90m   | [39m                                       [31m^[39m
    [90m321| [39m
    [90m322| [39m      [90m// Act & Assert[39m

[31m[2mΓÄ»ΓÄ»ΓÄ»ΓÄ»ΓÄ»ΓÄ»ΓÄ»ΓÄ»ΓÄ»ΓÄ»ΓÄ»ΓÄ»ΓÄ»ΓÄ»ΓÄ»ΓÄ»ΓÄ»ΓÄ»ΓÄ»ΓÄ»ΓÄ»ΓÄ»[21/70]ΓÄ»[22m[39m

[41m[1m FAIL [22m[49m src/services/__tests__/ContentManager.test.ts[2m > [22mContentManager[2m > 
[22mupdateContentMetadata[2m > [22mshould_update_lesson_metadata_successfully
[31m[1mTypeError[22m: mockLessonEngine.getLesson.mockResolvedValueOnce is not a function[39m
[36m [2mΓ¥»[22m src/services/__tests__/ContentManager.test.ts:[2m334:34[22m[39m
    [90m332| [39m      const updatedMetadata = { title: 'Updated Title', difficulty: 'IΓÇª
    [90m333| [39m
    [90m334| [39m      
mockLessonEngine[33m.[39mgetLesson[33m.[39m[34mmockResolvedValueOnce[39m(lesson)[33m;[39m
    [90m   | [39m                                 [31m^[39m
    [90m335| [39m      mockLessonEngine[33m.[39msaveLesson[33m.[39m[34mmockResolvedValueOnce[39m()[33m;[39m
    [90m336| [39m

[31m[2mΓÄ»ΓÄ»ΓÄ»ΓÄ»ΓÄ»ΓÄ»ΓÄ»ΓÄ»ΓÄ»ΓÄ»ΓÄ»ΓÄ»ΓÄ»ΓÄ»ΓÄ»ΓÄ»ΓÄ»ΓÄ»ΓÄ»ΓÄ»ΓÄ»ΓÄ»[22/70]ΓÄ»[22m[39m

[41m[1m FAIL [22m[49m src/services/__tests__/ContentManager.test.ts[2m > [22mContentManager[2m > 
[22mupdateContentMetadata[2m > [22mshould_throw_error_when_lesson_not_found
[31m[1mTypeError[22m: mockLessonEngine.getLesson.mockResolvedValueOnce is not a function[39m
[36m [2mΓ¥»[22m src/services/__tests__/ContentManager.test.ts:[2m352:34[22m[39m
    [90m350| [39m    [34mit[39m([32m'should_throw_error_when_lesson_not_found'[39m[33m,[39m [35masync[39m 
() [33m=>[39m {
    [90m351| [39m      [90m// Arrange[39m
    [90m352| [39m      
mockLessonEngine[33m.[39mgetLesson[33m.[39m[34mmockResolvedValueOnce[39m(undefined)[33m;[39m
    [90m   | [39m                                 [31m^[39m
    [90m353| [39m
    [90m354| [39m      [90m// Act & Assert[39m

[31m[2mΓÄ»ΓÄ»ΓÄ»ΓÄ»ΓÄ»ΓÄ»ΓÄ»ΓÄ»ΓÄ»ΓÄ»ΓÄ»ΓÄ»ΓÄ»ΓÄ»ΓÄ»ΓÄ»ΓÄ»ΓÄ»ΓÄ»ΓÄ»ΓÄ»ΓÄ»[23/70]ΓÄ»[22m[39m

[41m[1m FAIL [22m[49m src/services/__tests__/ContentManager.test.ts[2m > [22mContentManager[2m > 
[22mconvertNCERTToLesson[2m > [22mshould_convert_ncert_content_to_lesson_format
[31m[1mTypeError[22m: mockTTSService.generateAudioBlob.mockResolvedValueOnce is not a function[39m
[36m [2mΓ¥»[22m src/services/__tests__/ContentManager.test.ts:[2m364:40[22m[39m
    [90m362| [39m      [90m// Arrange[39m
    [90m363| [39m      [35mconst[39m ncertContent [33m=[39m 
[33mTestDataFactory[39m[33m.[39m[34mcreateNCERTContent[39m()[33m;[39m
    [90m364| [39m      mockTTSService.generateAudioBlob.mockResolvedValueOnce(new Blob(ΓÇª
    [90m   | [39m                                       [31m^[39m
    [90m365| [39m      global.URL.createObjectURL = jest.fn(() => 'blob:mock-audio-url'ΓÇª
    [90m366| [39m

[31m[2mΓÄ»ΓÄ»ΓÄ»ΓÄ»ΓÄ»ΓÄ»ΓÄ»ΓÄ»ΓÄ»ΓÄ»ΓÄ»ΓÄ»ΓÄ»ΓÄ»ΓÄ»ΓÄ»ΓÄ»ΓÄ»ΓÄ»ΓÄ»ΓÄ»ΓÄ»[24/70]ΓÄ»[22m[39m

[41m[1m FAIL [22m[49m src/services/__tests__/TTSService.test.ts[2m > [22mTTSService[2m > [22mspeak[2m > 
[22mshould_speak_text_successfully
[31m[1mTypeError[22m: () => mockSpeechSynthesisUtterance is not a constructor[39m
[36m [2mΓ¥»[22m TTSService.speak src/services/TTSService.ts:[2m45:23[22m[39m
    [90m 43| [39m    [35mthis[39m[33m.[39m[34mstop[39m()[33m;[39m
    [90m 44| [39m
    [90m 45| [39m    [35mconst[39m utterance [33m=[39m [35mnew[39m 
[33mSpeechSynthesisUtterance[39m(text)[33m;[39m
    [90m   | [39m                      [31m^[39m
    [90m 46| [39m
    [90m 47| [39m    [90m// Apply options[39m
[90m [2mΓ¥»[22m src/services/__tests__/TTSService.test.ts:[2m51:39[22m[39m

[31m[2mΓÄ»ΓÄ»ΓÄ»ΓÄ»ΓÄ»ΓÄ»ΓÄ»ΓÄ»ΓÄ»ΓÄ»ΓÄ»ΓÄ»ΓÄ»ΓÄ»ΓÄ»ΓÄ»ΓÄ»ΓÄ»ΓÄ»ΓÄ»ΓÄ»ΓÄ»[25/70]ΓÄ»[22m[39m

[41m[1m FAIL [22m[49m src/services/__tests__/TTSService.test.ts[2m > [22mTTSService[2m > [22mspeak[2m > 
[22mshould_handle_hindi_language_correctly
[31m[1mTypeError[22m: () => mockSpeechSynthesisUtterance is not a constructor[39m
[36m [2mΓ¥»[22m TTSService.speak src/services/TTSService.ts:[2m45:23[22m[39m
    [90m 43| [39m    [35mthis[39m[33m.[39m[34mstop[39m()[33m;[39m
    [90m 44| [39m
    [90m 45| [39m    [35mconst[39m utterance [33m=[39m [35mnew[39m 
[33mSpeechSynthesisUtterance[39m(text)[33m;[39m
    [90m   | [39m                      [31m^[39m
    [90m 46| [39m
    [90m 47| [39m    [90m// Apply options[39m
[90m [2mΓ¥»[22m src/services/__tests__/TTSService.test.ts:[2m76:39[22m[39m

[31m[2mΓÄ»ΓÄ»ΓÄ»ΓÄ»ΓÄ»ΓÄ»ΓÄ»ΓÄ»ΓÄ»ΓÄ»ΓÄ»ΓÄ»ΓÄ»ΓÄ»ΓÄ»ΓÄ»ΓÄ»ΓÄ»ΓÄ»ΓÄ»ΓÄ»ΓÄ»[26/70]ΓÄ»[22m[39m

[41m[1m FAIL [22m[49m src/services/__tests__/TTSService.test.ts[2m > [22mTTSService[2m > [22mspeak[2m > 
[22mshould_use_default_options_when_none_provided
[31m[1mTypeError[22m: () => mockSpeechSynthesisUtterance is not a constructor[39m
[36m [2mΓ¥»[22m TTSService.speak src/services/TTSService.ts:[2m45:23[22m[39m
    [90m 43| [39m    [35mthis[39m[33m.[39m[34mstop[39m()[33m;[39m
    [90m 44| [39m
    [90m 45| [39m    [35mconst[39m utterance [33m=[39m [35mnew[39m 
[33mSpeechSynthesisUtterance[39m(text)[33m;[39m
    [90m   | [39m                      [31m^[39m
    [90m 46| [39m
    [90m 47| [39m    [90m// Apply options[39m
[90m [2mΓ¥»[22m src/services/__tests__/TTSService.test.ts:[2m95:39[22m[39m

[31m[2mΓÄ»ΓÄ»ΓÄ»ΓÄ»ΓÄ»ΓÄ»ΓÄ»ΓÄ»ΓÄ»ΓÄ»ΓÄ»ΓÄ»ΓÄ»ΓÄ»ΓÄ»ΓÄ»ΓÄ»ΓÄ»ΓÄ»ΓÄ»ΓÄ»ΓÄ»[27/70]ΓÄ»[22m[39m

[41m[1m FAIL [22m[49m src/services/__tests__/TTSService.test.ts[2m > [22mTTSService[2m > [22mspeak[2m > 
[22mshould_handle_speech_errors
[31m[1mAssertionError[22m: expected [Function] to throw error including 'TTS error: synthesis-failed' but got '() 
=> mockSpeechSynthesisUtterance isΓÇª'[39m

Expected: [32m"TTS error: synthesis-failed"[39m
Received: [31m"() => mockSpeechSynthesisUtterance is not a constructor"[39m

[31m[2mΓÄ»ΓÄ»ΓÄ»ΓÄ»ΓÄ»ΓÄ»ΓÄ»ΓÄ»ΓÄ»ΓÄ»ΓÄ»ΓÄ»ΓÄ»ΓÄ»ΓÄ»ΓÄ»ΓÄ»ΓÄ»ΓÄ»ΓÄ»ΓÄ»ΓÄ»[28/70]ΓÄ»[22m[39m

[41m[1m FAIL [22m[49m src/services/__tests__/TTSService.test.ts[2m > [22mTTSService[2m > [22mspeak[2m > 
[22mshould_throw_error_when_speech_synthesis_not_supported
[31m[1mAssertionError[22m: expected [Function] to throw error including 'Text-to-speech not supported' but got '() 
=> mockSpeechSynthesisUtterance isΓÇª'[39m

Expected: [32m"Text-to-speech not supported"[39m
Received: [31m"() => mockSpeechSynthesisUtterance is not a constructor"[39m

[31m[2mΓÄ»ΓÄ»ΓÄ»ΓÄ»ΓÄ»ΓÄ»ΓÄ»ΓÄ»ΓÄ»ΓÄ»ΓÄ»ΓÄ»ΓÄ»ΓÄ»ΓÄ»ΓÄ»ΓÄ»ΓÄ»ΓÄ»ΓÄ»ΓÄ»ΓÄ»[29/70]ΓÄ»[22m[39m

[41m[1m FAIL [22m[49m src/services/__tests__/TTSService.test.ts[2m > [22mTTSService[2m > [22mspeak[2m > 
[22mshould_stop_previous_speech_before_starting_new
[31m[1mTypeError[22m: () => mockSpeechSynthesisUtterance is not a constructor[39m
[36m [2mΓ¥»[22m TTSService.speak src/services/TTSService.ts:[2m45:23[22m[39m
    [90m 43| [39m    [35mthis[39m[33m.[39m[34mstop[39m()[33m;[39m
    [90m 44| [39m
    [90m 45| [39m    [35mconst[39m utterance [33m=[39m [35mnew[39m 
[33mSpeechSynthesisUtterance[39m(text)[33m;[39m
    [90m   | [39m                      [31m^[39m
    [90m 46| [39m
    [90m 47| [39m    [90m// Apply options[39m
[90m [2mΓ¥»[22m src/services/__tests__/TTSService.test.ts:[2m145:40[22m[39m

[31m[2mΓÄ»ΓÄ»ΓÄ»ΓÄ»ΓÄ»ΓÄ»ΓÄ»ΓÄ»ΓÄ»ΓÄ»ΓÄ»ΓÄ»ΓÄ»ΓÄ»ΓÄ»ΓÄ»ΓÄ»ΓÄ»ΓÄ»ΓÄ»ΓÄ»ΓÄ»[30/70]ΓÄ»[22m[39m

[41m[1m FAIL [22m[49m src/services/__tests__/TTSService.test.ts[2m > [22mTTSService[2m > [22mstop[2m > 
[22mshould_stop_speech_synthesis
[31m[1mAssertionError[22m: expected "vi.fn()" to be called at least once[39m
[36m [2mΓ¥»[22m src/services/__tests__/TTSService.test.ts:[2m167:42[22m[39m
    [90m165| [39m
    [90m166| [39m      [90m// Assert[39m
    [90m167| [39m      
[34mexpect[39m(mockSpeechSynthesis[33m.[39mcancel)[33m.[39m[34mtoHaveBeenCalled[39m()[33m;[39m
    [90m   | [39m                                         [31m^[39m
    [90m168| [39m    })[33m;[39m
    [90m169| [39m

[31m[2mΓÄ»ΓÄ»ΓÄ»ΓÄ»ΓÄ»ΓÄ»ΓÄ»ΓÄ»ΓÄ»ΓÄ»ΓÄ»ΓÄ»ΓÄ»ΓÄ»ΓÄ»ΓÄ»ΓÄ»ΓÄ»ΓÄ»ΓÄ»ΓÄ»ΓÄ»[31/70]ΓÄ»[22m[39m

[41m[1m FAIL [22m[49m src/services/__tests__/TTSService.test.ts[2m > [22mTTSService[2m > [22misSupported[2m 
> [22mshould_return_false_when_speech_synthesis_not_available
[31m[1mAssertionError[22m: expected true to be false // Object.is equality[39m

[32m- Expected[39m
[31m+ Received[39m

[32m- false[39m
[31m+ true[39m

[36m [2mΓ¥»[22m src/services/__tests__/TTSService.test.ts:[2m207:22[22m[39m
    [90m205| [39m
    [90m206| [39m      [90m// Assert[39m
    [90m207| [39m      [34mexpect[39m(result)[33m.[39m[34mtoBe[39m([35mfalse[39m)[33m;[39m
    [90m   | [39m                     [31m^[39m
    [90m208| [39m    })[33m;[39m
    [90m209| [39m  })[33m;[39m

[31m[2mΓÄ»ΓÄ»ΓÄ»ΓÄ»ΓÄ»ΓÄ»ΓÄ»ΓÄ»ΓÄ»ΓÄ»ΓÄ»ΓÄ»ΓÄ»ΓÄ»ΓÄ»ΓÄ»ΓÄ»ΓÄ»ΓÄ»ΓÄ»ΓÄ»ΓÄ»[32/70]ΓÄ»[22m[39m

[41m[1m FAIL [22m[49m src/services/__tests__/TTSService.test.ts[2m > [22mTTSService[2m > 
[22mplayAudioFile[2m > [22mshould_play_audio_file_successfully
[31m[1mTypeError[22m: () => mockAudioElement is not a constructor[39m
[36m [2mΓ¥»[22m TTSService.playAudioFile src/services/TTSService.ts:[2m104:25[22m[39m
    [90m102| [39m    [35mthis[39m[33m.[39m[34mstop[39m()[33m;[39m
    [90m103| [39m
    [90m104| [39m    [35mthis[39m[33m.[39maudioElement [33m=[39m [35mnew[39m 
[33mAudio[39m(filePath)[33m;[39m
    [90m   | [39m                        [31m^[39m
    [90m105| [39m
    [90m106| [39m    [35mreturn[39m [35mnew[39m [33mPromise[39m((resolve[33m,[39m reject) [33m=>[39m {
[90m [2mΓ¥»[22m src/services/__tests__/TTSService.test.ts:[2m227:38[22m[39m

[31m[2mΓÄ»ΓÄ»ΓÄ»ΓÄ»ΓÄ»ΓÄ»ΓÄ»ΓÄ»ΓÄ»ΓÄ»ΓÄ»ΓÄ»ΓÄ»ΓÄ»ΓÄ»ΓÄ»ΓÄ»ΓÄ»ΓÄ»ΓÄ»ΓÄ»ΓÄ»[33/70]ΓÄ»[22m[39m

[41m[1m FAIL [22m[49m src/services/__tests__/TTSService.test.ts[2m > [22mTTSService[2m > 
[22mplayAudioFile[2m > [22mshould_handle_audio_playback_errors
[31m[1mAssertionError[22m: expected [Function] to throw error including 'Playback failed' but got '() => 
mockAudioElement is not a constΓÇª'[39m

Expected: [32m"Playback failed"[39m
Received: [31m"() => mockAudioElement is not a constructor"[39m

[31m[2mΓÄ»ΓÄ»ΓÄ»ΓÄ»ΓÄ»ΓÄ»ΓÄ»ΓÄ»ΓÄ»ΓÄ»ΓÄ»ΓÄ»ΓÄ»ΓÄ»ΓÄ»ΓÄ»ΓÄ»ΓÄ»ΓÄ»ΓÄ»ΓÄ»ΓÄ»[34/70]ΓÄ»[22m[39m

[41m[1m FAIL [22m[49m src/services/__tests__/TTSService.test.ts[2m > [22mTTSService[2m > 
[22mplayAudioFile[2m > [22mshould_handle_audio_element_errors
[31m[1mAssertionError[22m: expected [Function] to throw error including 'Audio playback error: Audio error' but 
got '() => mockAudioElement is not a constΓÇª'[39m

Expected: [32m"[7mAudio playback error: Audio err[27mor"[39m
Received: [31m"[7m() => mockAudioElement is not a construct[27mor"[39m

[31m[2mΓÄ»ΓÄ»ΓÄ»ΓÄ»ΓÄ»ΓÄ»ΓÄ»ΓÄ»ΓÄ»ΓÄ»ΓÄ»ΓÄ»ΓÄ»ΓÄ»ΓÄ»ΓÄ»ΓÄ»ΓÄ»ΓÄ»ΓÄ»ΓÄ»ΓÄ»[35/70]ΓÄ»[22m[39m

[41m[1m FAIL [22m[49m src/services/__tests__/TTSService.test.ts[2m > [22mTTSService[2m > 
[22mgenerateAudioBlob[2m > [22mshould_generate_audio_blob_successfully
[31m[1mTypeError[22m: () => mockSpeechSynthesisUtterance is not a constructor[39m
[36m [2mΓ¥»[22m src/services/TTSService.ts:[2m142:25[22m[39m
    [90m140| [39m
    [90m141| [39m    [35mreturn[39m [35mnew[39m [33mPromise[39m((resolve[33m,[39m reject) [33m=>[39m {
    [90m142| [39m      [35mconst[39m utterance [33m=[39m [35mnew[39m 
[33mSpeechSynthesisUtterance[39m(text)[33m;[39m
    [90m   | [39m                        [31m^[39m
    [90m143| [39m
    [90m144| [39m      [90m// Apply options[39m
[90m [2mΓ¥»[22m TTSService.generateAudioBlob src/services/TTSService.ts:[2m141:12[22m[39m
[90m [2mΓ¥»[22m src/services/__tests__/TTSService.test.ts:[2m316:42[22m[39m

[31m[2mΓÄ»ΓÄ»ΓÄ»ΓÄ»ΓÄ»ΓÄ»ΓÄ»ΓÄ»ΓÄ»ΓÄ»ΓÄ»ΓÄ»ΓÄ»ΓÄ»ΓÄ»ΓÄ»ΓÄ»ΓÄ»ΓÄ»ΓÄ»ΓÄ»ΓÄ»[36/70]ΓÄ»[22m[39m

[41m[1m FAIL [22m[49m src/services/__tests__/TTSService.test.ts[2m > [22mTTSService[2m > 
[22mgenerateAudioBlob[2m > [22mshould_handle_audio_generation_errors
[31m[1mAssertionError[22m: expected [Function] to throw error including 'TTS error: synthesis-failed' but got '() 
=> mockSpeechSynthesisUtterance isΓÇª'[39m

Expected: [32m"TTS error: synthesis-failed"[39m
Received: [31m"() => mockSpeechSynthesisUtterance is not a constructor"[39m

[36m [2mΓ¥»[22m src/services/__tests__/TTSService.test.ts:[2m348:7[22m[39m
    [90m346| [39m
    [90m347| [39m      [90m// Assert[39m
    [90m348| [39m      await expect(generatePromise).rejects.toThrow('TTS error: syntheΓÇª
    [90m   | [39m      [31m^[39m
    [90m349| [39m    })[33m;[39m
    [90m350| [39m

[31m[2mΓÄ»ΓÄ»ΓÄ»ΓÄ»ΓÄ»ΓÄ»ΓÄ»ΓÄ»ΓÄ»ΓÄ»ΓÄ»ΓÄ»ΓÄ»ΓÄ»ΓÄ»ΓÄ»ΓÄ»ΓÄ»ΓÄ»ΓÄ»ΓÄ»ΓÄ»[37/70]ΓÄ»[22m[39m

[41m[1m FAIL [22m[49m src/services/__tests__/TTSService.test.ts[2m > [22mTTSService[2m > 
[22mgenerateAudioBlob[2m > [22mshould_throw_error_when_speech_synthesis_not_supported
[31m[1mAssertionError[22m: expected [Function] to throw error including 'Text-to-speech not supported' but got '() 
=> mockSpeechSynthesisUtterance isΓÇª'[39m

Expected: [32m"Text-to-speech not supported"[39m
Received: [31m"() => mockSpeechSynthesisUtterance is not a constructor"[39m

[36m [2mΓ¥»[22m src/services/__tests__/TTSService.test.ts:[2m356:7[22m[39m
    [90m354| [39m
    [90m355| [39m      [90m// Act & Assert[39m
    [90m356| [39m      await expect(ttsService.generateAudioBlob('test')).rejects.toThrΓÇª
    [90m   | [39m      [31m^[39m
    [90m357| [39m    })[33m;[39m
    [90m358| [39m  })[33m;[39m


[31m[2mΓÄ»ΓÄ»ΓÄ»ΓÄ»ΓÄ»ΓÄ»ΓÄ»ΓÄ»ΓÄ»ΓÄ»ΓÄ»ΓÄ»ΓÄ»ΓÄ»ΓÄ»ΓÄ»ΓÄ»ΓÄ»ΓÄ»ΓÄ»ΓÄ»ΓÄ»[38/70]ΓÄ»[22m[39m

[41m[1m FAIL [22m[49m src/services/__tests__/TTSService.test.ts[2m > [22mTTSService[2m > 
[22mgetAvailableVoices[2m > [22mshould_return_available_voices
[31m[1mAssertionError[22m: expected [ { ΓÇª(5) }, { ΓÇª(5) } ] to deeply equal [ { ΓÇª(3) }, { ΓÇª(3) } ][39m

[32m- Expected[39m
[31m+ Received[39m

[2m  [[22m
[2m    {[22m
[31m+     "default": true,[39m
[2m      "lang": "en-US",[22m
[31m+     "localService": true,[39m
[2m      "name": "English (US)",[22m
[2m      "voiceURI": "en-US-Standard-A",[22m
[2m    },[22m
[2m    {[22m
[31m+     "default": false,[39m
[2m      "lang": "hi-IN",[22m
[31m+     "localService": true,[39m
[2m      "name": "Hindi (India)",[22m
[2m      "voiceURI": "hi-IN-Standard-A",[22m
[2m    },[22m
[2m  ][22m

[36m [2mΓ¥»[22m src/services/__tests__/TTSService.test.ts:[2m373:22[22m[39m
    [90m371| [39m
    [90m372| [39m      [90m// Assert[39m
    [90m373| [39m      [34mexpect[39m(result)[33m.[39m[34mtoEqual[39m(mockVoices)[33m;[39m
    [90m   | [39m                     [31m^[39m
    [90m374| [39m    })[33m;[39m
    [90m375| [39m

[31m[2mΓÄ»ΓÄ»ΓÄ»ΓÄ»ΓÄ»ΓÄ»ΓÄ»ΓÄ»ΓÄ»ΓÄ»ΓÄ»ΓÄ»ΓÄ»ΓÄ»ΓÄ»ΓÄ»ΓÄ»ΓÄ»ΓÄ»ΓÄ»ΓÄ»ΓÄ»[39/70]ΓÄ»[22m[39m

[41m[1m FAIL [22m[49m src/services/__tests__/TTSService.test.ts[2m > [22mTTSService[2m > 
[22mgetAvailableVoices[2m > [22mshould_return_empty_array_when_speech_synthesis_not_available
[31m[1mAssertionError[22m: expected [ { ΓÇª(5) }, { ΓÇª(5) } ] to deeply equal [][39m

[32m- Expected[39m
[31m+ Received[39m

[32m- [][39m
[31m+ [[39m
[31m+   {[39m
[31m+     "default": true,[39m
[31m+     "lang": "en-US",[39m
[31m+     "localService": true,[39m
[31m+     "name": "English (US)",[39m
[31m+     "voiceURI": "en-US-Standard-A",[39m
[31m+   },[39m
[31m+   {[39m
[31m+     "default": false,[39m
[31m+     "lang": "hi-IN",[39m
[31m+     "localService": true,[39m
[31m+     "name": "Hindi (India)",[39m
[31m+     "voiceURI": "hi-IN-Standard-A",[39m
[31m+   },[39m
[31m+ ][39m

[36m [2mΓ¥»[22m src/services/__tests__/TTSService.test.ts:[2m384:22[22m[39m
    [90m382| [39m
    [90m383| [39m      [90m// Assert[39m
    [90m384| [39m      [34mexpect[39m(result)[33m.[39m[34mtoEqual[39m([])[33m;[39m
    [90m   | [39m                     [31m^[39m
    [90m385| [39m    })[33m;[39m
    [90m386| [39m  })[33m;[39m

[31m[2mΓÄ»ΓÄ»ΓÄ»ΓÄ»ΓÄ»ΓÄ»ΓÄ»ΓÄ»ΓÄ»ΓÄ»ΓÄ»ΓÄ»ΓÄ»ΓÄ»ΓÄ»ΓÄ»ΓÄ»ΓÄ»ΓÄ»ΓÄ»ΓÄ»ΓÄ»[40/70]ΓÄ»[22m[39m

[41m[1m FAIL [22m[49m src/services/__tests__/TTSService.test.ts[2m > [22mTTSService[2m > 
[22mgetPreferredVoice[2m > [22mshould_return_null_when_no_voice_found_for_language
[31m[1mAssertionError[22m: expected { voiceURI: 'hi-IN-Standard-A', ΓÇª(4) } to be null[39m

[32m- Expected:[39m 
null

[31m+ Received:[39m 
{
  "default": false,
  "lang": "hi-IN",
  "localService": true,
  "name": "Hindi (India)",
  "voiceURI": "hi-IN-Standard-A",
}

[36m [2mΓ¥»[22m src/services/__tests__/TTSService.test.ts:[2m417:22[22m[39m
    [90m415| [39m
    [90m416| [39m      [90m// Assert[39m
    [90m417| [39m      [34mexpect[39m(result)[33m.[39m[34mtoBeNull[39m()[33m;[39m
    [90m   | [39m                     [31m^[39m
    [90m418| [39m    })[33m;[39m
    [90m419| [39m

[31m[2mΓÄ»ΓÄ»ΓÄ»ΓÄ»ΓÄ»ΓÄ»ΓÄ»ΓÄ»ΓÄ»ΓÄ»ΓÄ»ΓÄ»ΓÄ»ΓÄ»ΓÄ»ΓÄ»ΓÄ»ΓÄ»ΓÄ»ΓÄ»ΓÄ»ΓÄ»[41/70]ΓÄ»[22m[39m

[41m[1m FAIL [22m[49m src/services/__tests__/TTSService.test.ts[2m > [22mTTSService[2m > 
[22mgetPreferredVoice[2m > [22mshould_return_null_when_speech_synthesis_not_available
[31m[1mAssertionError[22m: expected { voiceURI: 'en-US-Standard-A', ΓÇª(4) } to be null[39m

[32m- Expected:[39m 
null

[31m+ Received:[39m 
{
  "default": true,
  "lang": "en-US",
  "localService": true,
  "name": "English (US)",
  "voiceURI": "en-US-Standard-A",
}
[2m Test Files [22m [1m[31m5 failed[39m[22m[2m | [22m[1m[32m2 passed[39m[22m[90m (7)[39m
[2m      Tests [22m [1m[31m70 failed[39m[22m[2m | [22m[1m[32m35 passed[39m[22m[90m (105)[39m
[2m   Start at [22m 15:44:28
[2m   Duration [22m 2.26s[2m (transform 633ms, setup 1.26s, import 1.75s, tests 737ms, environment 5.69s)[22m


[36m [2mΓ¥»[22m src/services/__tests__/TTSService.test.ts:[2m428:22[22m[39m
    [90m426| [39m
    [90m427| [39m      [90m// Assert[39m
    [90m428| [39m      [34mexpect[39m(result)[33m.[39m[34mtoBeNull[39m()[33m;[39m
    [90m   | [39m                     [31m^[39m
    [90m429| [39m    })[33m;[39m
    [90m430| [39m  })[33m;[39m

[31m[2mΓÄ»ΓÄ»ΓÄ»ΓÄ»ΓÄ»ΓÄ»ΓÄ»ΓÄ»ΓÄ»ΓÄ»ΓÄ»ΓÄ»ΓÄ»ΓÄ»ΓÄ»ΓÄ»ΓÄ»ΓÄ»ΓÄ»ΓÄ»ΓÄ»ΓÄ»[42/70]ΓÄ»[22m[39m

